ARM Linker, 5.03 [Build 76] [MDK-ARM Lite]

==============================================================================

Section Cross References

    startup.o(RESET) refers to startup.o(STACK) for StackMem
    startup.o(RESET) refers to uart.o(i.UART0_Handler) for UART0_Handler
    startup.o(RESET) refers to esp8266.o(i.UART1_Handler) for UART1_Handler
    startup.o(RESET) refers to timer2.o(i.Timer2A_Handler) for Timer2A_Handler
    startup.o(RESET) refers to entry.o(.ARM.Collect$$$$00000000) for __main
    main.o(i.castBallot) refers to esp8266.o(i.ESP8266_MakeTCPConnection) for ESP8266_MakeTCPConnection
    main.o(i.castBallot) refers to led.o(i.LED_GreenOn) for LED_GreenOn
    main.o(i.castBallot) refers to esp8266.o(i.ESP8266_SendTCP) for ESP8266_SendTCP
    main.o(i.castBallot) refers to lcd.o(i.ErrorScreenInit) for ErrorScreenInit
    main.o(i.castBallot) refers to esp8266.o(i.ESP8266_CloseTCPConnection) for ESP8266_CloseTCPConnection
    main.o(i.castBallot) refers to led.o(i.LED_GreenOff) for LED_GreenOff
    main.o(i.castBallot) refers to main.o(.data) for inputPin
    main.o(i.isPinValid) refers to esp8266.o(i.ESP8266_GetStatus) for ESP8266_GetStatus
    main.o(i.isPinValid) refers to esp8266.o(i.ESP8266_MakeTCPConnection) for ESP8266_MakeTCPConnection
    main.o(i.isPinValid) refers to led.o(i.LED_GreenOn) for LED_GreenOn
    main.o(i.isPinValid) refers to esp8266.o(i.ESP8266_SendTCP) for ESP8266_SendTCP
    main.o(i.isPinValid) refers to lcd.o(i.ErrorScreenInit) for ErrorScreenInit
    main.o(i.isPinValid) refers to esp8266.o(i.ESP8266_CloseTCPConnection) for ESP8266_CloseTCPConnection
    main.o(i.isPinValid) refers to led.o(i.LED_GreenOff) for LED_GreenOff
    main.o(i.isPinValid) refers to esp8266.o(i.getServerPin) for getServerPin
    main.o(i.isPinValid) refers to strcpy.o(.text) for strcpy
    main.o(i.isPinValid) refers to main.o(.data) for GET_PIN
    main.o(i.main) refers to startup.o(.text) for DisableInterrupts
    main.o(i.main) refers to pll.o(i.PLL_Init) for PLL_Init
    main.o(i.main) refers to led.o(i.LED_Init) for LED_Init
    main.o(i.main) refers to uart.o(i.UART_Init) for UART_Init
    main.o(i.main) refers to adcswtrigger.o(i.ADC0_InitSWTriggerSeq3_Ch9) for ADC0_InitSWTriggerSeq3_Ch9
    main.o(i.main) refers to switch.o(i.PortE_Switch_Init) for PortE_Switch_Init
    main.o(i.main) refers to st7735.o(i.ST7735_InitR) for ST7735_InitR
    main.o(i.main) refers to printf3.o(i.__0printf$3) for __2printf
    main.o(i.main) refers to lcd.o(i.EnableScreenInit) for EnableScreenInit
    main.o(i.main) refers to led.o(i.LED_GreenOn) for LED_GreenOn
    main.o(i.main) refers to esp8266.o(i.ESP8266_Init) for ESP8266_Init
    main.o(i.main) refers to esp8266.o(i.ESP8266_GetVersionNumber) for ESP8266_GetVersionNumber
    main.o(i.main) refers to led.o(i.LED_GreenOff) for LED_GreenOff
    main.o(i.main) refers to lcd.o(i.PinScreenInit) for PinScreenInit
    main.o(i.main) refers to adcswtrigger.o(i.ADCPinState) for ADCPinState
    main.o(i.main) refers to lcd.o(i.UpdatePinSquare) for UpdatePinSquare
    main.o(i.main) refers to switch.o(i.Switch_Input) for Switch_Input
    main.o(i.main) refers to lcd.o(i.DrawPinInput) for DrawPinInput
    main.o(i.main) refers to lcd.o(i.PinVerifyScreen) for PinVerifyScreen
    main.o(i.main) refers to main.o(i.isPinValid) for isPinValid
    main.o(i.main) refers to lcd.o(i.SelectionScreenInit) for SelectionScreenInit
    main.o(i.main) refers to adcswtrigger.o(i.ADCRectState) for ADCRectState
    main.o(i.main) refers to lcd.o(i.SelectChoice) for SelectChoice
    main.o(i.main) refers to lcd.o(i.PinFailScreen) for PinFailScreen
    main.o(i.main) refers to switch.o(i.DelayWait10ms) for DelayWait10ms
    main.o(i.main) refers to strcpy.o(.text) for strcpy
    main.o(i.main) refers to lcd.o(i.DeselectChoice) for DeselectChoice
    main.o(i.main) refers to lcd.o(i.DeselectedBox) for DeselectedBox
    main.o(i.main) refers to lcd.o(i.DrawSelectedBox) for DrawSelectedBox
    main.o(i.main) refers to lcd.o(i.CastBallotScreen) for CastBallotScreen
    main.o(i.main) refers to main.o(.data) for currPinState
    main.o(i.main) refers to lcd.o(i.BallotSendScreen) for BallotSendScreen
    main.o(i.main) refers to main.o(i.castBallot) for castBallot
    main.o(i.main) refers to lcd.o(i.VoteSentScreen) for VoteSentScreen
    timer2.o(i.Timer2A_Handler) refers to timer2.o(.data) for PeriodicTask
    timer2.o(i.Timer2_Init) refers to timer2.o(.data) for PeriodicTask
    adcswtrigger.o(i.ADCPinState) refers to adcswtrigger.o(i.ADC0_InSeq3) for ADC0_InSeq3
    adcswtrigger.o(i.ADCRectState) refers to adcswtrigger.o(i.ADC0_InSeq3) for ADC0_InSeq3
    st7735.o(i.Output_Clear) refers to st7735.o(i.ST7735_FillScreen) for ST7735_FillScreen
    st7735.o(i.Output_Color) refers to st7735.o(i.ST7735_SetTextColor) for ST7735_SetTextColor
    st7735.o(i.Output_Off) refers to st7735.o(i.Output_Clear) for Output_Clear
[...]
    uart.o(i.UART_OutChar) refers to uart.o(i.TxFifo_Put) for TxFifo_Put
    uart.o(i.UART_OutChar) refers to uart.o(i.copySoftwareToHardware) for copySoftwareToHardware
    uart.o(i.UART_OutCharNonBlock) refers to uart.o(i.TxFifo_Put) for TxFifo_Put
    uart.o(i.UART_OutCharNonBlock) refers to uart.o(i.copySoftwareToHardware) for copySoftwareToHardware
    uart.o(i.UART_OutString) refers to uart.o(i.UART_OutChar) for UART_OutChar
    uart.o(i.UART_OutUDec) refers to uart.o(i.UART_OutChar) for UART_OutChar
    uart.o(i.UART_OutUHex) refers to uart.o(i.UART_OutChar) for UART_OutChar
    uart.o(i.copyHardwareToSoftware) refers to uart.o(i.RxFifo_Put) for RxFifo_Put
    uart.o(i.copyHardwareToSoftware) refers to uart.o(i.RxFifo_Size) for RxFifo_Size
    uart.o(i.copySoftwareToHardware) refers to uart.o(i.TxFifo_Get) for TxFifo_Get
    uart.o(i.copySoftwareToHardware) refers to uart.o(i.TxFifo_Size) for TxFifo_Size
    uart.o(i.fputc) refers to uart.o(i.UART_OutChar) for UART_OutChar
    entry.o(.ARM.Collect$$$$00000000) refers (Special) to entry10a.o(.ARM.Collect$$$$0000000D) for __rt_final_cpp
    entry.o(.ARM.Collect$$$$00000000) refers (Special) to entry11a.o(.ARM.Collect$$$$0000000F) for __rt_final_exit
    entry.o(.ARM.Collect$$$$00000000) refers (Special) to entry7b.o(.ARM.Collect$$$$00000008) for _main_clock
    entry.o(.ARM.Collect$$$$00000000) refers (Special) to entry8b.o(.ARM.Collect$$$$0000000A) for _main_cpp_init
    entry.o(.ARM.Collect$$$$00000000) refers (Special) to entry9a.o(.ARM.Collect$$$$0000000B) for _main_init
    entry.o(.ARM.Collect$$$$00000000) refers (Special) to entry5.o(.ARM.Collect$$$$00000004) for _main_scatterload
    entry.o(.ARM.Collect$$$$00000000) refers (Special) to entry2.o(.ARM.Collect$$$$00000001) for _main_stk
    printfb.o(i.__0fprintf$bare) refers to printfb.o(i._printf_core) for _printf_core
    printfb.o(i.__0fprintf$bare) refers to uart.o(i.fputc) for fputc
    printfb.o(i.__0printf$bare) refers to printfb.o(i._printf_core) for _printf_core
    printfb.o(i.__0printf$bare) refers to uart.o(i.fputc) for fputc
    printfb.o(i.__0printf$bare) refers to stdout.o(.data) for __stdout
    printfb.o(i.__0snprintf$bare) refers to printfb.o(i._printf_core) for _printf_core
    printfb.o(i.__0snprintf$bare) refers to printfb.o(i._snputc) for _snputc
    printfb.o(i.__0sprintf$bare) refers to printfb.o(i._printf_core) for _printf_core
    printfb.o(i.__0sprintf$bare) refers to printfb.o(i._sputc) for _sputc
    printfb.o(i.__0vfprintf$bare) refers to printfb.o(i._printf_core) for _printf_core
    printfb.o(i.__0vfprintf$bare) refers to uart.o(i.fputc) for fputc
    printfb.o(i.__0vprintf$bare) refers to printfb.o(i._printf_core) for _printf_core
    printfb.o(i.__0vprintf$bare) refers to uart.o(i.fputc) for fputc
    printfb.o(i.__0vprintf$bare) refers to stdout.o(.data) for __stdout
    printfb.o(i.__0vsnprintf$bare) refers to printfb.o(i._printf_core) for _printf_core
    printfb.o(i.__0vsnprintf$bare) refers to printfb.o(i._snputc) for _snputc
    printfb.o(i.__0vsprintf$bare) refers to printfb.o(i._printf_core) for _printf_core
    printfb.o(i.__0vsprintf$bare) refers to printfb.o(i._sputc) for _sputc
    printf0.o(i.__0fprintf$0) refers to printf0.o(i._printf_core) for _printf_core
    printf0.o(i.__0fprintf$0) refers to uart.o(i.fputc) for fputc
    printf0.o(i.__0printf$0) refers to printf0.o(i._printf_core) for _printf_core
    printf0.o(i.__0printf$0) refers to uart.o(i.fputc) for fputc
    printf0.o(i.__0printf$0) refers to stdout.o(.data) for __stdout
    printf0.o(i.__0snprintf$0) refers to printf0.o(i._printf_core) for _printf_core
    printf0.o(i.__0snprintf$0) refers to printf0.o(i._snputc) for _snputc
    printf0.o(i.__0sprintf$0) refers to printf0.o(i._printf_core) for _printf_core
    printf0.o(i.__0sprintf$0) refers to printf0.o(i._sputc) for _sputc
    printf0.o(i.__0vfprintf$0) refers to printf0.o(i._printf_core) for _printf_core
    printf0.o(i.__0vfprintf$0) refers to uart.o(i.fputc) for fputc
    printf0.o(i.__0vprintf$0) refers to printf0.o(i._printf_core) for _printf_core
    printf0.o(i.__0vprintf$0) refers to uart.o(i.fputc) for fputc
    printf0.o(i.__0vprintf$0) refers to stdout.o(.data) for __stdout
    printf0.o(i.__0vsnprintf$0) refers to printf0.o(i._printf_core) for _printf_core
    printf0.o(i.__0vsnprintf$0) refers to printf0.o(i._snputc) for _snputc
    printf0.o(i.__0vsprintf$0) refers to printf0.o(i._printf_core) for _printf_core
    printf0.o(i.__0vsprintf$0) refers to printf0.o(i._sputc) for _sputc
    printf1.o(i.__0fprintf$1) refers to printf1.o(i._printf_core) for _printf_core
    printf1.o(i.__0fprintf$1) refers to uart.o(i.fputc) for fputc
    printf1.o(i.__0printf$1) refers to printf1.o(i._printf_core) for _printf_core
    printf1.o(i.__0printf$1) refers to uart.o(i.fputc) for fputc
    printf1.o(i.__0printf$1) refers to stdout.o(.data) for __stdout
    printf1.o(i.__0snprintf$1) refers to printf1.o(i._printf_core) for _printf_core
    printf1.o(i.__0snprintf$1) refers to printf1.o(i._snputc) for _snputc
    printf1.o(i.__0sprintf$1) refers to printf1.o(i._printf_core) for _printf_core
    printf1.o(i.__0sprintf$1) refers to printf1.o(i._sputc) for _sputc
    printf1.o(i.__0vfprintf$1) refers to printf1.o(i._printf_core) for _printf_core
    printf1.o(i.__0vfprintf$1) refers to uart.o(i.fputc) for fputc
    printf1.o(i.__0vprintf$1) refers to printf1.o(i._printf_core) for _printf_core
    printf1.o(i.__0vprintf$1) refers to uart.o(i.fputc) for fputc
    printf1.o(i.__0vprintf$1) refers to stdout.o(.data) for __stdout
    printf1.o(i.__0vsnprintf$1) refers to printf1.o(i._printf_core) for _printf_core
    printf1.o(i.__0vsnprintf$1) refers to printf1.o(i._snputc) for _snputc
    printf1.o(i.__0vsprintf$1) refers to printf1.o(i._printf_core) for _printf_core
    printf1.o(i.__0vsprintf$1) refers to printf1.o(i._sputc) for _sputc
    printf1.o(i._printf_core) refers to uidiv.o(.text) for __aeabi_uidivmod
    printf2.o(i.__0fprintf$2) refers to printf2.o(i._printf_core) for _printf_core
    printf2.o(i.__0fprintf$2) refers to uart.o(i.fputc) for fputc
    printf2.o(i.__0printf$2) refers to printf2.o(i._printf_core) for _printf_core
    printf2.o(i.__0printf$2) refers to uart.o(i.fputc) for fputc
    printf2.o(i.__0printf$2) refers to stdout.o(.data) for __stdout
    printf2.o(i.__0snprintf$2) refers to printf2.o(i._printf_core) for _printf_core
    printf2.o(i.__0snprintf$2) refers to printf2.o(i._snputc) for _snputc
    printf2.o(i.__0sprintf$2) refers to printf2.o(i._printf_core) for _printf_core
    printf2.o(i.__0sprintf$2) refers to printf2.o(i._sputc) for _sputc
    printf2.o(i.__0vfprintf$2) refers to printf2.o(i._printf_core) for _printf_core
    printf2.o(i.__0vfprintf$2) refers to uart.o(i.fputc) for fputc
    printf2.o(i.__0vprintf$2) refers to printf2.o(i._printf_core) for _printf_core
    printf2.o(i.__0vprintf$2) refers to uart.o(i.fputc) for fputc
    printf2.o(i.__0vprintf$2) refers to stdout.o(.data) for __stdout
    printf2.o(i.__0vsnprintf$2) refers to printf2.o(i._printf_core) for _printf_core
    printf2.o(i.__0vsnprintf$2) refers to printf2.o(i._snputc) for _snputc
    printf2.o(i.__0vsprintf$2) refers to printf2.o(i._printf_core) for _printf_core
    printf2.o(i.__0vsprintf$2) refers to printf2.o(i._sputc) for _sputc
    printf3.o(i.__0fprintf$3) refers to printf3.o(i._printf_core) for _printf_core
    printf3.o(i.__0fprintf$3) refers to uart.o(i.fputc) for fputc
    printf3.o(i.__0printf$3) refers to printf3.o(i._printf_core) for _printf_core
    printf3.o(i.__0printf$3) refers to uart.o(i.fputc) for fputc
    printf3.o(i.__0printf$3) refers to stdout.o(.data) for __stdout
    printf3.o(i.__0snprintf$3) refers to printf3.o(i._printf_core) for _printf_core
    printf3.o(i.__0snprintf$3) refers to printf3.o(i._snputc) for _snputc
    printf3.o(i.__0sprintf$3) refers to printf3.o(i._printf_core) for _printf_core
    printf3.o(i.__0sprintf$3) refers to printf3.o(i._sputc) for _sputc
    printf3.o(i.__0vfprintf$3) refers to printf3.o(i._printf_core) for _printf_core
    printf3.o(i.__0vfprintf$3) refers to uart.o(i.fputc) for fputc
    printf3.o(i.__0vprintf$3) refers to printf3.o(i._printf_core) for _printf_core
    printf3.o(i.__0vprintf$3) refers to uart.o(i.fputc) for fputc
    printf3.o(i.__0vprintf$3) refers to stdout.o(.data) for __stdout
    printf3.o(i.__0vsnprintf$3) refers to printf3.o(i._printf_core) for _printf_core
    printf3.o(i.__0vsnprintf$3) refers to printf3.o(i._snputc) for _snputc
    printf3.o(i.__0vsprintf$3) refers to printf3.o(i._printf_core) for _printf_core
    printf3.o(i.__0vsprintf$3) refers to printf3.o(i._sputc) for _sputc
    printf3.o(i._printf_core) refers to uidiv.o(.text) for __aeabi_uidivmod
    printf4.o(i.__0fprintf$4) refers to printf4.o(i._printf_core) for _printf_core
    printf4.o(i.__0fprintf$4) refers to uart.o(i.fputc) for fputc
    printf4.o(i.__0printf$4) refers to printf4.o(i._printf_core) for _printf_core
    printf4.o(i.__0printf$4) refers to uart.o(i.fputc) for fputc
    printf4.o(i.__0printf$4) refers to stdout.o(.data) for __stdout
    printf4.o(i.__0snprintf$4) refers to printf4.o(i._printf_core) for _printf_core
    printf4.o(i.__0snprintf$4) refers to printf4.o(i._snputc) for _snputc
    printf4.o(i.__0sprintf$4) refers to printf4.o(i._printf_core) for _printf_core
    printf4.o(i.__0sprintf$4) refers to printf4.o(i._sputc) for _sputc
    printf4.o(i.__0vfprintf$4) refers to printf4.o(i._printf_core) for _printf_core
    printf4.o(i.__0vfprintf$4) refers to uart.o(i.fputc) for fputc
    printf4.o(i.__0vprintf$4) refers to printf4.o(i._printf_core) for _printf_core
    printf4.o(i.__0vprintf$4) refers to uart.o(i.fputc) for fputc
    printf4.o(i.__0vprintf$4) refers to stdout.o(.data) for __stdout
    printf4.o(i.__0vsnprintf$4) refers to printf4.o(i._printf_core) for _printf_core
    printf4.o(i.__0vsnprintf$4) refers to printf4.o(i._snputc) for _snputc
    printf4.o(i.__0vsprintf$4) refers to printf4.o(i._printf_core) for _printf_core
    printf4.o(i.__0vsprintf$4) refers to printf4.o(i._sputc) for _sputc
    printf4.o(i._printf_core) refers to uldiv.o(.text) for __aeabi_uldivmod
    printf5.o(i.__0fprintf$5) refers to printf5.o(i._printf_core) for _printf_core
    printf5.o(i.__0fprintf$5) refers to uart.o(i.fputc) for fputc
    printf5.o(i.__0printf$5) refers to printf5.o(i._printf_core) for _printf_core
    printf5.o(i.__0printf$5) refers to uart.o(i.fputc) for fputc
    printf5.o(i.__0printf$5) refers to stdout.o(.data) for __stdout
    printf5.o(i.__0snprintf$5) refers to printf5.o(i._printf_core) for _printf_core
    printf5.o(i.__0snprintf$5) refers to printf5.o(i._snputc) for _snputc
    printf5.o(i.__0sprintf$5) refers to printf5.o(i._printf_core) for _printf_core
    printf5.o(i.__0sprintf$5) refers to printf5.o(i._sputc) for _sputc
    printf5.o(i.__0vfprintf$5) refers to printf5.o(i._printf_core) for _printf_core
    printf5.o(i.__0vfprintf$5) refers to uart.o(i.fputc) for fputc
    printf5.o(i.__0vprintf$5) refers to printf5.o(i._printf_core) for _printf_core
    printf5.o(i.__0vprintf$5) refers to uart.o(i.fputc) for fputc
    printf5.o(i.__0vprintf$5) refers to stdout.o(.data) for __stdout
    printf5.o(i.__0vsnprintf$5) refers to printf5.o(i._printf_core) for _printf_core
    printf5.o(i.__0vsnprintf$5) refers to printf5.o(i._snputc) for _snputc
    printf5.o(i.__0vsprintf$5) refers to printf5.o(i._printf_core) for _printf_core
    printf5.o(i.__0vsprintf$5) refers to printf5.o(i._sputc) for _sputc
    printf5.o(i._printf_core) refers to uldiv.o(.text) for __aeabi_uldivmod
    printf6.o(i.__0fprintf$6) refers to printf6.o(i._printf_core) for _printf_core
    printf6.o(i.__0fprintf$6) refers to uart.o(i.fputc) for fputc
    printf6.o(i.__0printf$6) refers to printf6.o(i._printf_core) for _printf_core
    printf6.o(i.__0printf$6) refers to uart.o(i.fputc) for fputc
    printf6.o(i.__0printf$6) refers to stdout.o(.data) for __stdout
    printf6.o(i.__0snprintf$6) refers to printf6.o(i._printf_core) for _printf_core
    printf6.o(i.__0snprintf$6) refers to printf6.o(i._snputc) for _snputc
    printf6.o(i.__0sprintf$6) refers to printf6.o(i._printf_core) for _printf_core
    printf6.o(i.__0sprintf$6) refers to printf6.o(i._sputc) for _sputc
    printf6.o(i.__0vfprintf$6) refers to printf6.o(i._printf_core) for _printf_core
    printf6.o(i.__0vfprintf$6) refers to uart.o(i.fputc) for fputc
    printf6.o(i.__0vprintf$6) refers to printf6.o(i._printf_core) for _printf_core
    printf6.o(i.__0vprintf$6) refers to uart.o(i.fputc) for fputc
    printf6.o(i.__0vprintf$6) refers to stdout.o(.data) for __stdout
    printf6.o(i.__0vsnprintf$6) refers to printf6.o(i._printf_core) for _printf_core
    printf6.o(i.__0vsnprintf$6) refers to printf6.o(i._snputc) for _snputc
    printf6.o(i.__0vsprintf$6) refers to printf6.o(i._printf_core) for _printf_core
    printf6.o(i.__0vsprintf$6) refers to printf6.o(i._sputc) for _sputc
    printf6.o(i._printf_core) refers to printf6.o(i._printf_pre_padding) for _printf_pre_padding
    printf6.o(i._printf_core) refers to uidiv.o(.text) for __aeabi_uidivmod
    printf6.o(i._printf_core) refers to printf6.o(i._printf_post_padding) for _printf_post_padding
    printf7.o(i.__0fprintf$7) refers to printf7.o(i._printf_core) for _printf_core
    printf7.o(i.__0fprintf$7) refers to uart.o(i.fputc) for fputc
    printf7.o(i.__0printf$7) refers to printf7.o(i._printf_core) for _printf_core
    printf7.o(i.__0printf$7) refers to uart.o(i.fputc) for fputc
    printf7.o(i.__0printf$7) refers to stdout.o(.data) for __stdout
    printf7.o(i.__0snprintf$7) refers to printf7.o(i._printf_core) for _printf_core
    printf7.o(i.__0snprintf$7) refers to printf7.o(i._snputc) for _snputc
    printf7.o(i.__0sprintf$7) refers to printf7.o(i._printf_core) for _printf_core
    printf7.o(i.__0sprintf$7) refers to printf7.o(i._sputc) for _sputc
    printf7.o(i.__0vfprintf$7) refers to printf7.o(i._printf_core) for _printf_core
    printf7.o(i.__0vfprintf$7) refers to uart.o(i.fputc) for fputc
    printf7.o(i.__0vprintf$7) refers to printf7.o(i._printf_core) for _printf_core
    printf7.o(i.__0vprintf$7) refers to uart.o(i.fputc) for fputc
    printf7.o(i.__0vprintf$7) refers to stdout.o(.data) for __stdout
    printf7.o(i.__0vsnprintf$7) refers to printf7.o(i._printf_core) for _printf_core
    printf7.o(i.__0vsnprintf$7) refers to printf7.o(i._snputc) for _snputc
    printf7.o(i.__0vsprintf$7) refers to printf7.o(i._printf_core) for _printf_core
    printf7.o(i.__0vsprintf$7) refers to printf7.o(i._sputc) for _sputc
    printf7.o(i._printf_core) refers to printf7.o(i._printf_pre_padding) for _printf_pre_padding
    printf7.o(i._printf_core) refers to uldiv.o(.text) for __aeabi_uldivmod
    printf7.o(i._printf_core) refers to printf7.o(i._printf_post_padding) for _printf_post_padding
    printf8.o(i.__0fprintf$8) refers to printf8.o(i._printf_core) for _printf_core
    printf8.o(i.__0fprintf$8) refers to uart.o(i.fputc) for fputc
    printf8.o(i.__0printf$8) refers to printf8.o(i._printf_core) for _printf_core
    printf8.o(i.__0printf$8) refers to uart.o(i.fputc) for fputc
    printf8.o(i.__0printf$8) refers to stdout.o(.data) for __stdout
    printf8.o(i.__0snprintf$8) refers to printf8.o(i._printf_core) for _printf_core
    printf8.o(i.__0snprintf$8) refers to printf8.o(i._snputc) for _snputc
    printf8.o(i.__0sprintf$8) refers to printf8.o(i._printf_core) for _printf_core
    printf8.o(i.__0sprintf$8) refers to printf8.o(i._sputc) for _sputc
    printf8.o(i.__0vfprintf$8) refers to printf8.o(i._printf_core) for _printf_core
    printf8.o(i.__0vfprintf$8) refers to uart.o(i.fputc) for fputc
    printf8.o(i.__0vprintf$8) refers to printf8.o(i._printf_core) for _printf_core
    printf8.o(i.__0vprintf$8) refers to uart.o(i.fputc) for fputc
    printf8.o(i.__0vprintf$8) refers to stdout.o(.data) for __stdout
    printf8.o(i.__0vsnprintf$8) refers to printf8.o(i._printf_core) for _printf_core
    printf8.o(i.__0vsnprintf$8) refers to printf8.o(i._snputc) for _snputc
    printf8.o(i.__0vsprintf$8) refers to printf8.o(i._printf_core) for _printf_core
    printf8.o(i.__0vsprintf$8) refers to printf8.o(i._sputc) for _sputc
    printf8.o(i._printf_core) refers to printf8.o(i._printf_pre_padding) for _printf_pre_padding
    printf8.o(i._printf_core) refers to uldiv.o(.text) for __aeabi_uldivmod
    printf8.o(i._printf_core) refers to printf8.o(i._printf_post_padding) for _printf_post_padding
    printfa.o(i.__0fprintf) refers (Special) to iusefp.o(.text) for __I$use$fp
    printfa.o(i.__0fprintf) refers to printfa.o(i._printf_core) for _printf_core
    printfa.o(i.__0fprintf) refers to uart.o(i.fputc) for fputc
    printfa.o(i.__0printf) refers (Special) to iusefp.o(.text) for __I$use$fp
    printfa.o(i.__0printf) refers to printfa.o(i._printf_core) for _printf_core
    printfa.o(i.__0printf) refers to uart.o(i.fputc) for fputc
    printfa.o(i.__0printf) refers to stdout.o(.data) for __stdout
    printfa.o(i.__0snprintf) refers (Special) to iusefp.o(.text) for __I$use$fp
    printfa.o(i.__0snprintf) refers to printfa.o(i._printf_core) for _printf_core
    printfa.o(i.__0snprintf) refers to printfa.o(i._snputc) for _snputc
    printfa.o(i.__0sprintf) refers (Special) to iusefp.o(.text) for __I$use$fp
    printfa.o(i.__0sprintf) refers to printfa.o(i._printf_core) for _printf_core
    printfa.o(i.__0sprintf) refers to printfa.o(i._sputc) for _sputc
    printfa.o(i.__0vfprintf) refers (Special) to iusefp.o(.text) for __I$use$fp
    printfa.o(i.__0vfprintf) refers to printfa.o(i._printf_core) for _printf_core
    printfa.o(i.__0vfprintf) refers to uart.o(i.fputc) for fputc
    printfa.o(i.__0vprintf) refers (Special) to iusefp.o(.text) for __I$use$fp
    printfa.o(i.__0vprintf) refers to printfa.o(i._printf_core) for _printf_core
    printfa.o(i.__0vprintf) refers to uart.o(i.fputc) for fputc
    printfa.o(i.__0vprintf) refers to stdout.o(.data) for __stdout
    printfa.o(i.__0vsnprintf) refers (Special) to iusefp.o(.text) for __I$use$fp
    printfa.o(i.__0vsnprintf) refers to printfa.o(i._printf_core) for _printf_core
    printfa.o(i.__0vsnprintf) refers to printfa.o(i._snputc) for _snputc
    printfa.o(i.__0vsprintf) refers (Special) to iusefp.o(.text) for __I$use$fp
    printfa.o(i.__0vsprintf) refers to printfa.o(i._printf_core) for _printf_core
    printfa.o(i.__0vsprintf) refers to printfa.o(i._sputc) for _sputc
    printfa.o(i._fp_digits) refers (Special) to iusefp.o(.text) for __I$use$fp
    printfa.o(i._fp_digits) refers to dmul.o(.text) for __aeabi_dmul
    printfa.o(i._fp_digits) refers to ddiv.o(.text) for __aeabi_ddiv
    printfa.o(i._fp_digits) refers to cdrcmple.o(.text) for __aeabi_cdrcmple
    printfa.o(i._fp_digits) refers to dadd.o(.text) for __aeabi_dadd
    printfa.o(i._fp_digits) refers to dfixul.o(.text) for __aeabi_d2ulz
    printfa.o(i._fp_digits) refers to uldiv.o(.text) for __aeabi_uldivmod
    printfa.o(i._printf_core) refers (Special) to iusefp.o(.text) for __I$use$fp
    printfa.o(i._printf_core) refers to printfa.o(i._printf_pre_padding) for _printf_pre_padding
    printfa.o(i._printf_core) refers to uldiv.o(.text) for __aeabi_uldivmod
    printfa.o(i._printf_core) refers to printfa.o(i._printf_post_padding) for _printf_post_padding
    printfa.o(i._printf_core) refers to printfa.o(i._fp_digits) for _fp_digits
    printfa.o(i._printf_core) refers to uidiv.o(.text) for __aeabi_uidivmod
    printfa.o(i._printf_post_padding) refers (Special) to iusefp.o(.text) for __I$use$fp
    printfa.o(i._printf_pre_padding) refers (Special) to iusefp.o(.text) for __I$use$fp
    printfa.o(i._snputc) refers (Special) to iusefp.o(.text) for __I$use$fp
    printfa.o(i._sputc) refers (Special) to iusefp.o(.text) for __I$use$fp
    entry2.o(.ARM.Collect$$$$00000001) refers to entry2.o(.ARM.Collect$$$$00002712) for __lit__00000000
    entry2.o(.ARM.Collect$$$$00002712) refers to startup.o(STACK) for __initial_sp
    entry2.o(__vectab_stack_and_reset_area) refers to startup.o(STACK) for __initial_sp
    entry2.o(__vectab_stack_and_reset_area) refers to entry.o(.ARM.Collect$$$$00000000) for __main
    entry5.o(.ARM.Collect$$$$00000004) refers to init.o(.text) for __scatterload
    entry9a.o(.ARM.Collect$$$$0000000B) refers to main.o(i.main) for main
    entry9b.o(.ARM.Collect$$$$0000000C) refers to main.o(i.main) for main
    uldiv.o(.text) refers to llushr.o(.text) for __aeabi_llsr
    uldiv.o(.text) refers to llshl.o(.text) for __aeabi_llsl
    dadd.o(.text) refers to llshl.o(.text) for __aeabi_llsl
    dadd.o(.text) refers to llsshr.o(.text) for __aeabi_lasr
    dadd.o(.text) refers to depilogue.o(.text) for _double_epilogue
    dmul.o(.text) refers to depilogue.o(.text) for _double_epilogue
    ddiv.o(.text) refers to depilogue.o(.text) for _double_round
    dfixul.o(.text) refers to llushr.o(.text) for __aeabi_llsr
    dfixul.o(.text) refers to llshl.o(.text) for __aeabi_llsl
    init.o(.text) refers to entry5.o(.ARM.Collect$$$$00000004) for __main_after_scatterload
    depilogue.o(.text) refers to llshl.o(.text) for __aeabi_llsl
    depilogue.o(.text) refers to llushr.o(.text) for __aeabi_llsr


==============================================================================

Removing Unused input sections from the image.

    Removing startup.o(HEAP), (0 bytes).
    Removing main.o(i.UserTask), (2 bytes).
    Removing timer2.o(i.Timer2_Init), (96 bytes).
    Removing st7735.o(i.Output_Clear), (10 bytes).
    Removing st7735.o(i.Output_Color), (12 bytes).
    Removing st7735.o(i.Output_Off), (8 bytes).
    Removing st7735.o(i.Output_On), (8 bytes).
    Removing st7735.o(i.ST7735_Color565), (24 bytes).
    Removing st7735.o(i.ST7735_DrawBitmap), (288 bytes).
    Removing st7735.o(i.ST7735_DrawString), (92 bytes).
    Removing st7735.o(i.ST7735_InitB), (40 bytes).
    Removing st7735.o(i.ST7735_InvertDisplay), (22 bytes).
    Removing st7735.o(i.ST7735_OutChar), (216 bytes).
    Removing st7735.o(i.ST7735_OutString), (24 bytes).
    Removing st7735.o(i.ST7735_OutUDec), (144 bytes).
    Removing st7735.o(i.ST7735_Output_Init), (16 bytes).
    Removing st7735.o(i.ST7735_PlotBar), (88 bytes).
    Removing st7735.o(i.ST7735_PlotClear), (92 bytes).
    Removing st7735.o(i.ST7735_PlotLine), (264 bytes).
    Removing st7735.o(i.ST7735_PlotNext), (32 bytes).
    Removing st7735.o(i.ST7735_PlotNextErase), (64 bytes).
    Removing st7735.o(i.ST7735_PlotPoint), (152 bytes).
    Removing st7735.o(i.ST7735_PlotPoints), (172 bytes).
    Removing st7735.o(i.ST7735_PlotdBfs), (60 bytes).
    Removing st7735.o(i.ST7735_SetRotation), (212 bytes).
    Removing st7735.o(i.ST7735_SetTextColor), (12 bytes).
    Removing st7735.o(i.ST7735_SwapColor), (18 bytes).
    Removing st7735.o(i.ST7735_fputc), (16 bytes).
    Removing st7735.o(i.ferror), (8 bytes).
    Removing st7735.o(i.fgetc), (6 bytes).
    Removing st7735.o(i.fillmessage), (72 bytes).
    Removing st7735.o(.bss), (12 bytes).
    Removing esp8266.o(i.ESP8266ProcessInput), (148 bytes).
    Removing esp8266.o(i.ESP8266_ConfigureAccessPoint), (120 bytes).
    Removing esp8266.o(i.ESP8266_DisableRXInterrupt), (12 bytes).
    Removing esp8266.o(i.ESP8266_DisableServer), (96 bytes).
    Removing esp8266.o(i.ESP8266_EnableServer), (56 bytes).
    Removing esp8266.o(i.ESP8266_GetIPAddress), (68 bytes).
    Removing esp8266.o(i.ESP8266_ListAccessPoints), (68 bytes).
    Removing esp8266.o(i.ESP8266_QuitAccessPoint), (68 bytes).
    Removing esp8266.o(i.ESP8266_SetConnectionMux), (88 bytes).
    Removing esp8266.o(i.ESP8266_SetServerTimeout), (52 bytes).
    Removing esp8266.o(i.HTTP_ServePage), (140 bytes).
    Removing esp8266.o(.constdata), (318 bytes).
    Removing uart.o(i.Output_Init), (8 bytes).
    Removing uart.o(i.RxFifo_Get), (60 bytes).
    Removing uart.o(i.UART_InChar), (20 bytes).
    Removing uart.o(i.UART_InCharNonBlock), (20 bytes).
    Removing uart.o(i.UART_InString), (70 bytes).
    Removing uart.o(i.UART_InUDec), (76 bytes).
    Removing uart.o(i.UART_InUHex), (108 bytes).
    Removing uart.o(i.UART_OutString), (24 bytes).
    Removing uart.o(i.UART_OutUDec), (42 bytes).
    Removing uart.o(i.UART_OutUHex), (52 bytes).
    Removing dadd.o(.text), (334 bytes).
    Removing dmul.o(.text), (228 bytes).
    Removing ddiv.o(.text), (222 bytes).
    Removing dfixul.o(.text), (48 bytes).
    Removing cdrcmple.o(.text), (40 bytes).
    Removing depilogue.o(.text), (190 bytes).

60 unused section(s) (total 5058 bytes) removed from the image.

==============================================================================

Image Symbol Table

    Local Symbols

    Symbol Name                              Value     Ov Type        Size  Object(Section)

    RESET                                    0x00000000   Section      644  startup.o(RESET)
    ../clib/../cmprslib/lz77c.c              0x00000000   Number         0  __dclz77c.o ABSOLUTE
    ../clib/microlib/division.c              0x00000000   Number         0  uidiv.o ABSOLUTE
    ../clib/microlib/division.c              0x00000000   Number         0  uldiv.o ABSOLUTE
    ../clib/microlib/init/entry.s            0x00000000   Number         0  entry8b.o ABSOLUTE
    ../clib/microlib/init/entry.s            0x00000000   Number         0  entry2.o ABSOLUTE
    ../clib/microlib/init/entry.s            0x00000000   Number         0  entry8a.o ABSOLUTE
    ../clib/microlib/init/entry.s            0x00000000   Number         0  entry10b.o ABSOLUTE
    ../clib/microlib/init/entry.s            0x00000000   Number         0  entry9a.o ABSOLUTE
    ../clib/microlib/init/entry.s            0x00000000   Number         0  entry11b.o ABSOLUTE
    ../clib/microlib/init/entry.s            0x00000000   Number         0  entry11a.o ABSOLUTE
    ../clib/microlib/init/entry.s            0x00000000   Number         0  entry5.o ABSOLUTE
    ../clib/microlib/init/entry.s            0x00000000   Number         0  entry10a.o ABSOLUTE
    ../clib/microlib/init/entry.s            0x00000000   Number         0  entry9b.o ABSOLUTE
    ../clib/microlib/init/entry.s            0x00000000   Number         0  entry.o ABSOLUTE
    ../clib/microlib/init/entry.s            0x00000000   Number         0  entry7a.o ABSOLUTE
    ../clib/microlib/init/entry.s            0x00000000   Number         0  entry7b.o ABSOLUTE
    ../clib/microlib/longlong.c              0x00000000   Number         0  llshl.o ABSOLUTE
    ../clib/microlib/longlong.c              0x00000000   Number         0  llsshr.o ABSOLUTE
    ../clib/microlib/longlong.c              0x00000000   Number         0  llushr.o ABSOLUTE
    ../clib/microlib/printf/printf.c         0x00000000   Number         0  printf3.o ABSOLUTE
    ../clib/microlib/printf/printf.c         0x00000000   Number         0  printf1.o ABSOLUTE
    ../clib/microlib/printf/printf.c         0x00000000   Number         0  printf0.o ABSOLUTE
    ../clib/microlib/printf/printf.c         0x00000000   Number         0  printfb.o ABSOLUTE
    ../clib/microlib/printf/printf.c         0x00000000   Number         0  printf2.o ABSOLUTE
    ../clib/microlib/printf/printf.c         0x00000000   Number         0  printf8.o ABSOLUTE
    ../clib/microlib/printf/printf.c         0x00000000   Number         0  printf7.o ABSOLUTE
    ../clib/microlib/printf/printf.c         0x00000000   Number         0  printf6.o ABSOLUTE
    ../clib/microlib/printf/printf.c         0x00000000   Number         0  printf5.o ABSOLUTE
    ../clib/microlib/printf/printf.c         0x00000000   Number         0  printf4.o ABSOLUTE
    ../clib/microlib/printf/printf.c         0x00000000   Number         0  printfa.o ABSOLUTE
    ../clib/microlib/printf/stubs.s          0x00000000   Number         0  stubs.o ABSOLUTE
    ../clib/microlib/stdio/streams.c         0x00000000   Number         0  stdout.o ABSOLUTE
    ../clib/microlib/string/memcpy.c         0x00000000   Number         0  memcpyb.o ABSOLUTE
    ../clib/microlib/string/memcpy.c         0x00000000   Number         0  memcpya.o ABSOLUTE
    ../clib/microlib/string/strcpy.c         0x00000000   Number         0  strcpy.o ABSOLUTE
    ../clib/microlib/string/strlen.c         0x00000000   Number         0  strlen.o ABSOLUTE
    ../clib/microlib/string/strstr.c         0x00000000   Number         0  strstr.o ABSOLUTE
    ../clib/microlib/stubs.s                 0x00000000   Number         0  iusefp.o ABSOLUTE
    ../fplib/microlib/fpadd.c                0x00000000   Number         0  dadd.o ABSOLUTE
    ../fplib/microlib/fpdiv.c                0x00000000   Number         0  ddiv.o ABSOLUTE
    ../fplib/microlib/fpepilogue.c           0x00000000   Number         0  depilogue.o ABSOLUTE
    ../fplib/microlib/fpfix.c                0x00000000   Number         0  dfixul.o ABSOLUTE
    ../fplib/microlib/fpmul.c                0x00000000   Number         0  dmul.o ABSOLUTE
    ADCSWTrigger.c                           0x00000000   Number         0  adcswtrigger.o ABSOLUTE
    LCD.c                                    0x00000000   Number         0  lcd.o ABSOLUTE
    LED.c                                    0x00000000   Number         0  led.o ABSOLUTE
    PLL.c                                    0x00000000   Number         0  pll.o ABSOLUTE
    ST7735.c                                 0x00000000   Number         0  st7735.o ABSOLUTE
    Switch.c                                 0x00000000   Number         0  switch.o ABSOLUTE
    Timer2.c                                 0x00000000   Number         0  timer2.o ABSOLUTE
    UART.c                                   0x00000000   Number         0  uart.o ABSOLUTE
    cdrcmple.s                               0x00000000   Number         0  cdrcmple.o ABSOLUTE
    dc.s                                     0x00000000   Number         0  dc.o ABSOLUTE
    esp8266.c                                0x00000000   Number         0  esp8266.o ABSOLUTE
    handlers.s                               0x00000000   Number         0  handlers.o ABSOLUTE
    init.s                                   0x00000000   Number         0  init.o ABSOLUTE
    main.c                                   0x00000000   Number         0  main.o ABSOLUTE
    startup.s                                0x00000000   Number         0  startup.o ABSOLUTE
    .ARM.Collect$$$$00000000                 0x00000284   Section        0  entry.o(.ARM.Collect$$$$00000000)
    .ARM.Collect$$$$00000001                 0x00000284   Section        4  entry2.o(.ARM.Collect$$$$00000001)
    .ARM.Collect$$$$00000004                 0x00000288   Section        4  entry5.o(.ARM.Collect$$$$00000004)
    .ARM.Collect$$$$00000008                 0x0000028c   Section        0  entry7b.o(.ARM.Collect$$$$00000008)
    .ARM.Collect$$$$0000000A                 0x0000028c   Section        0  entry8b.o(.ARM.Collect$$$$0000000A)
    .ARM.Collect$$$$0000000B                 0x0000028c   Section        8  entry9a.o(.ARM.Collect$$$$0000000B)
    .ARM.Collect$$$$0000000D                 0x00000294   Section        0  entry10a.o(.ARM.Collect$$$$0000000D)
    .ARM.Collect$$$$0000000F                 0x00000294   Section        0  entry11a.o(.ARM.Collect$$$$0000000F)
    .ARM.Collect$$$$00002712                 0x00000294   Section        4  entry2.o(.ARM.Collect$$$$00002712)
    __lit__00000000                          0x00000294   Data           4  entry2.o(.ARM.Collect$$$$00002712)
    .text                                    0x00000298   Section       28  startup.o(.text)
    .text                                    0x000002b4   Section        0  strlen.o(.text)
    .text                                    0x000002c2   Section        0  strcpy.o(.text)
    .text                                    0x000002d4   Section        0  uidiv.o(.text)
    .text                                    0x00000300   Section       36  init.o(.text)
    .text                                    0x00000324   Section        0  __dclz77c.o(.text)
    i.ADC0_InSeq3                            0x00000384   Section        0  adcswtrigger.o(i.ADC0_InSeq3)
    i.ADC0_InitSWTriggerSeq3_Ch9             0x000003b0   Section        0  adcswtrigger.o(i.ADC0_InitSWTriggerSeq3_Ch9)
    i.ADCPinState                            0x000004ac   Section        0  adcswtrigger.o(i.ADCPinState)
    i.ADCRectState                           0x000004c4   Section        0  adcswtrigger.o(i.ADCRectState)
    i.BallotSendScreen                       0x00000514   Section        0  lcd.o(i.BallotSendScreen)
    i.CastBallotScreen                       0x00000598   Section        0  lcd.o(i.CastBallotScreen)
    i.Delay1ms                               0x0000063c   Section        0  st7735.o(i.Delay1ms)
    i.DelayMs                                0x0000065c   Section        0  esp8266.o(i.DelayMs)
    i.DelayMsSearching                       0x0000067c   Section        0  esp8266.o(i.DelayMsSearching)
    i.DelayWait10ms                          0x000006ac   Section        0  switch.o(i.DelayWait10ms)
    i.DeselectChoice                         0x000006cc   Section        0  lcd.o(i.DeselectChoice)
    i.DeselectedBox                          0x0000072c   Section        0  lcd.o(i.DeselectedBox)
    i.DrawPinInput                           0x0000075c   Section        0  lcd.o(i.DrawPinInput)
    i.DrawSelectedBox                        0x00000798   Section        0  lcd.o(i.DrawSelectedBox)
    i.ESP8266FIFOtoBuffer                    0x000007e0   Section        0  esp8266.o(i.ESP8266FIFOtoBuffer)
    i.ESP8266SendCommand                     0x0000085c   Section        0  esp8266.o(i.ESP8266SendCommand)
    i.ESP8266_CloseTCPConnection             0x00000878   Section        0  esp8266.o(i.ESP8266_CloseTCPConnection)
    i.ESP8266_EnableRXInterrupt              0x000008c0   Section        0  esp8266.o(i.ESP8266_EnableRXInterrupt)
    i.ESP8266_GetStatus                      0x000008cc   Section        0  esp8266.o(i.ESP8266_GetStatus)
    i.ESP8266_GetVersionNumber               0x00000914   Section        0  esp8266.o(i.ESP8266_GetVersionNumber)
    i.ESP8266_Init                           0x00000958   Section        0  esp8266.o(i.ESP8266_Init)
    i.ESP8266_InitUART                       0x00000ae8   Section        0  esp8266.o(i.ESP8266_InitUART)
    i.ESP8266_JoinAccessPoint                0x00000bf8   Section        0  esp8266.o(i.ESP8266_JoinAccessPoint)
    i.ESP8266_MakeTCPConnection              0x00000c5c   Section        0  esp8266.o(i.ESP8266_MakeTCPConnection)
    i.ESP8266_PrintChar                      0x00000cc0   Section        0  esp8266.o(i.ESP8266_PrintChar)
    i.ESP8266_Reset                          0x00000cd8   Section        0  esp8266.o(i.ESP8266_Reset)
    i.ESP8266_SendTCP                        0x00000d4c   Section        0  esp8266.o(i.ESP8266_SendTCP)
    i.ESP8266_SetDataTransmissionMode        0x00000dcc   Section        0  esp8266.o(i.ESP8266_SetDataTransmissionMode)
    i.ESP8266_SetWifiMode                    0x00000e24   Section        0  esp8266.o(i.ESP8266_SetWifiMode)
    i.EnableScreenInit                       0x00000e8c   Section        0  lcd.o(i.EnableScreenInit)
    i.ErrorScreenInit                        0x00000f10   Section        0  lcd.o(i.ErrorScreenInit)
    i.LED_GreenOff                           0x00000fa0   Section        0  led.o(i.LED_GreenOff)
    i.LED_GreenOn                            0x00000fac   Section        0  led.o(i.LED_GreenOn)
    i.LED_Init                               0x00000fb8   Section        0  led.o(i.LED_Init)
    i.PLL_Init                               0x00001020   Section        0  pll.o(i.PLL_Init)
    i.PinFailScreen                          0x0000109c   Section        0  lcd.o(i.PinFailScreen)
    i.PinScreenInit                          0x00001120   Section        0  lcd.o(i.PinScreenInit)
    i.PinVerifyScreen                        0x000012a0   Section        0  lcd.o(i.PinVerifyScreen)
    i.PortE_Switch_Init                      0x0000132c   Section        0  switch.o(i.PortE_Switch_Init)
    i.RxFifo_Init                            0x00001390   Section        0  uart.o(i.RxFifo_Init)
    i.RxFifo_Put                             0x000013b4   Section        0  uart.o(i.RxFifo_Put)
    i.RxFifo_Size                            0x000013f0   Section        0  uart.o(i.RxFifo_Size)
    i.ST7735_DrawChar                        0x00001408   Section        0  st7735.o(i.ST7735_DrawChar)
    i.ST7735_DrawCharS                       0x00001514   Section        0  st7735.o(i.ST7735_DrawCharS)
    i.ST7735_DrawFastHLine                   0x00001608   Section        0  st7735.o(i.ST7735_DrawFastHLine)
    i.ST7735_DrawFastVLine                   0x00001684   Section        0  st7735.o(i.ST7735_DrawFastVLine)
    i.ST7735_DrawPixel                       0x00001700   Section        0  st7735.o(i.ST7735_DrawPixel)
    i.ST7735_DrawSquare                      0x00001748   Section        0  st7735.o(i.ST7735_DrawSquare)
    i.ST7735_DrawStringS                     0x0000178c   Section        0  st7735.o(i.ST7735_DrawStringS)
    i.ST7735_DrawStringUnfixed               0x00001830   Section        0  st7735.o(i.ST7735_DrawStringUnfixed)
    i.ST7735_FillRect                        0x00001894   Section        0  st7735.o(i.ST7735_FillRect)
    i.ST7735_FillScreen                      0x00001940   Section        0  st7735.o(i.ST7735_FillScreen)
    i.ST7735_InitR                           0x00001964   Section        0  st7735.o(i.ST7735_InitR)
    i.ST7735_SetCursor                       0x000019e0   Section        0  st7735.o(i.ST7735_SetCursor)
    i.SearchCheck                            0x00001a00   Section        0  esp8266.o(i.SearchCheck)
    i.SearchStart                            0x00001a54   Section        0  esp8266.o(i.SearchStart)
    i.SelectChoice                           0x00001a84   Section        0  lcd.o(i.SelectChoice)
    i.SelectionScreenInit                    0x00001adc   Section        0  lcd.o(i.SelectionScreenInit)
    i.ServerResponseSearchCheck              0x00001ccc   Section        0  esp8266.o(i.ServerResponseSearchCheck)
    i.ServerResponseSearchStart              0x00001da0   Section        0  esp8266.o(i.ServerResponseSearchStart)
    i.Switch_Input                           0x00001de0   Section        0  switch.o(i.Switch_Input)
    i.Timer2A_Handler                        0x00001e90   Section        0  timer2.o(i.Timer2A_Handler)
    i.TxFifo_Get                             0x00001ea8   Section        0  uart.o(i.TxFifo_Get)
    i.TxFifo_Init                            0x00001ee4   Section        0  uart.o(i.TxFifo_Init)
    i.TxFifo_Put                             0x00001f08   Section        0  uart.o(i.TxFifo_Put)
    i.TxFifo_Size                            0x00001f44   Section        0  uart.o(i.TxFifo_Size)
    i.UART0_Handler                          0x00001f5c   Section        0  uart.o(i.UART0_Handler)
    i.UART1_Handler                          0x00001fb4   Section        0  esp8266.o(i.UART1_Handler)
    i.UART_Init                              0x00001fe4   Section        0  uart.o(i.UART_Init)
    i.UART_OutChar                           0x000020ac   Section        0  uart.o(i.UART_OutChar)
    i.UART_OutCharNonBlock                   0x000020e0   Section        0  uart.o(i.UART_OutCharNonBlock)
    i.UpdatePinSquare                        0x00002114   Section        0  lcd.o(i.UpdatePinSquare)
    i.VoteSentScreen                         0x00002274   Section        0  lcd.o(i.VoteSentScreen)
    i.__0printf$3                            0x00002300   Section        0  printf3.o(i.__0printf$3)
    i.__0sprintf$3                           0x00002320   Section        0  printf3.o(i.__0sprintf$3)
    i.__scatterload_copy                     0x00002348   Section       14  handlers.o(i.__scatterload_copy)
    i.__scatterload_null                     0x00002356   Section        2  handlers.o(i.__scatterload_null)
    i.__scatterload_zeroinit                 0x00002358   Section       14  handlers.o(i.__scatterload_zeroinit)
    i._printf_core                           0x00002368   Section        0  printf3.o(i._printf_core)
    _printf_core                             0x00002369   Thumb Code   436  printf3.o(i._printf_core)
    i._sputc                                 0x00002520   Section        0  printf3.o(i._sputc)
    _sputc                                   0x00002521   Thumb Code    10  printf3.o(i._sputc)
    i.castBallot                             0x0000252c   Section        0  main.o(i.castBallot)
    i.commandList                            0x000025dc   Section        0  st7735.o(i.commandList)
    commandList                              0x000025dd   Thumb Code    86  st7735.o(i.commandList)
    i.commonInit                             0x00002634   Section        0  st7735.o(i.commonInit)
    commonInit                               0x00002635   Thumb Code   340  st7735.o(i.commonInit)
    i.copyHardwareToSoftware                 0x000027b8   Section        0  uart.o(i.copyHardwareToSoftware)
    copyHardwareToSoftware                   0x000027b9   Thumb Code    40  uart.o(i.copyHardwareToSoftware)
    i.copySoftwareToHardware                 0x000027e4   Section        0  uart.o(i.copySoftwareToHardware)
    copySoftwareToHardware                   0x000027e5   Thumb Code    38  uart.o(i.copySoftwareToHardware)
    i.fputc                                  0x00002810   Section        0  uart.o(i.fputc)
    i.getServerPin                           0x00002820   Section        0  esp8266.o(i.getServerPin)
    i.isPinValid                             0x0000287c   Section        0  main.o(i.isPinValid)
    i.lc                                     0x00002938   Section        0  esp8266.o(i.lc)
    i.main                                   0x00002948   Section        0  main.o(i.main)
    i.pushColor                              0x00002f1c   Section        0  st7735.o(i.pushColor)
    pushColor                                0x00002f1d   Thumb Code    18  st7735.o(i.pushColor)
    i.setAddrWindow                          0x00002f30   Section        0  st7735.o(i.setAddrWindow)
    setAddrWindow                            0x00002f31   Thumb Code   106  st7735.o(i.setAddrWindow)
    i.writecommand                           0x00002fa4   Section        0  st7735.o(i.writecommand)
    writecommand                             0x00002fa5   Thumb Code    40  st7735.o(i.writecommand)
    i.writedata                              0x00002fd4   Section        0  st7735.o(i.writedata)
    writedata                                0x00002fd5   Thumb Code    24  st7735.o(i.writedata)
    .constdata                               0x00002ff4   Section     2018  st7735.o(.constdata)
    Font                                     0x00002ff4   Data        1275  st7735.o(.constdata)
    Bcmd                                     0x000034ef   Data         103  st7735.o(.constdata)
    Rcmd1                                    0x00003556   Data          59  st7735.o(.constdata)
    Rcmd2green                               0x00003591   Data          13  st7735.o(.constdata)
    Rcmd2red                                 0x0000359e   Data          13  st7735.o(.constdata)
    Rcmd3                                    0x000035ab   Data          43  st7735.o(.constdata)
    .data                                    0x20000000   Section      397  main.o(.data)
    .data                                    0x20000190   Section        4  timer2.o(.data)
    .data                                    0x20000194   Section       44  st7735.o(.data)
    _width                                   0x2000019e   Data           2  st7735.o(.data)
    _height                                  0x200001a0   Data           2  st7735.o(.data)
    ColStart                                 0x200001a8   Data           1  st7735.o(.data)
    RowStart                                 0x200001a9   Data           1  st7735.o(.data)
    Rotation                                 0x200001aa   Data           1  st7735.o(.data)
    TabColor                                 0x200001ab   Data           1  st7735.o(.data)
    .data                                    0x200001c0   Section        1  switch.o(.data)
    .data                                    0x200001c4   Section       68  esp8266.o(.data)
    .data                                    0x20000208   Section      193  lcd.o(.data)
    presidentChoices                         0x20000208   Data          40  lcd.o(.data)
    vicePresidentChoices                     0x20000230   Data          30  lcd.o(.data)
    techCoreChoices                          0x2000024e   Data          30  lcd.o(.data)
    buildingChoices                          0x2000026c   Data          40  lcd.o(.data)
    petChoices                               0x20000294   Data          40  lcd.o(.data)
    .data                                    0x200002cc   Section       16  uart.o(.data)
    .data                                    0x200002dc   Section        4  stdout.o(.data)
    .bss                                     0x200002e0   Section     3104  esp8266.o(.bss)
    .bss                                     0x20000f00   Section     2048  uart.o(.bss)
    RxFifo                                   0x20000f00   Data        1024  uart.o(.bss)
    TxFifo                                   0x20001300   Data        1024  uart.o(.bss)
    STACK                                    0x20001700   Section     1024  startup.o(STACK)
    StackMem                                 0x20001700   Data           0  startup.o(STACK)

    Global Symbols

    Symbol Name                              Value     Ov Type        Size  Object(Section)

    BuildAttributes$$THM_ISAv4$E$P$D$K$B$S$7EM$PE$A:L22UL41UL21$X:L11$S22US41US21$IEEE1$IW$USESV6$~STKCKD$USESV7$~SHL$OSPACE$ROPI$EBA8$MICROLIB$REQ8$PRES8$EABIv2 0x00000000   Number         0  anon$$obj.o ABSOLUTE
    __ARM_use_no_argv                        0x00000000   Number         0  main.o ABSOLUTE
    __Vectors                                0x00000000   Data           0  startup.o(RESET)
    _printf_a                                0x00000000   Number         0  stubs.o ABSOLUTE
    _printf_c                                0x00000000   Number         0  stubs.o ABSOLUTE
    _printf_charcount                        0x00000000   Number         0  stubs.o ABSOLUTE
    _printf_d                                0x00000000   Number         0  stubs.o ABSOLUTE
    _printf_e                                0x00000000   Number         0  stubs.o ABSOLUTE
    _printf_f                                0x00000000   Number         0  stubs.o ABSOLUTE
    _printf_flags                            0x00000000   Number         0  stubs.o ABSOLUTE
    _printf_fp_dec                           0x00000000   Number         0  stubs.o ABSOLUTE
    _printf_fp_hex                           0x00000000   Number         0  stubs.o ABSOLUTE
    _printf_g                                0x00000000   Number         0  stubs.o ABSOLUTE
    _printf_i                                0x00000000   Number         0  stubs.o ABSOLUTE
    _printf_int_dec                          0x00000000   Number         0  stubs.o ABSOLUTE
    _printf_l                                0x00000000   Number         0  stubs.o ABSOLUTE
    _printf_lc                               0x00000000   Number         0  stubs.o ABSOLUTE
    _printf_ll                               0x00000000   Number         0  stubs.o ABSOLUTE
    _printf_lld                              0x00000000   Number         0  stubs.o ABSOLUTE
    _printf_lli                              0x00000000   Number         0  stubs.o ABSOLUTE
    _printf_llo                              0x00000000   Number         0  stubs.o ABSOLUTE
    _printf_llu                              0x00000000   Number         0  stubs.o ABSOLUTE
    _printf_llx                              0x00000000   Number         0  stubs.o ABSOLUTE
    _printf_longlong_dec                     0x00000000   Number         0  stubs.o ABSOLUTE
    _printf_longlong_hex                     0x00000000   Number         0  stubs.o ABSOLUTE
    _printf_longlong_oct                     0x00000000   Number         0  stubs.o ABSOLUTE
    _printf_ls                               0x00000000   Number         0  stubs.o ABSOLUTE
    _printf_mbtowc                           0x00000000   Number         0  stubs.o ABSOLUTE
    _printf_n                                0x00000000   Number         0  stubs.o ABSOLUTE
    _printf_o                                0x00000000   Number         0  stubs.o ABSOLUTE
    _printf_p                                0x00000000   Number         0  stubs.o ABSOLUTE
    _printf_percent                          0x00000000   Number         0  stubs.o ABSOLUTE
    _printf_pre_padding                      0x00000000   Number         0  stubs.o ABSOLUTE
    _printf_return_value                     0x00000000   Number         0  stubs.o ABSOLUTE
    _printf_s                                0x00000000   Number         0  stubs.o ABSOLUTE
    _printf_sizespec                         0x00000000   Number         0  stubs.o ABSOLUTE
    _printf_str                              0x00000000   Number         0  stubs.o ABSOLUTE
    _printf_truncate_signed                  0x00000000   Number         0  stubs.o ABSOLUTE
    _printf_truncate_unsigned                0x00000000   Number         0  stubs.o ABSOLUTE
    _printf_u                                0x00000000   Number         0  stubs.o ABSOLUTE
    _printf_wc                               0x00000000   Number         0  stubs.o ABSOLUTE
    _printf_wctomb                           0x00000000   Number         0  stubs.o ABSOLUTE
    _printf_widthprec                        0x00000000   Number         0  stubs.o ABSOLUTE
    _printf_x                                0x00000000   Number         0  stubs.o ABSOLUTE
    __cpp_initialize__aeabi_                  - Undefined Weak Reference
    __cxa_finalize                            - Undefined Weak Reference
    _clock_init                               - Undefined Weak Reference
    _microlib_exit                            - Undefined Weak Reference
    Reset_Handler                            0x0000026d   Thumb Code     0  startup.o(RESET)
    NMI_Handler                              0x00000271   Thumb Code     2  startup.o(RESET)
    HardFault_Handler                        0x00000273   Thumb Code     2  startup.o(RESET)
    MemManage_Handler                        0x00000275   Thumb Code     2  startup.o(RESET)
    BusFault_Handler                         0x00000277   Thumb Code     2  startup.o(RESET)
    UsageFault_Handler                       0x00000279   Thumb Code     2  startup.o(RESET)
    SVC_Handler                              0x0000027b   Thumb Code     2  startup.o(RESET)
    DebugMon_Handler                         0x0000027d   Thumb Code     2  startup.o(RESET)
    PendSV_Handler                           0x0000027f   Thumb Code     2  startup.o(RESET)
    SysTick_Handler                          0x00000281   Thumb Code     2  startup.o(RESET)
    ADC0Seq0_Handler                         0x00000283   Thumb Code     0  startup.o(RESET)
    ADC0Seq1_Handler                         0x00000283   Thumb Code     0  startup.o(RESET)
    ADC0Seq2_Handler                         0x00000283   Thumb Code     0  startup.o(RESET)
    ADC0Seq3_Handler                         0x00000283   Thumb Code     0  startup.o(RESET)
    ADC1Seq0_Handler                         0x00000283   Thumb Code     0  startup.o(RESET)
    ADC1Seq1_Handler                         0x00000283   Thumb Code     0  startup.o(RESET)
    ADC1Seq2_Handler                         0x00000283   Thumb Code     0  startup.o(RESET)
    ADC1Seq3_Handler                         0x00000283   Thumb Code     0  startup.o(RESET)
    CAN0_Handler                             0x00000283   Thumb Code     0  startup.o(RESET)
    CAN1_Handler                             0x00000283   Thumb Code     0  startup.o(RESET)
    CAN2_Handler                             0x00000283   Thumb Code     0  startup.o(RESET)
    Comp0_Handler                            0x00000283   Thumb Code     0  startup.o(RESET)
    Comp1_Handler                            0x00000283   Thumb Code     0  startup.o(RESET)
    Comp2_Handler                            0x00000283   Thumb Code     0  startup.o(RESET)
    Ethernet_Handler                         0x00000283   Thumb Code     0  startup.o(RESET)
    ExtBus_Handler                           0x00000283   Thumb Code     0  startup.o(RESET)
    FPU_Handler                              0x00000283   Thumb Code     0  startup.o(RESET)
    Fan0_Handler                             0x00000283   Thumb Code     0  startup.o(RESET)
    FlashCtl_Handler                         0x00000283   Thumb Code     0  startup.o(RESET)
    GPIOPortA_Handler                        0x00000283   Thumb Code     0  startup.o(RESET)
    GPIOPortB_Handler                        0x00000283   Thumb Code     0  startup.o(RESET)
    GPIOPortC_Handler                        0x00000283   Thumb Code     0  startup.o(RESET)
    GPIOPortD_Handler                        0x00000283   Thumb Code     0  startup.o(RESET)
    GPIOPortE_Handler                        0x00000283   Thumb Code     0  startup.o(RESET)
    GPIOPortF_Handler                        0x00000283   Thumb Code     0  startup.o(RESET)
    GPIOPortG_Handler                        0x00000283   Thumb Code     0  startup.o(RESET)
    GPIOPortH_Handler                        0x00000283   Thumb Code     0  startup.o(RESET)
    GPIOPortJ_Handler                        0x00000283   Thumb Code     0  startup.o(RESET)
    GPIOPortK_Handler                        0x00000283   Thumb Code     0  startup.o(RESET)
    GPIOPortL_Handler                        0x00000283   Thumb Code     0  startup.o(RESET)
    GPIOPortM_Handler                        0x00000283   Thumb Code     0  startup.o(RESET)
    GPIOPortN_Handler                        0x00000283   Thumb Code     0  startup.o(RESET)
    GPIOPortP1_Handler                       0x00000283   Thumb Code     0  startup.o(RESET)
    GPIOPortP2_Handler                       0x00000283   Thumb Code     0  startup.o(RESET)
    GPIOPortP3_Handler                       0x00000283   Thumb Code     0  startup.o(RESET)
    GPIOPortP4_Handler                       0x00000283   Thumb Code     0  startup.o(RESET)
    GPIOPortP5_Handler                       0x00000283   Thumb Code     0  startup.o(RESET)
    GPIOPortP6_Handler                       0x00000283   Thumb Code     0  startup.o(RESET)
    GPIOPortP7_Handler                       0x00000283   Thumb Code     0  startup.o(RESET)
    GPIOPortP_Handler                        0x00000283   Thumb Code     0  startup.o(RESET)
    GPIOPortQ1_Handler                       0x00000283   Thumb Code     0  startup.o(RESET)
    GPIOPortQ2_Handler                       0x00000283   Thumb Code     0  startup.o(RESET)
    GPIOPortQ3_Handler                       0x00000283   Thumb Code     0  startup.o(RESET)
    GPIOPortQ4_Handler                       0x00000283   Thumb Code     0  startup.o(RESET)
    GPIOPortQ5_Handler                       0x00000283   Thumb Code     0  startup.o(RESET)
    GPIOPortQ6_Handler                       0x00000283   Thumb Code     0  startup.o(RESET)
    GPIOPortQ7_Handler                       0x00000283   Thumb Code     0  startup.o(RESET)
    GPIOPortQ_Handler                        0x00000283   Thumb Code     0  startup.o(RESET)
    GPIOPortR_Handler                        0x00000283   Thumb Code     0  startup.o(RESET)
    GPIOPortS_Handler                        0x00000283   Thumb Code     0  startup.o(RESET)
    Hibernate_Handler                        0x00000283   Thumb Code     0  startup.o(RESET)
    I2C0_Handler                             0x00000283   Thumb Code     0  startup.o(RESET)
    I2C1_Handler                             0x00000283   Thumb Code     0  startup.o(RESET)
    I2C2_Handler                             0x00000283   Thumb Code     0  startup.o(RESET)
    I2C3_Handler                             0x00000283   Thumb Code     0  startup.o(RESET)
    I2C4_Handler                             0x00000283   Thumb Code     0  startup.o(RESET)
    I2C5_Handler                             0x00000283   Thumb Code     0  startup.o(RESET)
    I2S0_Handler                             0x00000283   Thumb Code     0  startup.o(RESET)
    LPC0_Handler                             0x00000283   Thumb Code     0  startup.o(RESET)
    PECI0_Handler                            0x00000283   Thumb Code     0  startup.o(RESET)
    PWM0Fault_Handler                        0x00000283   Thumb Code     0  startup.o(RESET)
    PWM0Generator0_Handler                   0x00000283   Thumb Code     0  startup.o(RESET)
    PWM0Generator1_Handler                   0x00000283   Thumb Code     0  startup.o(RESET)
    PWM0Generator2_Handler                   0x00000283   Thumb Code     0  startup.o(RESET)
    PWM0Generator3_Handler                   0x00000283   Thumb Code     0  startup.o(RESET)
    PWM1Fault_Handler                        0x00000283   Thumb Code     0  startup.o(RESET)
    PWM1Generator0_Handler                   0x00000283   Thumb Code     0  startup.o(RESET)
    PWM1Generator1_Handler                   0x00000283   Thumb Code     0  startup.o(RESET)
    PWM1Generator2_Handler                   0x00000283   Thumb Code     0  startup.o(RESET)
    PWM1Generator3_Handler                   0x00000283   Thumb Code     0  startup.o(RESET)
    Quadrature0_Handler                      0x00000283   Thumb Code     0  startup.o(RESET)
    Quadrature1_Handler                      0x00000283   Thumb Code     0  startup.o(RESET)
    Quadrature2_Handler                      0x00000283   Thumb Code     0  startup.o(RESET)
    SSI0_Handler                             0x00000283   Thumb Code     0  startup.o(RESET)
    SSI1_Handler                             0x00000283   Thumb Code     0  startup.o(RESET)
    SSI2_Handler                             0x00000283   Thumb Code     0  startup.o(RESET)
    SSI3_Handler                             0x00000283   Thumb Code     0  startup.o(RESET)
    SysCtl_Handler                           0x00000283   Thumb Code     0  startup.o(RESET)
    Timer0A_Handler                          0x00000283   Thumb Code     0  startup.o(RESET)
    Timer0B_Handler                          0x00000283   Thumb Code     0  startup.o(RESET)
    Timer1A_Handler                          0x00000283   Thumb Code     0  startup.o(RESET)
    Timer1B_Handler                          0x00000283   Thumb Code     0  startup.o(RESET)
    Timer2B_Handler                          0x00000283   Thumb Code     0  startup.o(RESET)
    Timer3A_Handler                          0x00000283   Thumb Code     0  startup.o(RESET)
    Timer3B_Handler                          0x00000283   Thumb Code     0  startup.o(RESET)
    Timer4A_Handler                          0x00000283   Thumb Code     0  startup.o(RESET)
    Timer4B_Handler                          0x00000283   Thumb Code     0  startup.o(RESET)
    Timer5A_Handler                          0x00000283   Thumb Code     0  startup.o(RESET)
    Timer5B_Handler                          0x00000283   Thumb Code     0  startup.o(RESET)
    UART2_Handler                            0x00000283   Thumb Code     0  startup.o(RESET)
    UART3_Handler                            0x00000283   Thumb Code     0  startup.o(RESET)
    UART4_Handler                            0x00000283   Thumb Code     0  startup.o(RESET)
    UART5_Handler                            0x00000283   Thumb Code     0  startup.o(RESET)
    UART6_Handler                            0x00000283   Thumb Code     0  startup.o(RESET)
    UART7_Handler                            0x00000283   Thumb Code     0  startup.o(RESET)
    USB0_Handler                             0x00000283   Thumb Code     0  startup.o(RESET)
    WDT_Handler                              0x00000283   Thumb Code     0  startup.o(RESET)
    WideTimer0A_Handler                      0x00000283   Thumb Code     0  startup.o(RESET)
    WideTimer0B_Handler                      0x00000283   Thumb Code     0  startup.o(RESET)
    WideTimer1A_Handler                      0x00000283   Thumb Code     0  startup.o(RESET)
    WideTimer1B_Handler                      0x00000283   Thumb Code     0  startup.o(RESET)
    WideTimer2A_Handler                      0x00000283   Thumb Code     0  startup.o(RESET)
    WideTimer2B_Handler                      0x00000283   Thumb Code     0  startup.o(RESET)
    WideTimer3A_Handler                      0x00000283   Thumb Code     0  startup.o(RESET)
    WideTimer3B_Handler                      0x00000283   Thumb Code     0  startup.o(RESET)
    WideTimer4A_Handler                      0x00000283   Thumb Code     0  startup.o(RESET)
    WideTimer4B_Handler                      0x00000283   Thumb Code     0  startup.o(RESET)
    WideTimer5A_Handler                      0x00000283   Thumb Code     0  startup.o(RESET)
    WideTimer5B_Handler                      0x00000283   Thumb Code     0  startup.o(RESET)
    uDMA_Error                               0x00000283   Thumb Code     0  startup.o(RESET)
    uDMA_Handler                             0x00000283   Thumb Code     0  startup.o(RESET)
    __main                                   0x00000285   Thumb Code     0  entry.o(.ARM.Collect$$$$00000000)
    _main_stk                                0x00000285   Thumb Code     0  entry2.o(.ARM.Collect$$$$00000001)
    _main_scatterload                        0x00000289   Thumb Code     0  entry5.o(.ARM.Collect$$$$00000004)
    __main_after_scatterload                 0x0000028d   Thumb Code     0  entry5.o(.ARM.Collect$$$$00000004)
    _main_clock                              0x0000028d   Thumb Code     0  entry7b.o(.ARM.Collect$$$$00000008)
    _main_cpp_init                           0x0000028d   Thumb Code     0  entry8b.o(.ARM.Collect$$$$0000000A)
    _main_init                               0x0000028d   Thumb Code     0  entry9a.o(.ARM.Collect$$$$0000000B)
    __rt_final_cpp                           0x00000295   Thumb Code     0  entry10a.o(.ARM.Collect$$$$0000000D)
    __rt_final_exit                          0x00000295   Thumb Code     0  entry11a.o(.ARM.Collect$$$$0000000F)
    DisableInterrupts                        0x00000299   Thumb Code     0  startup.o(.text)
    EnableInterrupts                         0x0000029d   Thumb Code     0  startup.o(.text)
    StartCritical                            0x000002a1   Thumb Code     0  startup.o(.text)
    EndCritical                              0x000002a9   Thumb Code     0  startup.o(.text)
    WaitForInterrupt                         0x000002af   Thumb Code     0  startup.o(.text)
    strlen                                   0x000002b5   Thumb Code    14  strlen.o(.text)
    strcpy                                   0x000002c3   Thumb Code    18  strcpy.o(.text)
    __aeabi_uidiv                            0x000002d5   Thumb Code     0  uidiv.o(.text)
    __aeabi_uidivmod                         0x000002d5   Thumb Code    44  uidiv.o(.text)
    __scatterload                            0x00000301   Thumb Code    28  init.o(.text)
    __scatterload_rt2                        0x00000301   Thumb Code     0  init.o(.text)
    __decompress                             0x00000325   Thumb Code     0  __dclz77c.o(.text)
    __decompress2                            0x00000325   Thumb Code    96  __dclz77c.o(.text)
    ADC0_InSeq3                              0x00000385   Thumb Code    36  adcswtrigger.o(i.ADC0_InSeq3)
    ADC0_InitSWTriggerSeq3_Ch9               0x000003b1   Thumb Code   222  adcswtrigger.o(i.ADC0_InitSWTriggerSeq3_Ch9)
    ADCPinState                              0x000004ad   Thumb Code    24  adcswtrigger.o(i.ADCPinState)
    ADCRectState                             0x000004c5   Thumb Code    80  adcswtrigger.o(i.ADCRectState)
    BallotSendScreen                         0x00000515   Thumb Code    94  lcd.o(i.BallotSendScreen)
    CastBallotScreen                         0x00000599   Thumb Code   108  lcd.o(i.CastBallotScreen)
    Delay1ms                                 0x0000063d   Thumb Code    32  st7735.o(i.Delay1ms)
    DelayMs                                  0x0000065d   Thumb Code    32  esp8266.o(i.DelayMs)
    DelayMsSearching                         0x0000067d   Thumb Code    42  esp8266.o(i.DelayMsSearching)
    DelayWait10ms                            0x000006ad   Thumb Code    32  switch.o(i.DelayWait10ms)
    DeselectChoice                           0x000006cd   Thumb Code    94  lcd.o(i.DeselectChoice)
    DeselectedBox                            0x0000072d   Thumb Code    44  lcd.o(i.DeselectedBox)
    DrawPinInput                             0x0000075d   Thumb Code    48  lcd.o(i.DrawPinInput)
    DrawSelectedBox                          0x00000799   Thumb Code    66  lcd.o(i.DrawSelectedBox)
    ESP8266FIFOtoBuffer                      0x000007e1   Thumb Code   100  esp8266.o(i.ESP8266FIFOtoBuffer)
    ESP8266SendCommand                       0x0000085d   Thumb Code    26  esp8266.o(i.ESP8266SendCommand)
    ESP8266_CloseTCPConnection               0x00000879   Thumb Code    46  esp8266.o(i.ESP8266_CloseTCPConnection)
    ESP8266_EnableRXInterrupt                0x000008c1   Thumb Code     8  esp8266.o(i.ESP8266_EnableRXInterrupt)
    ESP8266_GetStatus                        0x000008cd   Thumb Code    46  esp8266.o(i.ESP8266_GetStatus)
    ESP8266_GetVersionNumber                 0x00000915   Thumb Code    46  esp8266.o(i.ESP8266_GetVersionNumber)
    ESP8266_Init                             0x00000959   Thumb Code   146  esp8266.o(i.ESP8266_Init)
    ESP8266_InitUART                         0x00000ae9   Thumb Code   230  esp8266.o(i.ESP8266_InitUART)
    ESP8266_JoinAccessPoint                  0x00000bf9   Thumb Code    62  esp8266.o(i.ESP8266_JoinAccessPoint)
    ESP8266_MakeTCPConnection                0x00000c5d   Thumb Code    58  esp8266.o(i.ESP8266_MakeTCPConnection)
    ESP8266_PrintChar                        0x00000cc1   Thumb Code    18  esp8266.o(i.ESP8266_PrintChar)
    ESP8266_Reset                            0x00000cd9   Thumb Code    84  esp8266.o(i.ESP8266_Reset)
    ESP8266_SendTCP                          0x00000d4d   Thumb Code   104  esp8266.o(i.ESP8266_SendTCP)
    ESP8266_SetDataTransmissionMode          0x00000dcd   Thumb Code    58  esp8266.o(i.ESP8266_SetDataTransmissionMode)
    ESP8266_SetWifiMode                      0x00000e25   Thumb Code    68  esp8266.o(i.ESP8266_SetWifiMode)
    EnableScreenInit                         0x00000e8d   Thumb Code    92  lcd.o(i.EnableScreenInit)
    ErrorScreenInit                          0x00000f11   Thumb Code    90  lcd.o(i.ErrorScreenInit)
    LED_GreenOff                             0x00000fa1   Thumb Code     8  led.o(i.LED_GreenOff)
    LED_GreenOn                              0x00000fad   Thumb Code     8  led.o(i.LED_GreenOn)
    LED_Init                                 0x00000fb9   Thumb Code    88  led.o(i.LED_Init)
    PLL_Init                                 0x00001021   Thumb Code   118  pll.o(i.PLL_Init)
    PinFailScreen                            0x0000109d   Thumb Code    94  lcd.o(i.PinFailScreen)
    PinScreenInit                            0x00001121   Thumb Code   368  lcd.o(i.PinScreenInit)
    PinVerifyScreen                          0x000012a1   Thumb Code    94  lcd.o(i.PinVerifyScreen)
    PortE_Switch_Init                        0x0000132d   Thumb Code    88  switch.o(i.PortE_Switch_Init)
    RxFifo_Init                              0x00001391   Thumb Code    26  uart.o(i.RxFifo_Init)
    RxFifo_Put                               0x000013b5   Thumb Code    48  uart.o(i.RxFifo_Put)
    RxFifo_Size                              0x000013f1   Thumb Code    14  uart.o(i.RxFifo_Size)
    ST7735_DrawChar                          0x00001409   Thumb Code   256  st7735.o(i.ST7735_DrawChar)
    ST7735_DrawCharS                         0x00001515   Thumb Code   232  st7735.o(i.ST7735_DrawCharS)
    ST7735_DrawFastHLine                     0x00001609   Thumb Code   116  st7735.o(i.ST7735_DrawFastHLine)
    ST7735_DrawFastVLine                     0x00001685   Thumb Code   116  st7735.o(i.ST7735_DrawFastVLine)
    ST7735_DrawPixel                         0x00001701   Thumb Code    64  st7735.o(i.ST7735_DrawPixel)
    ST7735_DrawSquare                        0x00001749   Thumb Code    68  st7735.o(i.ST7735_DrawSquare)
    ST7735_DrawStringS                       0x0000178d   Thumb Code   158  st7735.o(i.ST7735_DrawStringS)
    ST7735_DrawStringUnfixed                 0x00001831   Thumb Code    94  st7735.o(i.ST7735_DrawStringUnfixed)
    ST7735_FillRect                          0x00001895   Thumb Code   164  st7735.o(i.ST7735_FillRect)
    ST7735_FillScreen                        0x00001941   Thumb Code    28  st7735.o(i.ST7735_FillScreen)
    ST7735_InitR                             0x00001965   Thumb Code    90  st7735.o(i.ST7735_InitR)
    ST7735_SetCursor                         0x000019e1   Thumb Code    22  st7735.o(i.ST7735_SetCursor)
    SearchCheck                              0x00001a01   Thumb Code    68  esp8266.o(i.SearchCheck)
    SearchStart                              0x00001a55   Thumb Code    30  esp8266.o(i.SearchStart)
    SelectChoice                             0x00001a85   Thumb Code    86  lcd.o(i.SelectChoice)
    SelectionScreenInit                      0x00001add   Thumb Code   412  lcd.o(i.SelectionScreenInit)
    ServerResponseSearchCheck                0x00001ccd   Thumb Code   180  esp8266.o(i.ServerResponseSearchCheck)
    ServerResponseSearchStart                0x00001da1   Thumb Code    34  esp8266.o(i.ServerResponseSearchStart)
    Switch_Input                             0x00001de1   Thumb Code   166  switch.o(i.Switch_Input)
    Timer2A_Handler                          0x00001e91   Thumb Code    16  timer2.o(i.Timer2A_Handler)
    TxFifo_Get                               0x00001ea9   Thumb Code    46  uart.o(i.TxFifo_Get)
    TxFifo_Init                              0x00001ee5   Thumb Code    26  uart.o(i.TxFifo_Init)
    TxFifo_Put                               0x00001f09   Thumb Code    48  uart.o(i.TxFifo_Put)
    TxFifo_Size                              0x00001f45   Thumb Code    14  uart.o(i.TxFifo_Size)
    UART0_Handler                            0x00001f5d   Thumb Code    82  uart.o(i.UART0_Handler)
    UART1_Handler                            0x00001fb5   Thumb Code    44  esp8266.o(i.UART1_Handler)
    UART_Init                                0x00001fe5   Thumb Code   174  uart.o(i.UART_Init)
    UART_OutChar                             0x000020ad   Thumb Code    46  uart.o(i.UART_OutChar)
    UART_OutCharNonBlock                     0x000020e1   Thumb Code    46  uart.o(i.UART_OutCharNonBlock)
    UpdatePinSquare                          0x00002115   Thumb Code   348  lcd.o(i.UpdatePinSquare)
    VoteSentScreen                           0x00002275   Thumb Code    92  lcd.o(i.VoteSentScreen)
    __0printf$3                              0x00002301   Thumb Code    22  printf3.o(i.__0printf$3)
    __1printf$3                              0x00002301   Thumb Code     0  printf3.o(i.__0printf$3)
    __2printf                                0x00002301   Thumb Code     0  printf3.o(i.__0printf$3)
    __0sprintf$3                             0x00002321   Thumb Code    34  printf3.o(i.__0sprintf$3)
    __1sprintf$3                             0x00002321   Thumb Code     0  printf3.o(i.__0sprintf$3)
    __2sprintf                               0x00002321   Thumb Code     0  printf3.o(i.__0sprintf$3)
    __scatterload_copy                       0x00002349   Thumb Code    14  handlers.o(i.__scatterload_copy)
    __scatterload_null                       0x00002357   Thumb Code     2  handlers.o(i.__scatterload_null)
    __scatterload_zeroinit                   0x00002359   Thumb Code    14  handlers.o(i.__scatterload_zeroinit)
    castBallot                               0x0000252d   Thumb Code   110  main.o(i.castBallot)
    fputc                                    0x00002811   Thumb Code    16  uart.o(i.fputc)
    getServerPin                             0x00002821   Thumb Code    84  esp8266.o(i.getServerPin)
    isPinValid                               0x0000287d   Thumb Code   124  main.o(i.isPinValid)
    lc                                       0x00002939   Thumb Code    14  esp8266.o(i.lc)
    main                                     0x00002949   Thumb Code  1456  main.o(i.main)
    dBfs                                     0x000035d6   Data         512  st7735.o(.constdata)
    Region$$Table$$Base                      0x000037d8   Number         0  anon$$obj.o(Region$$Table)
    Region$$Table$$Limit                     0x000037f8   Number         0  anon$$obj.o(Region$$Table)
    POST_BALLOT                              0x20000000   Data         281  main.o(.data)
    GET_PIN                                  0x20000119   Data          87  main.o(.data)
    userChoices                              0x20000170   Data           6  main.o(.data)
    inputPin                                 0x20000176   Data           5  main.o(.data)
    serverPin                                0x2000017b   Data           5  main.o(.data)
    numberScreenChoices                      0x20000180   Data           5  main.o(.data)
    screenStates                             0x20000185   Data           1  main.o(.data)
    currScreenState                          0x20000186   Data           1  main.o(.data)
    currPinState                             0x20000187   Data           1  main.o(.data)
    nextPinState                             0x20000188   Data           1  main.o(.data)
    pinPressed                               0x20000189   Data           1  main.o(.data)
    currRectState                            0x2000018a   Data           1  main.o(.data)
    nextRectState                            0x2000018b   Data           1  main.o(.data)
    button                                   0x2000018c   Data           1  main.o(.data)
    PeriodicTask                             0x20000190   Data           4  timer2.o(.data)
    StX                                      0x20000194   Data           4  st7735.o(.data)
    StY                                      0x20000198   Data           4  st7735.o(.data)
    StTextColor                              0x2000019c   Data           2  st7735.o(.data)
    lastj                                    0x200001a4   Data           4  st7735.o(.data)
    Messageindex                             0x200001ac   Data           4  st7735.o(.data)
    Ymax                                     0x200001b0   Data           4  st7735.o(.data)
    Ymin                                     0x200001b4   Data           4  st7735.o(.data)
    X                                        0x200001b8   Data           4  st7735.o(.data)
    Yrange                                   0x200001bc   Data           4  st7735.o(.data)
    value                                    0x200001c0   Data           1  switch.o(.data)
    RXBufferIndex                            0x200001c4   Data           4  esp8266.o(.data)
    LastReturnIndex                          0x200001c8   Data           4  esp8266.o(.data)
    CurrentReturnIndex                       0x200001cc   Data           4  esp8266.o(.data)
    ServerResponseIndex                      0x200001d0   Data           4  esp8266.o(.data)
    ESP8266_ProcessBuffer                    0x200001d4   Data           1  esp8266.o(.data)
    ESP8266_EchoResponse                     0x200001d5   Data           1  esp8266.o(.data)
    ESP8266_ResponseComplete                 0x200001d6   Data           1  esp8266.o(.data)
    ESP8266_APEnabled                        0x200001d7   Data           1  esp8266.o(.data)
    ESP8266_ClientEnabled                    0x200001d8   Data           1  esp8266.o(.data)
    ESP8266_ServerEnabled                    0x200001d9   Data           1  esp8266.o(.data)
    ESP8266_InputProcessingEnabled           0x200001da   Data           1  esp8266.o(.data)
    ESP8266_PageRequested                    0x200001db   Data           1  esp8266.o(.data)
    SearchLooking                            0x200001dc   Data           1  esp8266.o(.data)
    SearchFound                              0x200001dd   Data           1  esp8266.o(.data)
    SearchIndex                              0x200001e0   Data           4  esp8266.o(.data)
    ServerResponseSearchString               0x200001e4   Data          16  esp8266.o(.data)
    ServerResponseSearchFinished             0x200001f4   Data           4  esp8266.o(.data)
    ServerResponseSearchIndex                0x200001f8   Data           4  esp8266.o(.data)
    ServerResponseSearchLooking              0x200001fc   Data           4  esp8266.o(.data)
    ESP8266_ServerPort                       0x20000200   Data           2  esp8266.o(.data)
    ESP8266_ServerTimeout                    0x20000202   Data           2  esp8266.o(.data)
    server_pin                               0x20000204   Data           4  esp8266.o(.data)
    numScreenChoices                         0x200002bc   Data           5  lcd.o(.data)
    isSelectEnabled                          0x200002c1   Data           1  lcd.o(.data)
    pinInput                                 0x200002c2   Data           7  lcd.o(.data)
    RxPutI                                   0x200002cc   Data           4  uart.o(.data)
    RxGetI                                   0x200002d0   Data           4  uart.o(.data)
    TxPutI                                   0x200002d4   Data           4  uart.o(.data)
    TxGetI                                   0x200002d8   Data           4  uart.o(.data)
    __stdout                                 0x200002dc   Data           4  stdout.o(.data)
    RXBuffer                                 0x200002e0   Data        1024  esp8266.o(.bss)
    TXBuffer                                 0x200006e0   Data        1024  esp8266.o(.bss)
    ServerResponseBuffer                     0x20000ae0   Data        1024  esp8266.o(.bss)
    SearchString                             0x20000ee0   Data          32  esp8266.o(.bss)
    __initial_sp                             0x20001b00   Data           0  startup.o(STACK)



==============================================================================

Memory Map of the image

  Image Entry point : 0x0000026d

  Load Region LR_1 (Base: 0x00000000, Size: 0x00003ad8, Max: 0xffffffff, ABSOLUTE, COMPRESSED[0x000039b0])

    Execution Region ER_RO (Base: 0x00000000, Size: 0x000037f8, Max: 0xffffffff, ABSOLUTE)

    Base Addr    Size         Type   Attr      Idx    E Section Name        Object

    0x00000000   0x00000284   Code   RO            3  * RESET               startup.o
    0x00000284   0x00000000   Code   RO          959  * .ARM.Collect$$$$00000000  mc_w.l(entry.o)
    0x00000284   0x00000004   Code   RO         1233    .ARM.Collect$$$$00000001  mc_w.l(entry2.o)
    0x00000288   0x00000004   Code   RO         1236    .ARM.Collect$$$$00000004  mc_w.l(entry5.o)
    0x0000028c   0x00000000   Code   RO         1238    .ARM.Collect$$$$00000008  mc_w.l(entry7b.o)
    0x0000028c   0x00000000   Code   RO         1240    .ARM.Collect$$$$0000000A  mc_w.l(entry8b.o)
    0x0000028c   0x00000008   Code   RO         1241    .ARM.Collect$$$$0000000B  mc_w.l(entry9a.o)
    0x00000294   0x00000000   Code   RO         1243    .ARM.Collect$$$$0000000D  mc_w.l(entry10a.o)
    0x00000294   0x00000000   Code   RO         1245    .ARM.Collect$$$$0000000F  mc_w.l(entry11a.o)
    0x00000294   0x00000004   Code   RO         1234    .ARM.Collect$$$$00002712  mc_w.l(entry2.o)
    0x00000298   0x0000001c   Code   RO            4    .text               startup.o
    0x000002b4   0x0000000e   Code   RO          966    .text               mc_w.l(strlen.o)
    0x000002c2   0x00000012   Code   RO          968    .text               mc_w.l(strcpy.o)
    0x000002d4   0x0000002c   Code   RO         1248    .text               mc_w.l(uidiv.o)
    0x00000300   0x00000024   Code   RO         1263    .text               mc_w.l(init.o)
    0x00000324   0x00000060   Code   RO         1281    .text               mc_w.l(__dclz77c.o)
    0x00000384   0x0000002c   Code   RO          116    i.ADC0_InSeq3       adcswtrigger.o
    0x000003b0   0x000000fc   Code   RO          117    i.ADC0_InitSWTriggerSeq3_Ch9  adcswtrigger.o
    0x000004ac   0x00000018   Code   RO          118    i.ADCPinState       adcswtrigger.o
    0x000004c4   0x00000050   Code   RO          119    i.ADCRectState      adcswtrigger.o
    0x00000514   0x00000084   Code   RO          681    i.BallotSendScreen  lcd.o
    0x00000598   0x000000a4   Code   RO          682    i.CastBallotScreen  lcd.o
    0x0000063c   0x00000020   Code   RO          146    i.Delay1ms          st7735.o
    0x0000065c   0x00000020   Code   RO          460    i.DelayMs           esp8266.o
    0x0000067c   0x00000030   Code   RO          461    i.DelayMsSearching  esp8266.o
    0x000006ac   0x00000020   Code   RO          433    i.DelayWait10ms     switch.o
    0x000006cc   0x0000005e   Code   RO          683    i.DeselectChoice    lcd.o
    0x0000072a   0x00000002   PAD
    0x0000072c   0x00000030   Code   RO          684    i.DeselectedBox     lcd.o
    0x0000075c   0x0000003c   Code   RO          685    i.DrawPinInput      lcd.o
    0x00000798   0x00000048   Code   RO          686    i.DrawSelectedBox   lcd.o
    0x000007e0   0x0000007c   Code   RO          462    i.ESP8266FIFOtoBuffer  esp8266.o
    0x0000085c   0x0000001a   Code   RO          464    i.ESP8266SendCommand  esp8266.o
    0x00000876   0x00000002   PAD
    0x00000878   0x00000048   Code   RO          465    i.ESP8266_CloseTCPConnection  esp8266.o
    0x000008c0   0x0000000c   Code   RO          469    i.ESP8266_EnableRXInterrupt  esp8266.o
    0x000008cc   0x00000048   Code   RO          472    i.ESP8266_GetStatus  esp8266.o
    0x00000914   0x00000044   Code   RO          473    i.ESP8266_GetVersionNumber  esp8266.o
    0x00000958   0x00000190   Code   RO          474    i.ESP8266_Init      esp8266.o
    0x00000ae8   0x00000110   Code   RO          475    i.ESP8266_InitUART  esp8266.o
    0x00000bf8   0x00000064   Code   RO          476    i.ESP8266_JoinAccessPoint  esp8266.o
    0x00000c5c   0x00000064   Code   RO          478    i.ESP8266_MakeTCPConnection  esp8266.o
    0x00000cc0   0x00000018   Code   RO          479    i.ESP8266_PrintChar  esp8266.o
    0x00000cd8   0x00000074   Code   RO          481    i.ESP8266_Reset     esp8266.o
    0x00000d4c   0x00000080   Code   RO          482    i.ESP8266_SendTCP   esp8266.o
    0x00000dcc   0x00000058   Code   RO          484    i.ESP8266_SetDataTransmissionMode  esp8266.o
    0x00000e24   0x00000068   Code   RO          486    i.ESP8266_SetWifiMode  esp8266.o
    0x00000e8c   0x00000084   Code   RO          687    i.EnableScreenInit  lcd.o
    0x00000f10   0x00000090   Code   RO          688    i.ErrorScreenInit   lcd.o
    0x00000fa0   0x0000000c   Code   RO          780    i.LED_GreenOff      led.o
    0x00000fac   0x0000000c   Code   RO          781    i.LED_GreenOn       led.o
    0x00000fb8   0x00000068   Code   RO          782    i.LED_Init          led.o
    0x00001020   0x0000007c   Code   RO           12    i.PLL_Init          pll.o
    0x0000109c   0x00000084   Code   RO          689    i.PinFailScreen     lcd.o
    0x00001120   0x00000180   Code   RO          690    i.PinScreenInit     lcd.o
    0x000012a0   0x0000008c   Code   RO          691    i.PinVerifyScreen   lcd.o
    0x0000132c   0x00000064   Code   RO          434    i.PortE_Switch_Init  switch.o
    0x00001390   0x00000024   Code   RO          806    i.RxFifo_Init       uart.o
    0x000013b4   0x0000003c   Code   RO          807    i.RxFifo_Put        uart.o
    0x000013f0   0x00000018   Code   RO          808    i.RxFifo_Size       uart.o
    0x00001408   0x0000010c   Code   RO          153    i.ST7735_DrawChar   st7735.o
    0x00001514   0x000000f4   Code   RO          154    i.ST7735_DrawCharS  st7735.o
    0x00001608   0x0000007c   Code   RO          155    i.ST7735_DrawFastHLine  st7735.o
    0x00001684   0x0000007c   Code   RO          156    i.ST7735_DrawFastVLine  st7735.o
    0x00001700   0x00000048   Code   RO          157    i.ST7735_DrawPixel  st7735.o
    0x00001748   0x00000044   Code   RO          158    i.ST7735_DrawSquare  st7735.o
    0x0000178c   0x000000a4   Code   RO          160    i.ST7735_DrawStringS  st7735.o
    0x00001830   0x00000064   Code   RO          161    i.ST7735_DrawStringUnfixed  st7735.o
    0x00001894   0x000000ac   Code   RO          162    i.ST7735_FillRect   st7735.o
    0x00001940   0x00000024   Code   RO          163    i.ST7735_FillScreen  st7735.o
    0x00001964   0x0000007c   Code   RO          165    i.ST7735_InitR      st7735.o
    0x000019e0   0x00000020   Code   RO          179    i.ST7735_SetCursor  st7735.o
    0x00001a00   0x00000054   Code   RO          488    i.SearchCheck       esp8266.o
    0x00001a54   0x00000030   Code   RO          489    i.SearchStart       esp8266.o
    0x00001a84   0x00000056   Code   RO          692    i.SelectChoice      lcd.o
    0x00001ada   0x00000002   PAD
    0x00001adc   0x000001f0   Code   RO          693    i.SelectionScreenInit  lcd.o
    0x00001ccc   0x000000d4   Code   RO          490    i.ServerResponseSearchCheck  esp8266.o
    0x00001da0   0x00000040   Code   RO          491    i.ServerResponseSearchStart  esp8266.o
    0x00001de0   0x000000b0   Code   RO          435    i.Switch_Input      switch.o
    0x00001e90   0x00000018   Code   RO           95    i.Timer2A_Handler   timer2.o
    0x00001ea8   0x0000003c   Code   RO          809    i.TxFifo_Get        uart.o
    0x00001ee4   0x00000024   Code   RO          810    i.TxFifo_Init       uart.o
    0x00001f08   0x0000003c   Code   RO          811    i.TxFifo_Put        uart.o
    0x00001f44   0x00000018   Code   RO          812    i.TxFifo_Size       uart.o
    0x00001f5c   0x00000058   Code   RO          813    i.UART0_Handler     uart.o
    0x00001fb4   0x00000030   Code   RO          492    i.UART1_Handler     esp8266.o
    0x00001fe4   0x000000c8   Code   RO          819    i.UART_Init         uart.o
    0x000020ac   0x00000034   Code   RO          820    i.UART_OutChar      uart.o
    0x000020e0   0x00000034   Code   RO          821    i.UART_OutCharNonBlock  uart.o
    0x00002114   0x00000160   Code   RO          694    i.UpdatePinSquare   lcd.o
    0x00002274   0x0000008c   Code   RO          695    i.VoteSentScreen    lcd.o
    0x00002300   0x00000020   Code   RO         1061    i.__0printf$3       mc_w.l(printf3.o)
    0x00002320   0x00000028   Code   RO         1063    i.__0sprintf$3      mc_w.l(printf3.o)
    0x00002348   0x0000000e   Code   RO         1275    i.__scatterload_copy  mc_w.l(handlers.o)
    0x00002356   0x00000002   Code   RO         1276    i.__scatterload_null  mc_w.l(handlers.o)
    0x00002358   0x0000000e   Code   RO         1277    i.__scatterload_zeroinit  mc_w.l(handlers.o)
    0x00002366   0x00000002   PAD
    0x00002368   0x000001b8   Code   RO         1068    i._printf_core      mc_w.l(printf3.o)
    0x00002520   0x0000000a   Code   RO         1070    i._sputc            mc_w.l(printf3.o)
    0x0000252a   0x00000002   PAD
    0x0000252c   0x000000b0   Code   RO           35    i.castBallot        main.o
    0x000025dc   0x00000056   Code   RO          184    i.commandList       st7735.o
    0x00002632   0x00000002   PAD
    0x00002634   0x00000184   Code   RO          185    i.commonInit        st7735.o
    0x000027b8   0x0000002c   Code   RO          825    i.copyHardwareToSoftware  uart.o
    0x000027e4   0x0000002c   Code   RO          826    i.copySoftwareToHardware  uart.o
    0x00002810   0x00000010   Code   RO          827    i.fputc             uart.o
    0x00002820   0x0000005c   Code   RO          493    i.getServerPin      esp8266.o
    0x0000287c   0x000000bc   Code   RO           36    i.isPinValid        main.o
    0x00002938   0x0000000e   Code   RO          494    i.lc                esp8266.o
    0x00002946   0x00000002   PAD
    0x00002948   0x000005d4   Code   RO           37    i.main              main.o
    0x00002f1c   0x00000012   Code   RO          189    i.pushColor         st7735.o
    0x00002f2e   0x00000002   PAD
    0x00002f30   0x00000074   Code   RO          190    i.setAddrWindow     st7735.o
    0x00002fa4   0x00000030   Code   RO          191    i.writecommand      st7735.o
    0x00002fd4   0x00000020   Code   RO          192    i.writedata         st7735.o
    0x00002ff4   0x000007e2   Data   RO          194    .constdata          st7735.o
    0x000037d6   0x00000002   PAD
    0x000037d8   0x00000020   Data   RO         1273    Region$$Table       anon$$obj.o


    Execution Region ER_RW (Base: 0x20000000, Size: 0x000002e0, Max: 0xffffffff, ABSOLUTE, COMPRESSED[0x000001b8])

    Base Addr    Size         Type   Attr      Idx    E Section Name        Object

    0x20000000   0x0000018d   Data   RW           38    .data               main.o
    0x2000018d   0x00000003   PAD
    0x20000190   0x00000004   Data   RW           97    .data               timer2.o
    0x20000194   0x0000002c   Data   RW          195    .data               st7735.o
    0x200001c0   0x00000001   Data   RW          436    .data               switch.o
    0x200001c1   0x00000003   PAD
    0x200001c4   0x00000044   Data   RW          497    .data               esp8266.o
    0x20000208   0x000000c1   Data   RW          696    .data               lcd.o
    0x200002c9   0x00000003   PAD
    0x200002cc   0x00000010   Data   RW          829    .data               uart.o
    0x200002dc   0x00000004   Data   RW         1247    .data               mc_w.l(stdout.o)


    Execution Region ER_ZI (Base: 0x200002e0, Size: 0x00001820, Max: 0xffffffff, ABSOLUTE)

    Base Addr    Size         Type   Attr      Idx    E Section Name        Object

    0x200002e0   0x00000c20   Zero   RW          495    .bss                esp8266.o
    0x20000f00   0x00000800   Zero   RW          828    .bss                uart.o
    0x20001700   0x00000400   Zero   RW            1    STACK               startup.o


==============================================================================

Image component sizes


      Code (inc. data)   RO Data    RW Data    ZI Data      Debug   Object Name

       400         38          0          0          0       2160   adcswtrigger.o
      2348        720          0         68       3104      13917   esp8266.o
      2576        456          0        193          0       7775   lcd.o
       128         24          0          0          0       1036   led.o
      1856        248          0        397          0       5251   main.o
       124          6          0          0          0       4623   pll.o
      2248        194       2018         44          0      14438   st7735.o
       672        622          0          0       1024        884   startup.o
       308         22          0          1          0       1943   switch.o
        24          8          0          4          0        825   timer2.o
       796        132          0         16       2048       6935   uart.o

    ----------------------------------------------------------------------
     11492       2470       2052        732       6176      59787   Object Totals
         0          0         32          0          0          0   (incl. Generated)
        12          0          2          9          0          0   (incl. Padding)

    ----------------------------------------------------------------------

      Code (inc. data)   RO Data    RW Data    ZI Data      Debug   Library Member Name

        96          0          0          0          0          0   __dclz77c.o
         0          0          0          0          0          0   entry.o
         0          0          0          0          0          0   entry10a.o
         0          0          0          0          0          0   entry11a.o
         8          4          0          0          0          0   entry2.o
         4          0          0          0          0          0   entry5.o
         0          0          0          0          0          0   entry7b.o
         0          0          0          0          0          0   entry8b.o
         8          4          0          0          0          0   entry9a.o
        30          0          0          0          0          0   handlers.o
        36          8          0          0          0         68   init.o
       522         20          0          0          0        332   printf3.o
         0          0          0          4          0          0   stdout.o
        18          0          0          0          0         68   strcpy.o
        14          0          0          0          0         68   strlen.o
        44          0          0          0          0         80   uidiv.o

    ----------------------------------------------------------------------
       784         36          0          4          0        616   Library Totals
         4          0          0          0          0          0   (incl. Padding)

    ----------------------------------------------------------------------

      Code (inc. data)   RO Data    RW Data    ZI Data      Debug   Library Name

       780         36          0          4          0        616   mc_w.l

    ----------------------------------------------------------------------
       784         36          0          4          0        616   Library Totals

    ----------------------------------------------------------------------

==============================================================================


      Code (inc. data)   RO Data    RW Data    ZI Data      Debug   

     12276       2506       2052        736       6176      55775   Grand Totals
     12276       2506       2052        440       6176      55775   ELF Image Totals (compressed)
     12276       2506       2052        440          0          0   ROM Totals

==============================================================================

    Total RO  Size (Code + RO Data)                14328 (  13.99kB)
    Total RW  Size (RW Data + ZI Data)              6912 (   6.75kB)
    Total ROM Size (Code + RO Data + RW Data)      14768 (  14.42kB)

==============================================================================

