<html>
<body>
<pre>
<h1>µVision Build Log</h1>
<h2>Project:</h2>
C:\Users\Nathan\Documents\GitHub\voting-machine\FinalLab.uvproj
Project File Date:  04/26/2016

<h2>Output:</h2>
Rebuild target 'Timer2A'
assembling startup.s...
compiling PLL.c...
compiling main.c...
compiling Timer2.c...
compiling ADCSWTrigger.c...
compiling ST7735.c...
compiling Switch.c...
compiling esp8266.c...
compiling LCD.c...
compiling LED.c...
compiling UART.c...
linking...
Program Size: Code=12640 RO-data=2052 RW-data=736 ZI-data=6192  
".\FinalLab.axf" - 0 Error(s), 0 Warning(s).
Load "C:\\Users\\Nathan\\Documents\\GitHub\\voting-machine\\FinalLab.axf" 
Connecting: Mode=JTAG, Speed=1000000Hz
Erase Done.
Programming Done.
Verify OK.
</pre>
</body>
</html>
ocuments\\GitHub\\voting-machine\\FinalLab.axf" 
Connecting: Mode=JTAG, Speed=1000000Hz
Erase Done.
Programming Done.
Verify OK.
