ARM Linker, 5.03 [Build 76] [MDK-ARM Lite]

==============================================================================

Section Cross References

    startup.o(RESET) refers to startup.o(STACK) for StackMem
    startup.o(RESET) refers to uart.o(i.UART0_Handler) for UART0_Handler
    startup.o(RESET) refers to esp8266.o(i.UART1_Handler) for UART1_Handler
    startup.o(RESET) refers to timer2.o(i.Timer2A_Handler) for Timer2A_Handler
    startup.o(RESET) refers to entry.o(.ARM.Collect$$$$00000000) for __main
    main.o(i.castBallot) refers to esp8266.o(i.ESP8266_MakeTCPConnection) for ESP8266_MakeTCPConnection
    main.o(i.castBallot) refers to esp8266.o(i.ESP8266_SendTCP) for ESP8266_SendTCP
    main.o(i.castBallot) refers to lcd.o(i.ErrorScreenInit) for ErrorScreenInit
    main.o(i.castBallot) refers to esp8266.o(i.ESP8266_CloseTCPConnection) for ESP8266_CloseTCPConnection
    main.o(i.castBallot) refers to main.o(.data) for inputPin
    main.o(i.isPinValid) refers to esp8266.o(i.ESP8266_GetStatus) for ESP8266_GetStatus
    main.o(i.isPinValid) refers to esp8266.o(i.ESP8266_MakeTCPConnection) for ESP8266_MakeTCPConnection
    main.o(i.isPinValid) refers to esp8266.o(i.ESP8266_SendTCP) for ESP8266_SendTCP
    main.o(i.isPinValid) refers to lcd.o(i.ErrorScreenInit) for ErrorScreenInit
    main.o(i.isPinValid) refers to esp8266.o(i.ESP8266_CloseTCPConnection) for ESP8266_CloseTCPConnection
    main.o(i.isPinValid) refers to esp8266.o(i.getServerPin) for getServerPin
    main.o(i.isPinValid) refers to strcpy.o(.text) for strcpy
    main.o(i.isPinValid) refers to main.o(.data) for GET_PIN
    main.o(i.main) refers to startup.o(.text) for DisableInterrupts
    main.o(i.main) refers to pll.o(i.PLL_Init) for PLL_Init
    main.o(i.main) refers to uart.o(i.UART_Init) for UART_Init
    main.o(i.main) refers to adcswtrigger.o(i.ADC0_InitSWTriggerSeq3_Ch9) for ADC0_InitSWTriggerSeq3_Ch9
    main.o(i.main) refers to switch.o(i.PortE_Switch_Init) for PortE_Switch_Init
    main.o(i.main) refers to st7735.o(i.ST7735_InitR) for ST7735_InitR
    main.o(i.main) refers to printf3.o(i.__0printf$3) for __2printf
    main.o(i.main) refers to lcd.o(i.EnableScreenInit) for EnableScreenInit
    main.o(i.main) refers to esp8266.o(i.ESP8266_Init) for ESP8266_Init
    main.o(i.main) refers to esp8266.o(i.ESP8266_GetVersionNumber) for ESP8266_GetVersionNumber
    main.o(i.main) refers to lcd.o(i.PinScreenInit) for PinScreenInit
    main.o(i.main) refers to adcswtrigger.o(i.ADCPinState) for ADCPinState
    main.o(i.main) refers to lcd.o(i.UpdatePinSquare) for UpdatePinSquare
    main.o(i.main) refers to switch.o(i.Switch_Input) for Switch_Input
    main.o(i.main) refers to lcd.o(i.DrawPinInput) for DrawPinInput
    main.o(i.main) refers to lcd.o(i.PinVerifyScreen) for PinVerifyScreen
    main.o(i.main) refers to main.o(i.isPinValid) for isPinValid
    main.o(i.main) refers to lcd.o(i.SelectionScreenInit) for SelectionScreenInit
    main.o(i.main) refers to adcswtrigger.o(i.ADCRectState) for ADCRectState
    main.o(i.main) refers to lcd.o(i.SelectChoice) for SelectChoice
    main.o(i.main) refers to lcd.o(i.PinFailScreen) for PinFailScreen
    main.o(i.main) refers to switch.o(i.DelayWait10ms) for DelayWait10ms
    main.o(i.main) refers to strcpy.o(.text) for strcpy
    main.o(i.main) refers to lcd.o(i.DeselectChoice) for DeselectChoice
    main.o(i.main) refers to lcd.o(i.DrawSelectedBox) for DrawSelectedBox
    main.o(i.main) refers to lcd.o(i.CastBallotScreen) for CastBallotScreen
    main.o(i.main) refers to main.o(i.castBallot) for castBallot
    main.o(i.main) refers to main.o(.data) for currPinState
    timer2.o(i.Timer2A_Handler) refers to timer2.o(.data) for PeriodicTask
    timer2.o(i.Timer2_Init) refers to timer2.o(.data) for PeriodicTask
    adcswtrigger.o(i.ADCPinState) refers to adcswtrigger.o(i.ADC0_InSeq3) for ADC0_InSeq3
    adcswtrigger.o(i.ADCRectState) refers to adcswtrigger.o(i.ADC0_InSeq3) for ADC0_InSeq3
    st7735.o(i.Output_Clear) refers to st7735.o(i.ST7735_FillScreen) for ST7735_FillScreen
    st7735.o(i.Output_Color) refers to st7735.o(i.ST7735_SetTextColor) for ST7735_SetTextColor
    st7735.o(i.Output_Off) refers to st7735.o(i.Output_Clear) for Output_Clear
    st7735.o(i.Output_On) refers to st7735.o(i.ST7735_Output_Init) for ST7735_Output_Init
    st7735.o(i.ST7735_DrawBitmap) refers to st7735.o(i.setAddrWindow) for setAddrWindow
    st7735.o(i.ST7735_DrawBitmap) refers to st7735.o(i.writedata) for writedata
    st7735.o(i.ST7735_DrawBitmap) refers to st7735.o(.data) for _width
    st7735.o(i.ST7735_DrawChar) refers to st7735.o(i.setAddrWindow) for setAddrWindow
    st7735.o(i.ST7735_DrawChar) refers to st7735.o(i.pushColor) for pushColor
    st7735.o(i.ST7735_DrawChar) refers to st7735.o(.data) for _width
    st7735.o(i.ST7735_DrawChar) refers to st7735.o(.constdata) for Font
    st7735.o(i.ST7735_DrawCharS) refers to st7735.o(i.ST7735_DrawPixel) for ST7735_DrawPixel
[...]
    uart.o(i.TxFifo_Get) refers to uart.o(.bss) for TxFifo
    uart.o(i.TxFifo_Init) refers to startup.o(.text) for StartCritical
    uart.o(i.TxFifo_Init) refers to uart.o(.data) for TxGetI
    uart.o(i.TxFifo_Put) refers to uart.o(.data) for TxPutI
    uart.o(i.TxFifo_Put) refers to uart.o(.bss) for TxFifo
    uart.o(i.TxFifo_Size) refers to uart.o(.data) for TxPutI
    uart.o(i.UART0_Handler) refers to uart.o(i.copySoftwareToHardware) for copySoftwareToHardware
    uart.o(i.UART0_Handler) refers to uart.o(i.TxFifo_Size) for TxFifo_Size
    uart.o(i.UART0_Handler) refers to uart.o(i.copyHardwareToSoftware) for copyHardwareToSoftware
    uart.o(i.UART_InChar) refers to uart.o(i.RxFifo_Get) for RxFifo_Get
    uart.o(i.UART_InCharNonBlock) refers to uart.o(i.RxFifo_Get) for RxFifo_Get
    uart.o(i.UART_InString) refers to uart.o(i.UART_InChar) for UART_InChar
    uart.o(i.UART_InString) refers to uart.o(i.UART_OutChar) for UART_OutChar
    uart.o(i.UART_InUDec) refers to uart.o(i.UART_InChar) for UART_InChar
    uart.o(i.UART_InUDec) refers to uart.o(i.UART_OutChar) for UART_OutChar
    uart.o(i.UART_InUHex) refers to uart.o(i.UART_InChar) for UART_InChar
    uart.o(i.UART_InUHex) refers to uart.o(i.UART_OutChar) for UART_OutChar
    uart.o(i.UART_Init) refers to uart.o(i.RxFifo_Init) for RxFifo_Init
    uart.o(i.UART_Init) refers to uart.o(i.TxFifo_Init) for TxFifo_Init
    uart.o(i.UART_OutChar) refers to uart.o(i.TxFifo_Put) for TxFifo_Put
    uart.o(i.UART_OutChar) refers to uart.o(i.copySoftwareToHardware) for copySoftwareToHardware
    uart.o(i.UART_OutCharNonBlock) refers to uart.o(i.TxFifo_Put) for TxFifo_Put
    uart.o(i.UART_OutCharNonBlock) refers to uart.o(i.copySoftwareToHardware) for copySoftwareToHardware
    uart.o(i.UART_OutString) refers to uart.o(i.UART_OutChar) for UART_OutChar
    uart.o(i.UART_OutUDec) refers to uart.o(i.UART_OutChar) for UART_OutChar
    uart.o(i.UART_OutUHex) refers to uart.o(i.UART_OutChar) for UART_OutChar
    uart.o(i.copyHardwareToSoftware) refers to uart.o(i.RxFifo_Put) for RxFifo_Put
    uart.o(i.copyHardwareToSoftware) refers to uart.o(i.RxFifo_Size) for RxFifo_Size
    uart.o(i.copySoftwareToHardware) refers to uart.o(i.TxFifo_Get) for TxFifo_Get
    uart.o(i.copySoftwareToHardware) refers to uart.o(i.TxFifo_Size) for TxFifo_Size
    uart.o(i.fputc) refers to uart.o(i.UART_OutChar) for UART_OutChar
    entry.o(.ARM.Collect$$$$00000000) refers (Special) to entry10a.o(.ARM.Collect$$$$0000000D) for __rt_final_cpp
    entry.o(.ARM.Collect$$$$00000000) refers (Special) to entry11a.o(.ARM.Collect$$$$0000000F) for __rt_final_exit
    entry.o(.ARM.Collect$$$$00000000) refers (Special) to entry7b.o(.ARM.Collect$$$$00000008) for _main_clock
    entry.o(.ARM.Collect$$$$00000000) refers (Special) to entry8b.o(.ARM.Collect$$$$0000000A) for _main_cpp_init
    entry.o(.ARM.Collect$$$$00000000) refers (Special) to entry9a.o(.ARM.Collect$$$$0000000B) for _main_init
    entry.o(.ARM.Collect$$$$00000000) refers (Special) to entry5.o(.ARM.Collect$$$$00000004) for _main_scatterload
    entry.o(.ARM.Collect$$$$00000000) refers (Special) to entry2.o(.ARM.Collect$$$$00000001) for _main_stk
    printfb.o(i.__0fprintf$bare) refers to printfb.o(i._printf_core) for _printf_core
    printfb.o(i.__0fprintf$bare) refers to uart.o(i.fputc) for fputc
    printfb.o(i.__0printf$bare) refers to printfb.o(i._printf_core) for _printf_core
    printfb.o(i.__0printf$bare) refers to uart.o(i.fputc) for fputc
    printfb.o(i.__0printf$bare) refers to stdout.o(.data) for __stdout
    printfb.o(i.__0snprintf$bare) refers to printfb.o(i._printf_core) for _printf_core
    printfb.o(i.__0snprintf$bare) refers to printfb.o(i._snputc) for _snputc
    printfb.o(i.__0sprintf$bare) refers to printfb.o(i._printf_core) for _printf_core
    printfb.o(i.__0sprintf$bare) refers to printfb.o(i._sputc) for _sputc
    printfb.o(i.__0vfprintf$bare) refers to printfb.o(i._printf_core) for _printf_core
    printfb.o(i.__0vfprintf$bare) refers to uart.o(i.fputc) for fputc
    printfb.o(i.__0vprintf$bare) refers to printfb.o(i._printf_core) for _printf_core
    printfb.o(i.__0vprintf$bare) refers to uart.o(i.fputc) for fputc
    printfb.o(i.__0vprintf$bare) refers to stdout.o(.data) for __stdout
    printfb.o(i.__0vsnprintf$bare) refers to printfb.o(i._printf_core) for _printf_core
    printfb.o(i.__0vsnprintf$bare) refers to printfb.o(i._snputc) for _snputc
    printfb.o(i.__0vsprintf$bare) refers to printfb.o(i._printf_core) for _printf_core
    printfb.o(i.__0vsprintf$bare) refers to printfb.o(i._sputc) for _sputc
    printf0.o(i.__0fprintf$0) refers to printf0.o(i._printf_core) for _printf_core
    printf0.o(i.__0fprintf$0) refers to uart.o(i.fputc) for fputc
    printf0.o(i.__0printf$0) refers to printf0.o(i._printf_core) for _printf_core
    printf0.o(i.__0printf$0) refers to uart.o(i.fputc) for fputc
    printf0.o(i.__0printf$0) refers to stdout.o(.data) for __stdout
    printf0.o(i.__0snprintf$0) refers to printf0.o(i._printf_core) for _printf_core
    printf0.o(i.__0snprintf$0) refers to printf0.o(i._snputc) for _snputc
    printf0.o(i.__0sprintf$0) refers to printf0.o(i._printf_core) for _printf_core
    printf0.o(i.__0sprintf$0) refers to printf0.o(i._sputc) for _sputc
    printf0.o(i.__0vfprintf$0) refers to printf0.o(i._printf_core) for _printf_core
    printf0.o(i.__0vfprintf$0) refers to uart.o(i.fputc) for fputc
    printf0.o(i.__0vprintf$0) refers to printf0.o(i._printf_core) for _printf_core
    printf0.o(i.__0vprintf$0) refers to uart.o(i.fputc) for fputc
    printf0.o(i.__0vprintf$0) refers to stdout.o(.data) for __stdout
    printf0.o(i.__0vsnprintf$0) refers to printf0.o(i._printf_core) for _printf_core
    printf0.o(i.__0vsnprintf$0) refers to printf0.o(i._snputc) for _snputc
    printf0.o(i.__0vsprintf$0) refers to printf0.o(i._printf_core) for _printf_core
    printf0.o(i.__0vsprintf$0) refers to printf0.o(i._sputc) for _sputc
    printf1.o(i.__0fprintf$1) refers to printf1.o(i._printf_core) for _printf_core
    printf1.o(i.__0fprintf$1) refers to uart.o(i.fputc) for fputc
    printf1.o(i.__0printf$1) refers to printf1.o(i._printf_core) for _printf_core
    printf1.o(i.__0printf$1) refers to uart.o(i.fputc) for fputc
    printf1.o(i.__0printf$1) refers to stdout.o(.data) for __stdout
    printf1.o(i.__0snprintf$1) refers to printf1.o(i._printf_core) for _printf_core
    printf1.o(i.__0snprintf$1) refers to printf1.o(i._snputc) for _snputc
    printf1.o(i.__0sprintf$1) refers to printf1.o(i._printf_core) for _printf_core
    printf1.o(i.__0sprintf$1) refers to printf1.o(i._sputc) for _sputc
    printf1.o(i.__0vfprintf$1) refers to printf1.o(i._printf_core) for _printf_core
    printf1.o(i.__0vfprintf$1) refers to uart.o(i.fputc) for fputc
    printf1.o(i.__0vprintf$1) refers to printf1.o(i._printf_core) for _printf_core
    printf1.o(i.__0vprintf$1) refers to uart.o(i.fputc) for fputc
    printf1.o(i.__0vprintf$1) refers to stdout.o(.data) for __stdout
    printf1.o(i.__0vsnprintf$1) refers to printf1.o(i._printf_core) for _printf_core
    printf1.o(i.__0vsnprintf$1) refers to printf1.o(i._snputc) for _snputc
    printf1.o(i.__0vsprintf$1) refers to printf1.o(i._printf_core) for _printf_core
    printf1.o(i.__0vsprintf$1) refers to printf1.o(i._sputc) for _sputc
    printf1.o(i._printf_core) refers to uidiv.o(.text) for __aeabi_uidivmod
    printf2.o(i.__0fprintf$2) refers to printf2.o(i._printf_core) for _printf_core
    printf2.o(i.__0fprintf$2) refers to uart.o(i.fputc) for fputc
    printf2.o(i.__0printf$2) refers to printf2.o(i._printf_core) for _printf_core
    printf2.o(i.__0printf$2) refers to uart.o(i.fputc) for fputc
    printf2.o(i.__0printf$2) refers to stdout.o(.data) for __stdout
    printf2.o(i.__0snprintf$2) refers to printf2.o(i._printf_core) for _printf_core
    printf2.o(i.__0snprintf$2) refers to printf2.o(i._snputc) for _snputc
    printf2.o(i.__0sprintf$2) refers to printf2.o(i._printf_core) for _printf_core
    printf2.o(i.__0sprintf$2) refers to printf2.o(i._sputc) for _sputc
    printf2.o(i.__0vfprintf$2) refers to printf2.o(i._printf_core) for _printf_core
    printf2.o(i.__0vfprintf$2) refers to uart.o(i.fputc) for fputc
    printf2.o(i.__0vprintf$2) refers to printf2.o(i._printf_core) for _printf_core
    printf2.o(i.__0vprintf$2) refers to uart.o(i.fputc) for fputc
    printf2.o(i.__0vprintf$2) refers to stdout.o(.data) for __stdout
    printf2.o(i.__0vsnprintf$2) refers to printf2.o(i._printf_core) for _printf_core
    printf2.o(i.__0vsnprintf$2) refers to printf2.o(i._snputc) for _snputc
    printf2.o(i.__0vsprintf$2) refers to printf2.o(i._printf_core) for _printf_core
    printf2.o(i.__0vsprintf$2) refers to printf2.o(i._sputc) for _sputc
    printf3.o(i.__0fprintf$3) refers to printf3.o(i._printf_core) for _printf_core
    printf3.o(i.__0fprintf$3) refers to uart.o(i.fputc) for fputc
    printf3.o(i.__0printf$3) refers to printf3.o(i._printf_core) for _printf_core
    printf3.o(i.__0printf$3) refers to uart.o(i.fputc) for fputc
    printf3.o(i.__0printf$3) refers to stdout.o(.data) for __stdout
    printf3.o(i.__0snprintf$3) refers to printf3.o(i._printf_core) for _printf_core
    printf3.o(i.__0snprintf$3) refers to printf3.o(i._snputc) for _snputc
    printf3.o(i.__0sprintf$3) refers to printf3.o(i._printf_core) for _printf_core
    printf3.o(i.__0sprintf$3) refers to printf3.o(i._sputc) for _sputc
    printf3.o(i.__0vfprintf$3) refers to printf3.o(i._printf_core) for _printf_core
    printf3.o(i.__0vfprintf$3) refers to uart.o(i.fputc) for fputc
    printf3.o(i.__0vprintf$3) refers to printf3.o(i._printf_core) for _printf_core
    printf3.o(i.__0vprintf$3) refers to uart.o(i.fputc) for fputc
    printf3.o(i.__0vprintf$3) refers to stdout.o(.data) for __stdout
    printf3.o(i.__0vsnprintf$3) refers to printf3.o(i._printf_core) for _printf_core
    printf3.o(i.__0vsnprintf$3) refers to printf3.o(i._snputc) for _snputc
    printf3.o(i.__0vsprintf$3) refers to printf3.o(i._printf_core) for _printf_core
    printf3.o(i.__0vsprintf$3) refers to printf3.o(i._sputc) for _sputc
    printf3.o(i._printf_core) refers to uidiv.o(.text) for __aeabi_uidivmod
    printf4.o(i.__0fprintf$4) refers to printf4.o(i._printf_core) for _printf_core
    printf4.o(i.__0fprintf$4) refers to uart.o(i.fputc) for fputc
    printf4.o(i.__0printf$4) refers to printf4.o(i._printf_core) for _printf_core
    printf4.o(i.__0printf$4) refers to uart.o(i.fputc) for fputc
    printf4.o(i.__0printf$4) refers to stdout.o(.data) for __stdout
    printf4.o(i.__0snprintf$4) refers to printf4.o(i._printf_core) for _printf_core
    printf4.o(i.__0snprintf$4) refers to printf4.o(i._snputc) for _snputc
    printf4.o(i.__0sprintf$4) refers to printf4.o(i._printf_core) for _printf_core
    printf4.o(i.__0sprintf$4) refers to printf4.o(i._sputc) for _sputc
    printf4.o(i.__0vfprintf$4) refers to printf4.o(i._printf_core) for _printf_core
    printf4.o(i.__0vfprintf$4) refers to uart.o(i.fputc) for fputc
    printf4.o(i.__0vprintf$4) refers to printf4.o(i._printf_core) for _printf_core
    printf4.o(i.__0vprintf$4) refers to uart.o(i.fputc) for fputc
    printf4.o(i.__0vprintf$4) refers to stdout.o(.data) for __stdout
    printf4.o(i.__0vsnprintf$4) refers to printf4.o(i._printf_core) for _printf_core
    printf4.o(i.__0vsnprintf$4) refers to printf4.o(i._snputc) for _snputc
    printf4.o(i.__0vsprintf$4) refers to printf4.o(i._printf_core) for _printf_core
    printf4.o(i.__0vsprintf$4) refers to printf4.o(i._sputc) for _sputc
    printf4.o(i._printf_core) refers to uldiv.o(.text) for __aeabi_uldivmod
    printf5.o(i.__0fprintf$5) refers to printf5.o(i._printf_core) for _printf_core
    printf5.o(i.__0fprintf$5) refers to uart.o(i.fputc) for fputc
    printf5.o(i.__0printf$5) refers to printf5.o(i._printf_core) for _printf_core
    printf5.o(i.__0printf$5) refers to uart.o(i.fputc) for fputc
    printf5.o(i.__0printf$5) refers to stdout.o(.data) for __stdout
    printf5.o(i.__0snprintf$5) refers to printf5.o(i._printf_core) for _printf_core
    printf5.o(i.__0snprintf$5) refers to printf5.o(i._snputc) for _snputc
    printf5.o(i.__0sprintf$5) refers to printf5.o(i._printf_core) for _printf_core
    printf5.o(i.__0sprintf$5) refers to printf5.o(i._sputc) for _sputc
    printf5.o(i.__0vfprintf$5) refers to printf5.o(i._printf_core) for _printf_core
    printf5.o(i.__0vfprintf$5) refers to uart.o(i.fputc) for fputc
    printf5.o(i.__0vprintf$5) refers to printf5.o(i._printf_core) for _printf_core
    printf5.o(i.__0vprintf$5) refers to uart.o(i.fputc) for fputc
    printf5.o(i.__0vprintf$5) refers to stdout.o(.data) for __stdout
    printf5.o(i.__0vsnprintf$5) refers to printf5.o(i._printf_core) for _printf_core
    printf5.o(i.__0vsnprintf$5) refers to printf5.o(i._snputc) for _snputc
    printf5.o(i.__0vsprintf$5) refers to printf5.o(i._printf_core) for _printf_core
    printf5.o(i.__0vsprintf$5) refers to printf5.o(i._sputc) for _sputc
    printf5.o(i._printf_core) refers to uldiv.o(.text) for __aeabi_uldivmod
    printf6.o(i.__0fprintf$6) refers to printf6.o(i._printf_core) for _printf_core
    printf6.o(i.__0fprintf$6) refers to uart.o(i.fputc) for fputc
    printf6.o(i.__0printf$6) refers to printf6.o(i._printf_core) for _printf_core
    printf6.o(i.__0printf$6) refers to uart.o(i.fputc) for fputc
    printf6.o(i.__0printf$6) refers to stdout.o(.data) for __stdout
    printf6.o(i.__0snprintf$6) refers to printf6.o(i._printf_core) for _printf_core
    printf6.o(i.__0snprintf$6) refers to printf6.o(i._snputc) for _snputc
    printf6.o(i.__0sprintf$6) refers to printf6.o(i._printf_core) for _printf_core
    printf6.o(i.__0sprintf$6) refers to printf6.o(i._sputc) for _sputc
    printf6.o(i.__0vfprintf$6) refers to printf6.o(i._printf_core) for _printf_core
    printf6.o(i.__0vfprintf$6) refers to uart.o(i.fputc) for fputc
    printf6.o(i.__0vprintf$6) refers to printf6.o(i._printf_core) for _printf_core
    printf6.o(i.__0vprintf$6) refers to uart.o(i.fputc) for fputc
    printf6.o(i.__0vprintf$6) refers to stdout.o(.data) for __stdout
    printf6.o(i.__0vsnprintf$6) refers to printf6.o(i._printf_core) for _printf_core
    printf6.o(i.__0vsnprintf$6) refers to printf6.o(i._snputc) for _snputc
    printf6.o(i.__0vsprintf$6) refers to printf6.o(i._printf_core) for _printf_core
    printf6.o(i.__0vsprintf$6) refers to printf6.o(i._sputc) for _sputc
    printf6.o(i._printf_core) refers to printf6.o(i._printf_pre_padding) for _printf_pre_padding
    printf6.o(i._printf_core) refers to uidiv.o(.text) for __aeabi_uidivmod
    printf6.o(i._printf_core) refers to printf6.o(i._printf_post_padding) for _printf_post_padding
    printf7.o(i.__0fprintf$7) refers to printf7.o(i._printf_core) for _printf_core
    printf7.o(i.__0fprintf$7) refers to uart.o(i.fputc) for fputc
    printf7.o(i.__0printf$7) refers to printf7.o(i._printf_core) for _printf_core
    printf7.o(i.__0printf$7) refers to uart.o(i.fputc) for fputc
    printf7.o(i.__0printf$7) refers to stdout.o(.data) for __stdout
    printf7.o(i.__0snprintf$7) refers to printf7.o(i._printf_core) for _printf_core
    printf7.o(i.__0snprintf$7) refers to printf7.o(i._snputc) for _snputc
    printf7.o(i.__0sprintf$7) refers to printf7.o(i._printf_core) for _printf_core
    printf7.o(i.__0sprintf$7) refers to printf7.o(i._sputc) for _sputc
    printf7.o(i.__0vfprintf$7) refers to printf7.o(i._printf_core) for _printf_core
    printf7.o(i.__0vfprintf$7) refers to uart.o(i.fputc) for fputc
    printf7.o(i.__0vprintf$7) refers to printf7.o(i._printf_core) for _printf_core
    printf7.o(i.__0vprintf$7) refers to uart.o(i.fputc) for fputc
    printf7.o(i.__0vprintf$7) refers to stdout.o(.data) for __stdout
    printf7.o(i.__0vsnprintf$7) refers to printf7.o(i._printf_core) for _printf_core
    printf7.o(i.__0vsnprintf$7) refers to printf7.o(i._snputc) for _snputc
    printf7.o(i.__0vsprintf$7) refers to printf7.o(i._printf_core) for _printf_core
    printf7.o(i.__0vsprintf$7) refers to printf7.o(i._sputc) for _sputc
    printf7.o(i._printf_core) refers to printf7.o(i._printf_pre_padding) for _printf_pre_padding
    printf7.o(i._printf_core) refers to uldiv.o(.text) for __aeabi_uldivmod
    printf7.o(i._printf_core) refers to printf7.o(i._printf_post_padding) for _printf_post_padding
    printf8.o(i.__0fprintf$8) refers to printf8.o(i._printf_core) for _printf_core
    printf8.o(i.__0fprintf$8) refers to uart.o(i.fputc) for fputc
    printf8.o(i.__0printf$8) refers to printf8.o(i._printf_core) for _printf_core
    printf8.o(i.__0printf$8) refers to uart.o(i.fputc) for fputc
    printf8.o(i.__0printf$8) refers to stdout.o(.data) for __stdout
    printf8.o(i.__0snprintf$8) refers to printf8.o(i._printf_core) for _printf_core
    printf8.o(i.__0snprintf$8) refers to printf8.o(i._snputc) for _snputc
    printf8.o(i.__0sprintf$8) refers to printf8.o(i._printf_core) for _printf_core
    printf8.o(i.__0sprintf$8) refers to printf8.o(i._sputc) for _sputc
    printf8.o(i.__0vfprintf$8) refers to printf8.o(i._printf_core) for _printf_core
    printf8.o(i.__0vfprintf$8) refers to uart.o(i.fputc) for fputc
    printf8.o(i.__0vprintf$8) refers to printf8.o(i._printf_core) for _printf_core
    printf8.o(i.__0vprintf$8) refers to uart.o(i.fputc) for fputc
    printf8.o(i.__0vprintf$8) refers to stdout.o(.data) for __stdout
    printf8.o(i.__0vsnprintf$8) refers to printf8.o(i._printf_core) for _printf_core
    printf8.o(i.__0vsnprintf$8) refers to printf8.o(i._snputc) for _snputc
    printf8.o(i.__0vsprintf$8) refers to printf8.o(i._printf_core) for _printf_core
    printf8.o(i.__0vsprintf$8) refers to printf8.o(i._sputc) for _sputc
    printf8.o(i._printf_core) refers to printf8.o(i._printf_pre_padding) for _printf_pre_padding
    printf8.o(i._printf_core) refers to uldiv.o(.text) for __aeabi_uldivmod
    printf8.o(i._printf_core) refers to printf8.o(i._printf_post_padding) for _printf_post_padding
    printfa.o(i.__0fprintf) refers (Special) to iusefp.o(.text) for __I$use$fp
    printfa.o(i.__0fprintf) refers to printfa.o(i._printf_core) for _printf_core
    printfa.o(i.__0fprintf) refers to uart.o(i.fputc) for fputc
    printfa.o(i.__0printf) refers (Special) to iusefp.o(.text) for __I$use$fp
    printfa.o(i.__0printf) refers to printfa.o(i._printf_core) for _printf_core
    printfa.o(i.__0printf) refers to uart.o(i.fputc) for fputc
    printfa.o(i.__0printf) refers to stdout.o(.data) for __stdout
    printfa.o(i.__0snprintf) refers (Special) to iusefp.o(.text) for __I$use$fp
    printfa.o(i.__0snprintf) refers to printfa.o(i._printf_core) for _printf_core
    printfa.o(i.__0snprintf) refers to printfa.o(i._snputc) for _snputc
    printfa.o(i.__0sprintf) refers (Special) to iusefp.o(.text) for __I$use$fp
    printfa.o(i.__0sprintf) refers to printfa.o(i._printf_core) for _printf_core
    printfa.o(i.__0sprintf) refers to printfa.o(i._sputc) for _sputc
    printfa.o(i.__0vfprintf) refers (Special) to iusefp.o(.text) for __I$use$fp
    printfa.o(i.__0vfprintf) refers to printfa.o(i._printf_core) for _printf_core
    printfa.o(i.__0vfprintf) refers to uart.o(i.fputc) for fputc
    printfa.o(i.__0vprintf) refers (Special) to iusefp.o(.text) for __I$use$fp
    printfa.o(i.__0vprintf) refers to printfa.o(i._printf_core) for _printf_core
    printfa.o(i.__0vprintf) refers to uart.o(i.fputc) for fputc
    printfa.o(i.__0vprintf) refers to stdout.o(.data) for __stdout
    printfa.o(i.__0vsnprintf) refers (Special) to iusefp.o(.text) for __I$use$fp
    printfa.o(i.__0vsnprintf) refers to printfa.o(i._printf_core) for _printf_core
    printfa.o(i.__0vsnprintf) refers to printfa.o(i._snputc) for _snputc
    printfa.o(i.__0vsprintf) refers (Special) to iusefp.o(.text) for __I$use$fp
    printfa.o(i.__0vsprintf) refers to printfa.o(i._printf_core) for _printf_core
    printfa.o(i.__0vsprintf) refers to printfa.o(i._sputc) for _sputc
    printfa.o(i._fp_digits) refers (Special) to iusefp.o(.text) for __I$use$fp
    printfa.o(i._fp_digits) refers to dmul.o(.text) for __aeabi_dmul
    printfa.o(i._fp_digits) refers to ddiv.o(.text) for __aeabi_ddiv
    printfa.o(i._fp_digits) refers to cdrcmple.o(.text) for __aeabi_cdrcmple
    printfa.o(i._fp_digits) refers to dadd.o(.text) for __aeabi_dadd
    printfa.o(i._fp_digits) refers to dfixul.o(.text) for __aeabi_d2ulz
    printfa.o(i._fp_digits) refers to uldiv.o(.text) for __aeabi_uldivmod
    printfa.o(i._printf_core) refers (Special) to iusefp.o(.text) for __I$use$fp
    printfa.o(i._printf_core) refers to printfa.o(i._printf_pre_padding) for _printf_pre_padding
    printfa.o(i._printf_core) refers to uldiv.o(.text) for __aeabi_uldivmod
    printfa.o(i._printf_core) refers to printfa.o(i._printf_post_padding) for _printf_post_padding
    printfa.o(i._printf_core) refers to printfa.o(i._fp_digits) for _fp_digits
    printfa.o(i._printf_core) refers to uidiv.o(.text) for __aeabi_uidivmod
    printfa.o(i._printf_post_padding) refers (Special) to iusefp.o(.text) for __I$use$fp
    printfa.o(i._printf_pre_padding) refers (Special) to iusefp.o(.text) for __I$use$fp
    printfa.o(i._snputc) refers (Special) to iusefp.o(.text) for __I$use$fp
    printfa.o(i._sputc) refers (Special) to iusefp.o(.text) for __I$use$fp
    entry2.o(.ARM.Collect$$$$00000001) refers to entry2.o(.ARM.Collect$$$$00002712) for __lit__00000000
    entry2.o(.ARM.Collect$$$$00002712) refers to startup.o(STACK) for __initial_sp
    entry2.o(__vectab_stack_and_reset_area) refers to startup.o(STACK) for __initial_sp
    entry2.o(__vectab_stack_and_reset_area) refers to entry.o(.ARM.Collect$$$$00000000) for __main
    entry5.o(.ARM.Collect$$$$00000004) refers to init.o(.text) for __scatterload
    entry9a.o(.ARM.Collect$$$$0000000B) refers to main.o(i.main) for main
    entry9b.o(.ARM.Collect$$$$0000000C) refers to main.o(i.main) for main
    uldiv.o(.text) refers to llushr.o(.text) for __aeabi_llsr
    uldiv.o(.text) refers to llshl.o(.text) for __aeabi_llsl
    dadd.o(.text) refers to llshl.o(.text) for __aeabi_llsl
    dadd.o(.text) refers to llsshr.o(.text) for __aeabi_lasr
    dadd.o(.text) refers to depilogue.o(.text) for _double_epilogue
    dmul.o(.text) refers to depilogue.o(.text) for _double_epilogue
    ddiv.o(.text) refers to depilogue.o(.text) for _double_round
    dfixul.o(.text) refers to llushr.o(.text) for __aeabi_llsr
    dfixul.o(.text) refers to llshl.o(.text) for __aeabi_llsl
    init.o(.text) refers to entry5.o(.ARM.Collect$$$$00000004) for __main_after_scatterload
    depilogue.o(.text) refers to llshl.o(.text) for __aeabi_llsl
    depilogue.o(.text) refers to llushr.o(.text) for __aeabi_llsr


==============================================================================

Removing Unused input sections from the image.

    Removing startup.o(HEAP), (0 bytes).
    Removing main.o(i.UserTask), (2 bytes).
    Removing timer2.o(i.Timer2_Init), (96 bytes).
    Removing st7735.o(i.Output_Clear), (10 bytes).
    Removing st7735.o(i.Output_Color), (12 bytes).
    Removing st7735.o(i.Output_Off), (8 bytes).
    Removing st7735.o(i.Output_On), (8 bytes).
    Removing st7735.o(i.ST7735_Color565), (24 bytes).
    Removing st7735.o(i.ST7735_DrawBitmap), (288 bytes).
    Removing st7735.o(i.ST7735_DrawString), (92 bytes).
    Removing st7735.o(i.ST7735_InitB), (40 bytes).
    Removing st7735.o(i.ST7735_InvertDisplay), (22 bytes).
    Removing st7735.o(i.ST7735_OutChar), (216 bytes).
    Removing st7735.o(i.ST7735_OutString), (24 bytes).
    Removing st7735.o(i.ST7735_OutUDec), (144 bytes).
    Removing st7735.o(i.ST7735_Output_Init), (16 bytes).
    Removing st7735.o(i.ST7735_PlotBar), (88 bytes).
    Removing st7735.o(i.ST7735_PlotClear), (92 bytes).
    Removing st7735.o(i.ST7735_PlotLine), (264 bytes).
    Removing st7735.o(i.ST7735_PlotNext), (32 bytes).
    Removing st7735.o(i.ST7735_PlotNextErase), (64 bytes).
    Removing st7735.o(i.ST7735_PlotPoint), (152 bytes).
    Removing st7735.o(i.ST7735_PlotPoints), (172 bytes).
    Removing st7735.o(i.ST7735_PlotdBfs), (60 bytes).
    Removing st7735.o(i.ST7735_SetRotation), (212 bytes).
    Removing st7735.o(i.ST7735_SetTextColor), (12 bytes).
    Removing st7735.o(i.ST7735_SwapColor), (18 bytes).
    Removing st7735.o(i.ST7735_fputc), (16 bytes).
    Removing st7735.o(i.ferror), (8 bytes).
    Removing st7735.o(i.fgetc), (6 bytes).
    Removing st7735.o(i.fillmessage), (72 bytes).
    Removing st7735.o(.bss), (12 bytes).
    Removing esp8266.o(i.ESP8266ProcessInput), (148 bytes).
    Removing esp8266.o(i.ESP8266_ConfigureAccessPoint), (120 bytes).
    Removing esp8266.o(i.ESP8266_DisableRXInterrupt), (12 bytes).
    Removing esp8266.o(i.ESP8266_DisableServer), (96 bytes).
    Removing esp8266.o(i.ESP8266_EnableServer), (56 bytes).
    Removing esp8266.o(i.ESP8266_GetIPAddress), (68 bytes).
    Removing esp8266.o(i.ESP8266_ListAccessPoints), (68 bytes).
    Removing esp8266.o(i.ESP8266_QuitAccessPoint), (68 bytes).
    Removing esp8266.o(i.ESP8266_SetConnectionMux), (88 bytes).
    Removing esp8266.o(i.ESP8266_SetServerTimeout), (52 bytes).
    Removing esp8266.o(i.HTTP_ServePage), (140 bytes).
    Removing esp8266.o(.constdata), (318 bytes).
    Removing led.o(i.Board_Input), (24 bytes).
    Removing led.o(i.LED_BlueToggle), (20 bytes).
    Removing led.o(i.LED_GreenOff), (12 bytes).
    Removing led.o(i.LED_GreenOn), (12 bytes).
    Removing led.o(i.LED_GreenToggle), (20 bytes).
    Removing led.o(i.LED_Init), (108 bytes).
    Removing led.o(i.LED_RedOff), (12 bytes).
    Removing led.o(i.LED_RedOn), (12 bytes).
    Removing led.o(i.LED_RedToggle), (20 bytes).
    Removing uart.o(i.Output_Init), (8 bytes).
    Removing uart.o(i.RxFifo_Get), (60 bytes).
    Removing uart.o(i.UART_InChar), (20 bytes).
    Removing uart.o(i.UART_InCharNonBlock), (20 bytes).
    Removing uart.o(i.UART_InString), (70 bytes).
    Removing uart.o(i.UART_InUDec), (76 bytes).
    Removing uart.o(i.UART_InUHex), (108 bytes).
    Removing uart.o(i.UART_OutString), (24 bytes).
    Removing uart.o(i.UART_OutUDec), (42 bytes).
    Removing uart.o(i.UART_OutUHex), (52 bytes).
    Removing dadd.o(.text), (334 bytes).
    Removing dmul.o(.text), (228 bytes).
    Removing ddiv.o(.text), (222 bytes).
    Removing dfixul.o(.text), (48 bytes).
    Removing cdrcmple.o(.text), (40 bytes).
    Removing depilogue.o(.text), (190 bytes).

69 unused section(s) (total 5298 bytes) removed from the image.

==============================================================================

Image Symbol Table

    Local Symbols

    Symbol Name                              Value     Ov Type        Size  Object(Section)

    RESET                                    0x00000000   Section      644  startup.o(RESET)
    ../clib/../cmprslib/lz77c.c              0x00000000   Number         0  __dclz77c.o ABSOLUTE
    ../clib/microlib/division.c              0x00000000   Number         0  uldiv.o ABSOLUTE
    ../clib/microlib/division.c              0x00000000   Number         0  uidiv.o ABSOLUTE
    ../clib/microlib/init/entry.s            0x00000000   Number         0  entry.o ABSOLUTE
    ../clib/microlib/init/entry.s            0x00000000   Number         0  entry11a.o ABSOLUTE
    ../clib/microlib/init/entry.s            0x00000000   Number         0  entry10a.o ABSOLUTE
    ../clib/microlib/init/entry.s            0x00000000   Number         0  entry8a.o ABSOLUTE
    ../clib/microlib/init/entry.s            0x00000000   Number         0  entry10b.o ABSOLUTE
    ../clib/microlib/init/entry.s            0x00000000   Number         0  entry2.o ABSOLUTE
    ../clib/microlib/init/entry.s            0x00000000   Number         0  entry11b.o ABSOLUTE
    ../clib/microlib/init/entry.s            0x00000000   Number         0  entry5.o ABSOLUTE
    ../clib/microlib/init/entry.s            0x00000000   Number         0  entry9b.o ABSOLUTE
    ../clib/microlib/init/entry.s            0x00000000   Number         0  entry7a.o ABSOLUTE
    ../clib/microlib/init/entry.s            0x00000000   Number         0  entry9a.o ABSOLUTE
    ../clib/microlib/init/entry.s            0x00000000   Number         0  entry7b.o ABSOLUTE
    ../clib/microlib/init/entry.s            0x00000000   Number         0  entry8b.o ABSOLUTE
    ../clib/microlib/longlong.c              0x00000000   Number         0  llsshr.o ABSOLUTE
    ../clib/microlib/longlong.c              0x00000000   Number         0  llushr.o ABSOLUTE
    ../clib/microlib/longlong.c              0x00000000   Number         0  llshl.o ABSOLUTE
    ../clib/microlib/printf/printf.c         0x00000000   Number         0  printf2.o ABSOLUTE
    ../clib/microlib/printf/printf.c         0x00000000   Number         0  printf1.o ABSOLUTE
    ../clib/microlib/printf/printf.c         0x00000000   Number         0  printfb.o ABSOLUTE
    ../clib/microlib/printf/printf.c         0x00000000   Number         0  printf4.o ABSOLUTE
    ../clib/microlib/printf/printf.c         0x00000000   Number         0  printf0.o ABSOLUTE
    ../clib/microlib/printf/printf.c         0x00000000   Number         0  printfa.o ABSOLUTE
    ../clib/microlib/printf/printf.c         0x00000000   Number         0  printf8.o ABSOLUTE
    ../clib/microlib/printf/printf.c         0x00000000   Number         0  printf7.o ABSOLUTE
    ../clib/microlib/printf/printf.c         0x00000000   Number         0  printf6.o ABSOLUTE
    ../clib/microlib/printf/printf.c         0x00000000   Number         0  printf5.o ABSOLUTE
    ../clib/microlib/printf/printf.c         0x00000000   Number         0  printf3.o ABSOLUTE
    ../clib/microlib/printf/stubs.s          0x00000000   Number         0  stubs.o ABSOLUTE
    ../clib/microlib/stdio/streams.c         0x00000000   Number         0  stdout.o ABSOLUTE
    ../clib/microlib/string/memcpy.c         0x00000000   Number         0  memcpya.o ABSOLUTE
    ../clib/microlib/string/memcpy.c         0x00000000   Number         0  memcpyb.o ABSOLUTE
    ../clib/microlib/string/strcpy.c         0x00000000   Number         0  strcpy.o ABSOLUTE
    ../clib/microlib/string/strlen.c         0x00000000   Number         0  strlen.o ABSOLUTE
    ../clib/microlib/string/strstr.c         0x00000000   Number         0  strstr.o ABSOLUTE
    ../clib/microlib/stubs.s                 0x00000000   Number         0  iusefp.o ABSOLUTE
    ../fplib/microlib/fpadd.c                0x00000000   Number         0  dadd.o ABSOLUTE
    ../fplib/microlib/fpdiv.c                0x00000000   Number         0  ddiv.o ABSOLUTE
    ../fplib/microlib/fpepilogue.c           0x00000000   Number         0  depilogue.o ABSOLUTE
    ../fplib/microlib/fpfix.c                0x00000000   Number         0  dfixul.o ABSOLUTE
    ../fplib/microlib/fpmul.c                0x00000000   Number         0  dmul.o ABSOLUTE
    ADCSWTrigger.c                           0x00000000   Number         0  adcswtrigger.o ABSOLUTE
    LCD.c                                    0x00000000   Number         0  lcd.o ABSOLUTE
    LED.c                                    0x00000000   Number         0  led.o ABSOLUTE
    PLL.c                                    0x00000000   Number         0  pll.o ABSOLUTE
    ST7735.c                                 0x00000000   Number         0  st7735.o ABSOLUTE
    Switch.c                                 0x00000000   Number         0  switch.o ABSOLUTE
    Timer2.c                                 0x00000000   Number         0  timer2.o ABSOLUTE
    UART.c                                   0x00000000   Number         0  uart.o ABSOLUTE
    cdrcmple.s                               0x00000000   Number         0  cdrcmple.o ABSOLUTE
    dc.s                                     0x00000000   Number         0  dc.o ABSOLUTE
    esp8266.c                                0x00000000   Number         0  esp8266.o ABSOLUTE
    handlers.s                               0x00000000   Number         0  handlers.o ABSOLUTE
    init.s                                   0x00000000   Number         0  init.o ABSOLUTE
    main.c                                   0x00000000   Number         0  main.o ABSOLUTE
    startup.s                                0x00000000   Number         0  startup.o ABSOLUTE
    .ARM.Collect$$$$00000000                 0x00000284   Section        0  entry.o(.ARM.Collect$$$$00000000)
    .ARM.Collect$$$$00000001                 0x00000284   Section        4  entry2.o(.ARM.Collect$$$$00000001)
    .ARM.Collect$$$$00000004                 0x00000288   Section        4  entry5.o(.ARM.Collect$$$$00000004)
    .ARM.Collect$$$$00000008                 0x0000028c   Section        0  entry7b.o(.ARM.Collect$$$$00000008)
    .ARM.Collect$$$$0000000A                 0x0000028c   Section        0  entry8b.o(.ARM.Collect$$$$0000000A)
    .ARM.Collect$$$$0000000B                 0x0000028c   Section        8  entry9a.o(.ARM.Collect$$$$0000000B)
    .ARM.Collect$$$$0000000D                 0x00000294   Section        0  entry10a.o(.ARM.Collect$$$$0000000D)
    .ARM.Collect$$$$0000000F                 0x00000294   Section        0  entry11a.o(.ARM.Collect$$$$0000000F)
    .ARM.Collect$$$$00002712                 0x00000294   Section        4  entry2.o(.ARM.Collect$$$$00002712)
    __lit__00000000                          0x00000294   Data           4  entry2.o(.ARM.Collect$$$$00002712)
    .text                                    0x00000298   Section       28  startup.o(.text)
    .text                                    0x000002b4   Section        0  strlen.o(.text)
    .text                                    0x000002c2   Section        0  strcpy.o(.text)
    .text                                    0x000002d4   Section        0  uidiv.o(.text)
    .text                                    0x00000300   Section       36  init.o(.text)
    .text                                    0x00000324   Section        0  __dclz77c.o(.text)
    i.ADC0_InSeq3                            0x00000384   Section        0  adcswtrigger.o(i.ADC0_InSeq3)
    i.ADC0_InitSWTriggerSeq3_Ch9             0x000003b0   Section        0  adcswtrigger.o(i.ADC0_InitSWTriggerSeq3_Ch9)
    i.ADCPinState                            0x000004ac   Section        0  adcswtrigger.o(i.ADCPinState)
    i.ADCRectState                           0x000004c4   Section        0  adcswtrigger.o(i.ADCRectState)
    i.CastBallotScreen                       0x00000514   Section        0  lcd.o(i.CastBallotScreen)
    i.Delay1ms                               0x000005a4   Section        0  st7735.o(i.Delay1ms)
    i.DelayMs                                0x000005c4   Section        0  esp8266.o(i.DelayMs)
    i.DelayMsSearching                       0x000005e4   Section        0  esp8266.o(i.DelayMsSearching)
    i.DelayWait10ms                          0x00000614   Section        0  switch.o(i.DelayWait10ms)
    i.DeselectChoice                         0x00000634   Section        0  lcd.o(i.DeselectChoice)
    i.DrawPinInput                           0x00000694   Section        0  lcd.o(i.DrawPinInput)
    i.DrawSelectedBox                        0x000006d0   Section        0  lcd.o(i.DrawSelectedBox)
    i.ESP8266FIFOtoBuffer                    0x00000718   Section        0  esp8266.o(i.ESP8266FIFOtoBuffer)
    i.ESP8266SendCommand                     0x00000794   Section        0  esp8266.o(i.ESP8266SendCommand)
    i.ESP8266_CloseTCPConnection             0x000007b0   Section        0  esp8266.o(i.ESP8266_CloseTCPConnection)
    i.ESP8266_EnableRXInterrupt              0x000007f8   Section        0  esp8266.o(i.ESP8266_EnableRXInterrupt)
    i.ESP8266_GetStatus                      0x00000804   Section        0  esp8266.o(i.ESP8266_GetStatus)
    i.ESP8266_GetVersionNumber               0x0000084c   Section        0  esp8266.o(i.ESP8266_GetVersionNumber)
    i.ESP8266_Init                           0x00000890   Section        0  esp8266.o(i.ESP8266_Init)
    i.ESP8266_InitUART                       0x00000a1c   Section        0  esp8266.o(i.ESP8266_InitUART)
    i.ESP8266_JoinAccessPoint                0x00000b2c   Section        0  esp8266.o(i.ESP8266_JoinAccessPoint)
    i.ESP8266_MakeTCPConnection              0x00000b90   Section        0  esp8266.o(i.ESP8266_MakeTCPConnection)
    i.ESP8266_PrintChar                      0x00000bf4   Section        0  esp8266.o(i.ESP8266_PrintChar)
    i.ESP8266_Reset                          0x00000c0c   Section        0  esp8266.o(i.ESP8266_Reset)
    i.ESP8266_SendTCP                        0x00000c80   Section        0  esp8266.o(i.ESP8266_SendTCP)
    i.ESP8266_SetDataTransmissionMode        0x00000d00   Section        0  esp8266.o(i.ESP8266_SetDataTransmissionMode)
    i.ESP8266_SetWifiMode                    0x00000d58   Section        0  esp8266.o(i.ESP8266_SetWifiMode)
    i.EnableScreenInit                       0x00000dc0   Section        0  lcd.o(i.EnableScreenInit)
    i.ErrorScreenInit                        0x00000e44   Section        0  lcd.o(i.ErrorScreenInit)
    i.PLL_Init                               0x00000ed0   Section        0  pll.o(i.PLL_Init)
    i.PinFailScreen                          0x00000f4c   Section        0  lcd.o(i.PinFailScreen)
    i.PinScreenInit                          0x00000fd0   Section        0  lcd.o(i.PinScreenInit)
    i.PinVerifyScreen                        0x00001150   Section        0  lcd.o(i.PinVerifyScreen)
    i.PortE_Switch_Init                      0x000011dc   Section        0  switch.o(i.PortE_Switch_Init)
    i.RxFifo_Init                            0x00001240   Section        0  uart.o(i.RxFifo_Init)
    i.RxFifo_Put                             0x00001264   Section        0  uart.o(i.RxFifo_Put)
    i.RxFifo_Size                            0x000012a0   Section        0  uart.o(i.RxFifo_Size)
    i.ST7735_DrawChar                        0x000012b8   Section        0  st7735.o(i.ST7735_DrawChar)
    i.ST7735_DrawCharS                       0x000013c4   Section        0  st7735.o(i.ST7735_DrawCharS)
    i.ST7735_DrawFastHLine                   0x000014b8   Section        0  st7735.o(i.ST7735_DrawFastHLine)
    i.ST7735_DrawFastVLine                   0x00001534   Section        0  st7735.o(i.ST7735_DrawFastVLine)
    i.ST7735_DrawPixel                       0x000015b0   Section        0  st7735.o(i.ST7735_DrawPixel)
    i.ST7735_DrawSquare                      0x000015f8   Section        0  st7735.o(i.ST7735_DrawSquare)
    i.ST7735_DrawStringS                     0x0000163c   Section        0  st7735.o(i.ST7735_DrawStringS)
    i.ST7735_DrawStringUnfixed               0x000016e0   Section        0  st7735.o(i.ST7735_DrawStringUnfixed)
    i.ST7735_FillRect                        0x00001744   Section        0  st7735.o(i.ST7735_FillRect)
    i.ST7735_FillScreen                      0x000017f0   Section        0  st7735.o(i.ST7735_FillScreen)
    i.ST7735_InitR                           0x00001814   Section        0  st7735.o(i.ST7735_InitR)
    i.ST7735_SetCursor                       0x00001890   Section        0  st7735.o(i.ST7735_SetCursor)
    i.SearchCheck                            0x000018b0   Section        0  esp8266.o(i.SearchCheck)
    i.SearchStart                            0x00001904   Section        0  esp8266.o(i.SearchStart)
    i.SelectChoice                           0x00001934   Section        0  lcd.o(i.SelectChoice)
    i.SelectionScreenInit                    0x0000198c   Section        0  lcd.o(i.SelectionScreenInit)
    i.ServerResponseSearchCheck              0x00001b7c   Section        0  esp8266.o(i.ServerResponseSearchCheck)
    i.ServerResponseSearchStart              0x00001c50   Section        0  esp8266.o(i.ServerResponseSearchStart)
    i.Switch_Input                           0x00001c90   Section        0  switch.o(i.Switch_Input)
    i.Timer2A_Handler                        0x00001d2c   Section        0  timer2.o(i.Timer2A_Handler)
    i.TxFifo_Get                             0x00001d44   Section        0  uart.o(i.TxFifo_Get)
    i.TxFifo_Init                            0x00001d80   Section        0  uart.o(i.TxFifo_Init)
    i.TxFifo_Put                             0x00001da4   Section        0  uart.o(i.TxFifo_Put)
    i.TxFifo_Size                            0x00001de0   Section        0  uart.o(i.TxFifo_Size)
    i.UART0_Handler                          0x00001df8   Section        0  uart.o(i.UART0_Handler)
    i.UART1_Handler                          0x00001e50   Section        0  esp8266.o(i.UART1_Handler)
    i.UART_Init                              0x00001e80   Section        0  uart.o(i.UART_Init)
    i.UART_OutChar                           0x00001f48   Section        0  uart.o(i.UART_OutChar)
    i.UART_OutCharNonBlock                   0x00001f7c   Section        0  uart.o(i.UART_OutCharNonBlock)
    i.UpdatePinSquare                        0x00001fb0   Section        0  lcd.o(i.UpdatePinSquare)
    i.__0printf$3                            0x00002110   Section        0  printf3.o(i.__0printf$3)
    i.__0sprintf$3                           0x00002130   Section        0  printf3.o(i.__0sprintf$3)
    i.__scatterload_copy                     0x00002158   Section       14  handlers.o(i.__scatterload_copy)
    i.__scatterload_null                     0x00002166   Section        2  handlers.o(i.__scatterload_null)
    i.__scatterload_zeroinit                 0x00002168   Section       14  handlers.o(i.__scatterload_zeroinit)
    i._printf_core                           0x00002178   Section        0  printf3.o(i._printf_core)
    _printf_core                             0x00002179   Thumb Code   436  printf3.o(i._printf_core)
    i._sputc                                 0x00002330   Section        0  printf3.o(i._sputc)
    _sputc                                   0x00002331   Thumb Code    10  printf3.o(i._sputc)
    i.castBallot                             0x0000233c   Section        0  main.o(i.castBallot)
    i.commandList                            0x000023e4   Section        0  st7735.o(i.commandList)
    commandList                              0x000023e5   Thumb Code    86  st7735.o(i.commandList)
    i.commonInit                             0x0000243c   Section        0  st7735.o(i.commonInit)
    commonInit                               0x0000243d   Thumb Code   340  st7735.o(i.commonInit)
    i.copyHardwareToSoftware                 0x000025c0   Section        0  uart.o(i.copyHardwareToSoftware)
    copyHardwareToSoftware                   0x000025c1   Thumb Code    40  uart.o(i.copyHardwareToSoftware)
    i.copySoftwareToHardware                 0x000025ec   Section        0  uart.o(i.copySoftwareToHardware)
    copySoftwareToHardware                   0x000025ed   Thumb Code    38  uart.o(i.copySoftwareToHardware)
    i.fputc                                  0x00002618   Section        0  uart.o(i.fputc)
    i.getServerPin                           0x00002628   Section        0  esp8266.o(i.getServerPin)
    i.isPinValid                             0x00002684   Section        0  main.o(i.isPinValid)
    i.lc                                     0x00002738   Section        0  esp8266.o(i.lc)
    i.main                                   0x00002748   Section        0  main.o(i.main)
    i.pushColor                              0x00002a70   Section        0  st7735.o(i.pushColor)
    pushColor                                0x00002a71   Thumb Code    18  st7735.o(i.pushColor)
    i.setAddrWindow                          0x00002a84   Section        0  st7735.o(i.setAddrWindow)
    setAddrWindow                            0x00002a85   Thumb Code   106  st7735.o(i.setAddrWindow)
    i.writecommand                           0x00002af8   Section        0  st7735.o(i.writecommand)
    writecommand                             0x00002af9   Thumb Code    40  st7735.o(i.writecommand)
    i.writedata                              0x00002b28   Section        0  st7735.o(i.writedata)
    writedata                                0x00002b29   Thumb Code    24  st7735.o(i.writedata)
    .constdata                               0x00002b48   Section     2018  st7735.o(.constdata)
    Font                                     0x00002b48   Data        1275  st7735.o(.constdata)
    Bcmd                                     0x00003043   Data         103  st7735.o(.constdata)
    Rcmd1                                    0x000030aa   Data          59  st7735.o(.constdata)
    Rcmd2green                               0x000030e5   Data          13  st7735.o(.constdata)
    Rcmd2red                                 0x000030f2   Data          13  st7735.o(.constdata)
    Rcmd3                                    0x000030ff   Data          43  st7735.o(.constdata)
    .data                                    0x20000000   Section      377  main.o(.data)
    .data                                    0x2000017c   Section        4  timer2.o(.data)
    .data                                    0x20000180   Section       44  st7735.o(.data)
    _width                                   0x2000018a   Data           2  st7735.o(.data)
    _height                                  0x2000018c   Data           2  st7735.o(.data)
    ColStart                                 0x20000194   Data           1  st7735.o(.data)
    RowStart                                 0x20000195   Data           1  st7735.o(.data)
    Rotation                                 0x20000196   Data           1  st7735.o(.data)
    TabColor                                 0x20000197   Data           1  st7735.o(.data)
    .data                                    0x200001ac   Section        1  switch.o(.data)
    .data                                    0x200001b0   Section       68  esp8266.o(.data)
    .data                                    0x200001f4   Section      193  lcd.o(.data)
    presidentChoices                         0x200001f4   Data          40  lcd.o(.data)
    vicePresidentChoices                     0x2000021c   Data          30  lcd.o(.data)
    techCoreChoices                          0x2000023a   Data          30  lcd.o(.data)
    buildingChoices                          0x20000258   Data          40  lcd.o(.data)
    petChoices                               0x20000280   Data          40  lcd.o(.data)
    .data                                    0x200002b8   Section       16  uart.o(.data)
    .data                                    0x200002c8   Section        4  stdout.o(.data)
    .bss                                     0x200002cc   Section     3104  esp8266.o(.bss)
    .bss                                     0x20000eec   Section     2048  uart.o(.bss)
    RxFifo                                   0x20000eec   Data        1024  uart.o(.bss)
    TxFifo                                   0x200012ec   Data        1024  uart.o(.bss)
    STACK                                    0x200016f0   Section     1024  startup.o(STACK)
    StackMem                                 0x200016f0   Data           0  startup.o(STACK)

    Global Symbols

    Symbol Name                              Value     Ov Type        Size  Object(Section)

    BuildAttributes$$THM_ISAv4$E$P$D$K$B$S$7EM$PE$A:L22UL41UL21$X:L11$S22US41US21$IEEE1$IW$USESV6$~STKCKD$USESV7$~SHL$OSPACE$ROPI$EBA8$MICROLIB$REQ8$PRES8$EABIv2 0x00000000   Number         0  anon$$obj.o ABSOLUTE
    __ARM_use_no_argv                        0x00000000   Number         0  main.o ABSOLUTE
    __Vectors                                0x00000000   Data           0  startup.o(RESET)
    _printf_a                                0x00000000   Number         0  stubs.o ABSOLUTE
    _printf_c                                0x00000000   Number         0  stubs.o ABSOLUTE
    _printf_charcount                        0x00000000   Number         0  stubs.o ABSOLUTE
    _printf_d                                0x00000000   Number         0  stubs.o ABSOLUTE
    _printf_e                                0x00000000   Number         0  stubs.o ABSOLUTE
    _printf_f                                0x00000000   Number         0  stubs.o ABSOLUTE
    _printf_flags                            0x00000000   Number         0  stubs.o ABSOLUTE
    _printf_fp_dec                           0x00000000   Number         0  stubs.o ABSOLUTE
    _printf_fp_hex                           0x00000000   Number         0  stubs.o ABSOLUTE
    _printf_g                                0x00000000   Number         0  stubs.o ABSOLUTE
    _printf_i                                0x00000000   Number         0  stubs.o ABSOLUTE
    _printf_int_dec                          0x00000000   Number         0  stubs.o ABSOLUTE
    _printf_l                                0x00000000   Number         0  stubs.o ABSOLUTE
    _printf_lc                               0x00000000   Number         0  stubs.o ABSOLUTE
    _printf_ll                               0x00000000   Number         0  stubs.o ABSOLUTE
    _printf_lld                              0x00000000   Number         0  stubs.o ABSOLUTE
    _printf_lli                              0x00000000   Number         0  stubs.o ABSOLUTE
    _printf_llo                              0x00000000   Number         0  stubs.o ABSOLUTE
    _printf_llu                              0x00000000   Number         0  stubs.o ABSOLUTE
    _printf_llx                              0x00000000   Number         0  stubs.o ABSOLUTE
    _printf_longlong_dec                     0x00000000   Number         0  stubs.o ABSOLUTE
    _printf_longlong_hex                     0x00000000   Number         0  stubs.o ABSOLUTE
    _printf_longlong_oct                     0x00000000   Number         0  stubs.o ABSOLUTE
    _printf_ls                               0x00000000   Number         0  stubs.o ABSOLUTE
    _printf_mbtowc                           0x00000000   Number         0  stubs.o ABSOLUTE
    _printf_n                                0x00000000   Number         0  stubs.o ABSOLUTE
    _printf_o                                0x00000000   Number         0  stubs.o ABSOLUTE
    _printf_p                                0x00000000   Number         0  stubs.o ABSOLUTE
    _printf_percent                          0x00000000   Number         0  stubs.o ABSOLUTE
    _printf_pre_padding                      0x00000000   Number         0  stubs.o ABSOLUTE
    _printf_return_value                     0x00000000   Number         0  stubs.o ABSOLUTE
    _printf_s                                0x00000000   Number         0  stubs.o ABSOLUTE
    _printf_sizespec                         0x00000000   Number         0  stubs.o ABSOLUTE
    _printf_str                              0x00000000   Number         0  stubs.o ABSOLUTE
    _printf_truncate_signed                  0x00000000   Number         0  stubs.o ABSOLUTE
    _printf_truncate_unsigned                0x00000000   Number         0  stubs.o ABSOLUTE
    _printf_u                                0x00000000   Number         0  stubs.o ABSOLUTE
    _printf_wc                               0x00000000   Number         0  stubs.o ABSOLUTE
    _printf_wctomb                           0x00000000   Number         0  stubs.o ABSOLUTE
    _printf_widthprec                        0x00000000   Number         0  stubs.o ABSOLUTE
    _printf_x                                0x00000000   Number         0  stubs.o ABSOLUTE
    __cpp_initialize__aeabi_                  - Undefined Weak Reference
    __cxa_finalize                            - Undefined Weak Reference
    _clock_init                               - Undefined Weak Reference
    _microlib_exit                            - Undefined Weak Reference
    Reset_Handler                            0x0000026d   Thumb Code     0  startup.o(RESET)
    NMI_Handler                              0x00000271   Thumb Code     2  startup.o(RESET)
    HardFault_Handler                        0x00000273   Thumb Code     2  startup.o(RESET)
    MemManage_Handler                        0x00000275   Thumb Code     2  startup.o(RESET)
    BusFault_Handler                         0x00000277   Thumb Code     2  startup.o(RESET)
    UsageFault_Handler                       0x00000279   Thumb Code     2  startup.o(RESET)
    SVC_Handler                              0x0000027b   Thumb Code     2  startup.o(RESET)
    DebugMon_Handler                         0x0000027d   Thumb Code     2  startup.o(RESET)
    PendSV_Handler                           0x0000027f   Thumb Code     2  startup.o(RESET)
    SysTick_Handler                          0x00000281   Thumb Code     2  startup.o(RESET)
    ADC0Seq0_Handler                         0x00000283   Thumb Code     0  startup.o(RESET)
    ADC0Seq1_Handler                         0x00000283   Thumb Code     0  startup.o(RESET)
    ADC0Seq2_Handler                         0x00000283   Thumb Code     0  startup.o(RESET)
    ADC0Seq3_Handler                         0x00000283   Thumb Code     0  startup.o(RESET)
    ADC1Seq0_Handler                         0x00000283   Thumb Code     0  startup.o(RESET)
    ADC1Seq1_Handler                         0x00000283   Thumb Code     0  startup.o(RESET)
    ADC1Seq2_Handler                         0x00000283   Thumb Code     0  startup.o(RESET)
    ADC1Seq3_Handler                         0x00000283   Thumb Code     0  startup.o(RESET)
    CAN0_Handler                             0x00000283   Thumb Code     0  startup.o(RESET)
    CAN1_Handler                             0x00000283   Thumb Code     0  startup.o(RESET)
    CAN2_Handler                             0x00000283   Thumb Code     0  startup.o(RESET)
    Comp0_Handler                            0x00000283   Thumb Code     0  startup.o(RESET)
    Comp1_Handler                            0x00000283   Thumb Code     0  startup.o(RESET)
    Comp2_Handler                            0x00000283   Thumb Code     0  startup.o(RESET)
    Ethernet_Handler                         0x00000283   Thumb Code     0  startup.o(RESET)
    ExtBus_Handler                           0x00000283   Thumb Code     0  startup.o(RESET)
    FPU_Handler                              0x00000283   Thumb Code     0  startup.o(RESET)
    Fan0_Handler                             0x00000283   Thumb Code     0  startup.o(RESET)
    FlashCtl_Handler                         0x00000283   Thumb Code     0  startup.o(RESET)
    GPIOPortA_Handler                        0x00000283   Thumb Code     0  startup.o(RESET)
    GPIOPortB_Handler                        0x00000283   Thumb Code     0  startup.o(RESET)
    GPIOPortC_Handler                        0x00000283   Thumb Code     0  startup.o(RESET)
    GPIOPortD_Handler                        0x00000283   Thumb Code     0  startup.o(RESET)
    GPIOPortE_Handler                        0x00000283   Thumb Code     0  startup.o(RESET)
    GPIOPortF_Handler                        0x00000283   Thumb Code     0  startup.o(RESET)
    GPIOPortG_Handler                        0x00000283   Thumb Code     0  startup.o(RESET)
    GPIOPortH_Handler                        0x00000283   Thumb Code     0  startup.o(RESET)
    GPIOPortJ_Handler                        0x00000283   Thumb Code     0  startup.o(RESET)
    GPIOPortK_Handler                        0x00000283   Thumb Code     0  startup.o(RESET)
    GPIOPortL_Handler                        0x00000283   Thumb Code     0  startup.o(RESET)
    GPIOPortM_Handler                        0x00000283   Thumb Code     0  startup.o(RESET)
    GPIOPortN_Handler                        0x00000283   Thumb Code     0  startup.o(RESET)
    GPIOPortP1_Handler                       0x00000283   Thumb Code     0  startup.o(RESET)
    GPIOPortP2_Handler                       0x00000283   Thumb Code     0  startup.o(RESET)
    GPIOPortP3_Handler                       0x00000283   Thumb Code     0  startup.o(RESET)
    GPIOPortP4_Handler                       0x00000283   Thumb Code     0  startup.o(RESET)
    GPIOPortP5_Handler                       0x00000283   Thumb Code     0  startup.o(RESET)
    GPIOPortP6_Handler                       0x00000283   Thumb Code     0  startup.o(RESET)
    GPIOPortP7_Handler                       0x00000283   Thumb Code     0  startup.o(RESET)
    GPIOPortP_Handler                        0x00000283   Thumb Code     0  startup.o(RESET)
    GPIOPortQ1_Handler                       0x00000283   Thumb Code     0  startup.o(RESET)
    GPIOPortQ2_Handler                       0x00000283   Thumb Code     0  startup.o(RESET)
    GPIOPortQ3_Handler                       0x00000283   Thumb Code     0  startup.o(RESET)
    GPIOPortQ4_Handler                       0x00000283   Thumb Code     0  startup.o(RESET)
    GPIOPortQ5_Handler                       0x00000283   Thumb Code     0  startup.o(RESET)
    GPIOPortQ6_Handler                       0x00000283   Thumb Code     0  startup.o(RESET)
    GPIOPortQ7_Handler                       0x00000283   Thumb Code     0  startup.o(RESET)
    GPIOPortQ_Handler                        0x00000283   Thumb Code     0  startup.o(RESET)
    GPIOPortR_Handler                        0x00000283   Thumb Code     0  startup.o(RESET)
    GPIOPortS_Handler                        0x00000283   Thumb Code     0  startup.o(RESET)
    Hibernate_Handler                        0x00000283   Thumb Code     0  startup.o(RESET)
    I2C0_Handler                             0x00000283   Thumb Code     0  startup.o(RESET)
    I2C1_Handler                             0x00000283   Thumb Code     0  startup.o(RESET)
    I2C2_Handler                             0x00000283   Thumb Code     0  startup.o(RESET)
    I2C3_Handler                             0x00000283   Thumb Code     0  startup.o(RESET)
    I2C4_Handler                             0x00000283   Thumb Code     0  startup.o(RESET)
    I2C5_Handler                             0x00000283   Thumb Code     0  startup.o(RESET)
    I2S0_Handler                             0x00000283   Thumb Code     0  startup.o(RESET)
    LPC0_Handler                             0x00000283   Thumb Code     0  startup.o(RESET)
    PECI0_Handler                            0x00000283   Thumb Code     0  startup.o(RESET)
    PWM0Fault_Handler                        0x00000283   Thumb Code     0  startup.o(RESET)
    PWM0Generator0_Handler                   0x00000283   Thumb Code     0  startup.o(RESET)
    PWM0Generator1_Handler                   0x00000283   Thumb Code     0  startup.o(RESET)
    PWM0Generator2_Handler                   0x00000283   Thumb Code     0  startup.o(RESET)
    PWM0Generator3_Handler                   0x00000283   Thumb Code     0  startup.o(RESET)
    PWM1Fault_Handler                        0x00000283   Thumb Code     0  startup.o(RESET)
    PWM1Generator0_Handler                   0x00000283   Thumb Code     0  startup.o(RESET)
    PWM1Generator1_Handler                   0x00000283   Thumb Code     0  startup.o(RESET)
    PWM1Generator2_Handler                   0x00000283   Thumb Code     0  startup.o(RESET)
    PWM1Generator3_Handler                   0x00000283   Thumb Code     0  startup.o(RESET)
    Quadrature0_Handler                      0x00000283   Thumb Code     0  startup.o(RESET)
    Quadrature1_Handler                      0x00000283   Thumb Code     0  startup.o(RESET)
    Quadrature2_Handler                      0x00000283   Thumb Code     0  startup.o(RESET)
    SSI0_Handler                             0x00000283   Thumb Code     0  startup.o(RESET)
    SSI1_Handler                             0x00000283   Thumb Code     0  startup.o(RESET)
    SSI2_Handler                             0x00000283   Thumb Code     0  startup.o(RESET)
    SSI3_Handler                             0x00000283   Thumb Code     0  startup.o(RESET)
    SysCtl_Handler                           0x00000283   Thumb Code     0  startup.o(RESET)
    Timer0A_Handler                          0x00000283   Thumb Code     0  startup.o(RESET)
    Timer0B_Handler                          0x00000283   Thumb Code     0  startup.o(RESET)
    Timer1A_Handler                          0x00000283   Thumb Code     0  startup.o(RESET)
    Timer1B_Handler                          0x00000283   Thumb Code     0  startup.o(RESET)
    Timer2B_Handler                          0x00000283   Thumb Code     0  startup.o(RESET)
    Timer3A_Handler                          0x00000283   Thumb Code     0  startup.o(RESET)
    Timer3B_Handler                          0x00000283   Thumb Code     0  startup.o(RESET)
    Timer4A_Handler                          0x00000283   Thumb Code     0  startup.o(RESET)
    Timer4B_Handler                          0x00000283   Thumb Code     0  startup.o(RESET)
    Timer5A_Handler                          0x00000283   Thumb Code     0  startup.o(RESET)
    Timer5B_Handler                          0x00000283   Thumb Code     0  startup.o(RESET)
    UART2_Handler                            0x00000283   Thumb Code     0  startup.o(RESET)
    UART3_Handler                            0x00000283   Thumb Code     0  startup.o(RESET)
    UART4_Handler                            0x00000283   Thumb Code     0  startup.o(RESET)
    UART5_Handler                            0x00000283   Thumb Code     0  startup.o(RESET)
    UART6_Handler                            0x00000283   Thumb Code     0  startup.o(RESET)
    UART7_Handler                            0x00000283   Thumb Code     0  startup.o(RESET)
    USB0_Handler                             0x00000283   Thumb Code     0  startup.o(RESET)
    WDT_Handler                              0x00000283   Thumb Code     0  startup.o(RESET)
    WideTimer0A_Handler                      0x00000283   Thumb Code     0  startup.o(RESET)
    WideTimer0B_Handler                      0x00000283   Thumb Code     0  startup.o(RESET)
    WideTimer1A_Handler                      0x00000283   Thumb Code     0  startup.o(RESET)
    WideTimer1B_Handler                      0x00000283   Thumb Code     0  startup.o(RESET)
    WideTimer2A_Handler                      0x00000283   Thumb Code     0  startup.o(RESET)
    WideTimer2B_Handler                      0x00000283   Thumb Code     0  startup.o(RESET)
    WideTimer3A_Handler                      0x00000283   Thumb Code     0  startup.o(RESET)
    WideTimer3B_Handler                      0x00000283   Thumb Code     0  startup.o(RESET)
    WideTimer4A_Handler                      0x00000283   Thumb Code     0  startup.o(RESET)
    WideTimer4B_Handler                      0x00000283   Thumb Code     0  startup.o(RESET)
    WideTimer5A_Handler                      0x00000283   Thumb Code     0  startup.o(RESET)
    WideTimer5B_Handler                      0x00000283   Thumb Code     0  startup.o(RESET)
    uDMA_Error                               0x00000283   Thumb Code     0  startup.o(RESET)
    uDMA_Handler                             0x00000283   Thumb Code     0  startup.o(RESET)
    __main                                   0x00000285   Thumb Code     0  entry.o(.ARM.Collect$$$$00000000)
    _main_stk                                0x00000285   Thumb Code     0  entry2.o(.ARM.Collect$$$$00000001)
    _main_scatterload                        0x00000289   Thumb Code     0  entry5.o(.ARM.Collect$$$$00000004)
    __main_after_scatterload                 0x0000028d   Thumb Code     0  entry5.o(.ARM.Collect$$$$00000004)
    _main_clock                              0x0000028d   Thumb Code     0  entry7b.o(.ARM.Collect$$$$00000008)
    _main_cpp_init                           0x0000028d   Thumb Code     0  entry8b.o(.ARM.Collect$$$$0000000A)
    _main_init                               0x0000028d   Thumb Code     0  entry9a.o(.ARM.Collect$$$$0000000B)
    __rt_final_cpp                           0x00000295   Thumb Code     0  entry10a.o(.ARM.Collect$$$$0000000D)
    __rt_final_exit                          0x00000295   Thumb Code     0  entry11a.o(.ARM.Collect$$$$0000000F)
    DisableInterrupts                        0x00000299   Thumb Code     0  startup.o(.text)
    EnableInterrupts                         0x0000029d   Thumb Code     0  startup.o(.text)
    StartCritical                            0x000002a1   Thumb Code     0  startup.o(.text)
    EndCritical                              0x000002a9   Thumb Code     0  startup.o(.text)
    WaitForInterrupt                         0x000002af   Thumb Code     0  startup.o(.text)
    strlen                                   0x000002b5   Thumb Code    14  strlen.o(.text)
    strcpy                                   0x000002c3   Thumb Code    18  strcpy.o(.text)
    __aeabi_uidiv                            0x000002d5   Thumb Code     0  uidiv.o(.text)
    __aeabi_uidivmod                         0x000002d5   Thumb Code    44  uidiv.o(.text)
    __scatterload                            0x00000301   Thumb Code    28  init.o(.text)
    __scatterload_rt2                        0x00000301   Thumb Code     0  init.o(.text)
    __decompress                             0x00000325   Thumb Code     0  __dclz77c.o(.text)
    __decompress2                            0x00000325   Thumb Code    96  __dclz77c.o(.text)
    ADC0_InSeq3                              0x00000385   Thumb Code    36  adcswtrigger.o(i.ADC0_InSeq3)
    ADC0_InitSWTriggerSeq3_Ch9               0x000003b1   Thumb Code   222  adcswtrigger.o(i.ADC0_InitSWTriggerSeq3_Ch9)
    ADCPinState                              0x000004ad   Thumb Code    24  adcswtrigger.o(i.ADCPinState)
    ADCRectState                             0x000004c5   Thumb Code    80  adcswtrigger.o(i.ADCRectState)
    CastBallotScreen                         0x00000515   Thumb Code    92  lcd.o(i.CastBallotScreen)
    Delay1ms                                 0x000005a5   Thumb Code    32  st7735.o(i.Delay1ms)
    DelayMs                                  0x000005c5   Thumb Code    32  esp8266.o(i.DelayMs)
    DelayMsSearching                         0x000005e5   Thumb Code    42  esp8266.o(i.DelayMsSearching)
    DelayWait10ms                            0x00000615   Thumb Code    32  switch.o(i.DelayWait10ms)
    DeselectChoice                           0x00000635   Thumb Code    94  lcd.o(i.DeselectChoice)
    DrawPinInput                             0x00000695   Thumb Code    48  lcd.o(i.DrawPinInput)
    DrawSelectedBox                          0x000006d1   Thumb Code    66  lcd.o(i.DrawSelectedBox)
    ESP8266FIFOtoBuffer                      0x00000719   Thumb Code   100  esp8266.o(i.ESP8266FIFOtoBuffer)
    ESP8266SendCommand                       0x00000795   Thumb Code    26  esp8266.o(i.ESP8266SendCommand)
    ESP8266_CloseTCPConnection               0x000007b1   Thumb Code    46  esp8266.o(i.ESP8266_CloseTCPConnection)
    ESP8266_EnableRXInterrupt                0x000007f9   Thumb Code     8  esp8266.o(i.ESP8266_EnableRXInterrupt)
    ESP8266_GetStatus                        0x00000805   Thumb Code    46  esp8266.o(i.ESP8266_GetStatus)
    ESP8266_GetVersionNumber                 0x0000084d   Thumb Code    46  esp8266.o(i.ESP8266_GetVersionNumber)
    ESP8266_Init                             0x00000891   Thumb Code   146  esp8266.o(i.ESP8266_Init)
    ESP8266_InitUART                         0x00000a1d   Thumb Code   230  esp8266.o(i.ESP8266_InitUART)
    ESP8266_JoinAccessPoint                  0x00000b2d   Thumb Code    62  esp8266.o(i.ESP8266_JoinAccessPoint)
    ESP8266_MakeTCPConnection                0x00000b91   Thumb Code    58  esp8266.o(i.ESP8266_MakeTCPConnection)
    ESP8266_PrintChar                        0x00000bf5   Thumb Code    18  esp8266.o(i.ESP8266_PrintChar)
    ESP8266_Reset                            0x00000c0d   Thumb Code    84  esp8266.o(i.ESP8266_Reset)
    ESP8266_SendTCP                          0x00000c81   Thumb Code   104  esp8266.o(i.ESP8266_SendTCP)
    ESP8266_SetDataTransmissionMode          0x00000d01   Thumb Code    58  esp8266.o(i.ESP8266_SetDataTransmissionMode)
    ESP8266_SetWifiMode                      0x00000d59   Thumb Code    68  esp8266.o(i.ESP8266_SetWifiMode)
    EnableScreenInit                         0x00000dc1   Thumb Code    92  lcd.o(i.EnableScreenInit)
    ErrorScreenInit                          0x00000e45   Thumb Code    86  lcd.o(i.ErrorScreenInit)
    PLL_Init                                 0x00000ed1   Thumb Code   118  pll.o(i.PLL_Init)
    PinFailScreen                            0x00000f4d   Thumb Code    94  lcd.o(i.PinFailScreen)
    PinScreenInit                            0x00000fd1   Thumb Code   368  lcd.o(i.PinScreenInit)
    PinVerifyScreen                          0x00001151   Thumb Code    94  lcd.o(i.PinVerifyScreen)
    PortE_Switch_Init                        0x000011dd   Thumb Code    88  switch.o(i.PortE_Switch_Init)
    RxFifo_Init                              0x00001241   Thumb Code    26  uart.o(i.RxFifo_Init)
    RxFifo_Put                               0x00001265   Thumb Code    48  uart.o(i.RxFifo_Put)
    RxFifo_Size                              0x000012a1   Thumb Code    14  uart.o(i.RxFifo_Size)
    ST7735_DrawChar                          0x000012b9   Thumb Code   256  st7735.o(i.ST7735_DrawChar)
    ST7735_DrawCharS                         0x000013c5   Thumb Code   232  st7735.o(i.ST7735_DrawCharS)
    ST7735_DrawFastHLine                     0x000014b9   Thumb Code   116  st7735.o(i.ST7735_DrawFastHLine)
    ST7735_DrawFastVLine                     0x00001535   Thumb Code   116  st7735.o(i.ST7735_DrawFastVLine)
    ST7735_DrawPixel                         0x000015b1   Thumb Code    64  st7735.o(i.ST7735_DrawPixel)
    ST7735_DrawSquare                        0x000015f9   Thumb Code    68  st7735.o(i.ST7735_DrawSquare)
    ST7735_DrawStringS                       0x0000163d   Thumb Code   158  st7735.o(i.ST7735_DrawStringS)
    ST7735_DrawStringUnfixed                 0x000016e1   Thumb Code    94  st7735.o(i.ST7735_DrawStringUnfixed)
    ST7735_FillRect                          0x00001745   Thumb Code   164  st7735.o(i.ST7735_FillRect)
    ST7735_FillScreen                        0x000017f1   Thumb Code    28  st7735.o(i.ST7735_FillScreen)
    ST7735_InitR                             0x00001815   Thumb Code    90  st7735.o(i.ST7735_InitR)
    ST7735_SetCursor                         0x00001891   Thumb Code    22  st7735.o(i.ST7735_SetCursor)
    SearchCheck                              0x000018b1   Thumb Code    68  esp8266.o(i.SearchCheck)
    SearchStart                              0x00001905   Thumb Code    30  esp8266.o(i.SearchStart)
    SelectChoice                             0x00001935   Thumb Code    86  lcd.o(i.SelectChoice)
    SelectionScreenInit                      0x0000198d   Thumb Code   412  lcd.o(i.SelectionScreenInit)
    ServerResponseSearchCheck                0x00001b7d   Thumb Code   180  esp8266.o(i.ServerResponseSearchCheck)
    ServerResponseSearchStart                0x00001c51   Thumb Code    34  esp8266.o(i.ServerResponseSearchStart)
    Switch_Input                             0x00001c91   Thumb Code   148  switch.o(i.Switch_Input)
    Timer2A_Handler                          0x00001d2d   Thumb Code    16  timer2.o(i.Timer2A_Handler)
    TxFifo_Get                               0x00001d45   Thumb Code    46  uart.o(i.TxFifo_Get)
    TxFifo_Init                              0x00001d81   Thumb Code    26  uart.o(i.TxFifo_Init)
    TxFifo_Put                               0x00001da5   Thumb Code    48  uart.o(i.TxFifo_Put)
    TxFifo_Size                              0x00001de1   Thumb Code    14  uart.o(i.TxFifo_Size)
    UART0_Handler                            0x00001df9   Thumb Code    82  uart.o(i.UART0_Handler)
    UART1_Handler                            0x00001e51   Thumb Code    44  esp8266.o(i.UART1_Handler)
    UART_Init                                0x00001e81   Thumb Code   174  uart.o(i.UART_Init)
    UART_OutChar                             0x00001f49   Thumb Code    46  uart.o(i.UART_OutChar)
    UART_OutCharNonBlock                     0x00001f7d   Thumb Code    46  uart.o(i.UART_OutCharNonBlock)
    UpdatePinSquare                          0x00001fb1   Thumb Code   348  lcd.o(i.UpdatePinSquare)
    __0printf$3                              0x00002111   Thumb Code    22  printf3.o(i.__0printf$3)
    __1printf$3                              0x00002111   Thumb Code     0  printf3.o(i.__0printf$3)
    __2printf                                0x00002111   Thumb Code     0  printf3.o(i.__0printf$3)
    __0sprintf$3                             0x00002131   Thumb Code    34  printf3.o(i.__0sprintf$3)
    __1sprintf$3                             0x00002131   Thumb Code     0  printf3.o(i.__0sprintf$3)
    __2sprintf                               0x00002131   Thumb Code     0  printf3.o(i.__0sprintf$3)
    __scatterload_copy                       0x00002159   Thumb Code    14  handlers.o(i.__scatterload_copy)
    __scatterload_null                       0x00002167   Thumb Code     2  handlers.o(i.__scatterload_null)
    __scatterload_zeroinit                   0x00002169   Thumb Code    14  handlers.o(i.__scatterload_zeroinit)
    castBallot                               0x0000233d   Thumb Code   102  main.o(i.castBallot)
    fputc                                    0x00002619   Thumb Code    16  uart.o(i.fputc)
    getServerPin                             0x00002629   Thumb Code    84  esp8266.o(i.getServerPin)
    isPinValid                               0x00002685   Thumb Code   116  main.o(i.isPinValid)
    lc                                       0x00002739   Thumb Code    14  esp8266.o(i.lc)
    main                                     0x00002749   Thumb Code   724  main.o(i.main)
    dBfs                                     0x0000312a   Data         512  st7735.o(.constdata)
    Region$$Table$$Base                      0x0000332c   Number         0  anon$$obj.o(Region$$Table)
    Region$$Table$$Limit                     0x0000334c   Number         0  anon$$obj.o(Region$$Table)
    POST_BALLOT                              0x20000000   Data         262  main.o(.data)
    GET_PIN                                  0x20000106   Data          87  main.o(.data)
    userChoices                              0x2000015d   Data           6  main.o(.data)
    inputPin                                 0x20000163   Data           5  main.o(.data)
    serverPin                                0x20000168   Data           5  main.o(.data)
    numberScreenChoices                      0x2000016d   Data           5  main.o(.data)
    screenStates                             0x20000172   Data           1  main.o(.data)
    currScreenState                          0x20000173   Data           1  main.o(.data)
    currPinState                             0x20000174   Data           1  main.o(.data)
    nextPinState                             0x20000175   Data           1  main.o(.data)
    pinPressed                               0x20000176   Data           1  main.o(.data)
    currRectState                            0x20000177   Data           1  main.o(.data)
    nextRectState                            0x20000178   Data           1  main.o(.data)
    PeriodicTask                             0x2000017c   Data           4  timer2.o(.data)
    StX                                      0x20000180   Data           4  st7735.o(.data)
    StY                                      0x20000184   Data           4  st7735.o(.data)
    StTextColor                              0x20000188   Data           2  st7735.o(.data)
    lastj                                    0x20000190   Data           4  st7735.o(.data)
    Messageindex                             0x20000198   Data           4  st7735.o(.data)
    Ymax                                     0x2000019c   Data           4  st7735.o(.data)
    Ymin                                     0x200001a0   Data           4  st7735.o(.data)
    X                                        0x200001a4   Data           4  st7735.o(.data)
    Yrange                                   0x200001a8   Data           4  st7735.o(.data)
    value                                    0x200001ac   Data           1  switch.o(.data)
    RXBufferIndex                            0x200001b0   Data           4  esp8266.o(.data)
    LastReturnIndex                          0x200001b4   Data           4  esp8266.o(.data)
    CurrentReturnIndex                       0x200001b8   Data           4  esp8266.o(.data)
    ServerResponseIndex                      0x200001bc   Data           4  esp8266.o(.data)
    ESP8266_ProcessBuffer                    0x200001c0   Data           1  esp8266.o(.data)
    ESP8266_EchoResponse                     0x200001c1   Data           1  esp8266.o(.data)
    ESP8266_ResponseComplete                 0x200001c2   Data           1  esp8266.o(.data)
    ESP8266_APEnabled                        0x200001c3   Data           1  esp8266.o(.data)
    ESP8266_ClientEnabled                    0x200001c4   Data           1  esp8266.o(.data)
    ESP8266_ServerEnabled                    0x200001c5   Data           1  esp8266.o(.data)
    ESP8266_InputProcessingEnabled           0x200001c6   Data           1  esp8266.o(.data)
    ESP8266_PageRequested                    0x200001c7   Data           1  esp8266.o(.data)
    SearchLooking                            0x200001c8   Data           1  esp8266.o(.data)
    SearchFound                              0x200001c9   Data           1  esp8266.o(.data)
    SearchIndex                              0x200001cc   Data           4  esp8266.o(.data)
    ServerResponseSearchString               0x200001d0   Data          16  esp8266.o(.data)
    ServerResponseSearchFinished             0x200001e0   Data           4  esp8266.o(.data)
    ServerResponseSearchIndex                0x200001e4   Data           4  esp8266.o(.data)
    ServerResponseSearchLooking              0x200001e8   Data           4  esp8266.o(.data)
    ESP8266_ServerPort                       0x200001ec   Data           2  esp8266.o(.data)
    ESP8266_ServerTimeout                    0x200001ee   Data           2  esp8266.o(.data)
    server_pin                               0x200001f0   Data           4  esp8266.o(.data)
    numScreenChoices                         0x200002a8   Data           5  lcd.o(.data)
    isSelectEnabled                          0x200002ad   Data           1  lcd.o(.data)
    pinInput                                 0x200002ae   Data           7  lcd.o(.data)
    RxPutI                                   0x200002b8   Data           4  uart.o(.data)
    RxGetI                                   0x200002bc   Data           4  uart.o(.data)
    TxPutI                                   0x200002c0   Data           4  uart.o(.data)
    TxGetI                                   0x200002c4   Data           4  uart.o(.data)
    __stdout                                 0x200002c8   Data           4  stdout.o(.data)
    RXBuffer                                 0x200002cc   Data        1024  esp8266.o(.bss)
    TXBuffer                                 0x200006cc   Data        1024  esp8266.o(.bss)
    ServerResponseBuffer                     0x20000acc   Data        1024  esp8266.o(.bss)
    SearchString                             0x20000ecc   Data          32  esp8266.o(.bss)
    __initial_sp                             0x20001af0   Data           0  startup.o(STACK)



==============================================================================

Memory Map of the image

  Image Entry point : 0x0000026d

  Load Region LR_1 (Base: 0x00000000, Size: 0x00003618, Max: 0xffffffff, ABSOLUTE, COMPRESSED[0x00003508])

    Execution Region ER_RO (Base: 0x00000000, Size: 0x0000334c, Max: 0xffffffff, ABSOLUTE)

    Base Addr    Size         Type   Attr      Idx    E Section Name        Object

    0x00000000   0x00000284   Code   RO            3  * RESET               startup.o
    0x00000284   0x00000000   Code   RO          977  * .ARM.Collect$$$$00000000  mc_w.l(entry.o)
    0x00000284   0x00000004   Code   RO         1251    .ARM.Collect$$$$00000001  mc_w.l(entry2.o)
    0x00000288   0x00000004   Code   RO         1254    .ARM.Collect$$$$00000004  mc_w.l(entry5.o)
    0x0000028c   0x00000000   Code   RO         1256    .ARM.Collect$$$$00000008  mc_w.l(entry7b.o)
    0x0000028c   0x00000000   Code   RO         1258    .ARM.Collect$$$$0000000A  mc_w.l(entry8b.o)
    0x0000028c   0x00000008   Code   RO         1259    .ARM.Collect$$$$0000000B  mc_w.l(entry9a.o)
    0x00000294   0x00000000   Code   RO         1261    .ARM.Collect$$$$0000000D  mc_w.l(entry10a.o)
    0x00000294   0x00000000   Code   RO         1263    .ARM.Collect$$$$0000000F  mc_w.l(entry11a.o)
    0x00000294   0x00000004   Code   RO         1252    .ARM.Collect$$$$00002712  mc_w.l(entry2.o)
    0x00000298   0x0000001c   Code   RO            4    .text               startup.o
    0x000002b4   0x0000000e   Code   RO          984    .text               mc_w.l(strlen.o)
    0x000002c2   0x00000012   Code   RO          986    .text               mc_w.l(strcpy.o)
    0x000002d4   0x0000002c   Code   RO         1266    .text               mc_w.l(uidiv.o)
    0x00000300   0x00000024   Code   RO         1281    .text               mc_w.l(init.o)
    0x00000324   0x00000060   Code   RO         1299    .text               mc_w.l(__dclz77c.o)
    0x00000384   0x0000002c   Code   RO          116    i.ADC0_InSeq3       adcswtrigger.o
    0x000003b0   0x000000fc   Code   RO          117    i.ADC0_InitSWTriggerSeq3_Ch9  adcswtrigger.o
    0x000004ac   0x00000018   Code   RO          118    i.ADCPinState       adcswtrigger.o
    0x000004c4   0x00000050   Code   RO          119    i.ADCRectState      adcswtrigger.o
    0x00000514   0x00000090   Code   RO          681    i.CastBallotScreen  lcd.o
    0x000005a4   0x00000020   Code   RO          146    i.Delay1ms          st7735.o
    0x000005c4   0x00000020   Code   RO          460    i.DelayMs           esp8266.o
    0x000005e4   0x00000030   Code   RO          461    i.DelayMsSearching  esp8266.o
    0x00000614   0x00000020   Code   RO          433    i.DelayWait10ms     switch.o
    0x00000634   0x0000005e   Code   RO          682    i.DeselectChoice    lcd.o
    0x00000692   0x00000002   PAD
    0x00000694   0x0000003c   Code   RO          683    i.DrawPinInput      lcd.o
    0x000006d0   0x00000048   Code   RO          684    i.DrawSelectedBox   lcd.o
    0x00000718   0x0000007c   Code   RO          462    i.ESP8266FIFOtoBuffer  esp8266.o
    0x00000794   0x0000001a   Code   RO          464    i.ESP8266SendCommand  esp8266.o
    0x000007ae   0x00000002   PAD
    0x000007b0   0x00000048   Code   RO          465    i.ESP8266_CloseTCPConnection  esp8266.o
    0x000007f8   0x0000000c   Code   RO          469    i.ESP8266_EnableRXInterrupt  esp8266.o
    0x00000804   0x00000048   Code   RO          472    i.ESP8266_GetStatus  esp8266.o
    0x0000084c   0x00000044   Code   RO          473    i.ESP8266_GetVersionNumber  esp8266.o
    0x00000890   0x0000018c   Code   RO          474    i.ESP8266_Init      esp8266.o
    0x00000a1c   0x00000110   Code   RO          475    i.ESP8266_InitUART  esp8266.o
    0x00000b2c   0x00000064   Code   RO          476    i.ESP8266_JoinAccessPoint  esp8266.o
    0x00000b90   0x00000064   Code   RO          478    i.ESP8266_MakeTCPConnection  esp8266.o
    0x00000bf4   0x00000018   Code   RO          479    i.ESP8266_PrintChar  esp8266.o
    0x00000c0c   0x00000074   Code   RO          481    i.ESP8266_Reset     esp8266.o
    0x00000c80   0x00000080   Code   RO          482    i.ESP8266_SendTCP   esp8266.o
    0x00000d00   0x00000058   Code   RO          484    i.ESP8266_SetDataTransmissionMode  esp8266.o
    0x00000d58   0x00000068   Code   RO          486    i.ESP8266_SetWifiMode  esp8266.o
    0x00000dc0   0x00000084   Code   RO          685    i.EnableScreenInit  lcd.o
    0x00000e44   0x0000008c   Code   RO          686    i.ErrorScreenInit   lcd.o
    0x00000ed0   0x0000007c   Code   RO           12    i.PLL_Init          pll.o
    0x00000f4c   0x00000084   Code   RO          687    i.PinFailScreen     lcd.o
    0x00000fd0   0x00000180   Code   RO          688    i.PinScreenInit     lcd.o
    0x00001150   0x0000008c   Code   RO          689    i.PinVerifyScreen   lcd.o
    0x000011dc   0x00000064   Code   RO          434    i.PortE_Switch_Init  switch.o
    0x00001240   0x00000024   Code   RO          824    i.RxFifo_Init       uart.o
    0x00001264   0x0000003c   Code   RO          825    i.RxFifo_Put        uart.o
    0x000012a0   0x00000018   Code   RO          826    i.RxFifo_Size       uart.o
    0x000012b8   0x0000010c   Code   RO          153    i.ST7735_DrawChar   st7735.o
    0x000013c4   0x000000f4   Code   RO          154    i.ST7735_DrawCharS  st7735.o
    0x000014b8   0x0000007c   Code   RO          155    i.ST7735_DrawFastHLine  st7735.o
    0x00001534   0x0000007c   Code   RO          156    i.ST7735_DrawFastVLine  st7735.o
    0x000015b0   0x00000048   Code   RO          157    i.ST7735_DrawPixel  st7735.o
    0x000015f8   0x00000044   Code   RO          158    i.ST7735_DrawSquare  st7735.o
    0x0000163c   0x000000a4   Code   RO          160    i.ST7735_DrawStringS  st7735.o
    0x000016e0   0x00000064   Code   RO          161    i.ST7735_DrawStringUnfixed  st7735.o
    0x00001744   0x000000ac   Code   RO          162    i.ST7735_FillRect   st7735.o
    0x000017f0   0x00000024   Code   RO          163    i.ST7735_FillScreen  st7735.o
    0x00001814   0x0000007c   Code   RO          165    i.ST7735_InitR      st7735.o
    0x00001890   0x00000020   Code   RO          179    i.ST7735_SetCursor  st7735.o
    0x000018b0   0x00000054   Code   RO          488    i.SearchCheck       esp8266.o
    0x00001904   0x00000030   Code   RO          489    i.SearchStart       esp8266.o
    0x00001934   0x00000056   Code   RO          690    i.SelectChoice      lcd.o
    0x0000198a   0x00000002   PAD
    0x0000198c   0x000001f0   Code   RO          691    i.SelectionScreenInit  lcd.o
    0x00001b7c   0x000000d4   Code   RO          490    i.ServerResponseSearchCheck  esp8266.o
    0x00001c50   0x00000040   Code   RO          491    i.ServerResponseSearchStart  esp8266.o
    0x00001c90   0x0000009c   Code   RO          435    i.Switch_Input      switch.o
    0x00001d2c   0x00000018   Code   RO           95    i.Timer2A_Handler   timer2.o
    0x00001d44   0x0000003c   Code   RO          827    i.TxFifo_Get        uart.o
    0x00001d80   0x00000024   Code   RO          828    i.TxFifo_Init       uart.o
    0x00001da4   0x0000003c   Code   RO          829    i.TxFifo_Put        uart.o
    0x00001de0   0x00000018   Code   RO          830    i.TxFifo_Size       uart.o
    0x00001df8   0x00000058   Code   RO          831    i.UART0_Handler     uart.o
    0x00001e50   0x00000030   Code   RO          492    i.UART1_Handler     esp8266.o
    0x00001e80   0x000000c8   Code   RO          837    i.UART_Init         uart.o
    0x00001f48   0x00000034   Code   RO          838    i.UART_OutChar      uart.o
    0x00001f7c   0x00000034   Code   RO          839    i.UART_OutCharNonBlock  uart.o
    0x00001fb0   0x00000160   Code   RO          692    i.UpdatePinSquare   lcd.o
    0x00002110   0x00000020   Code   RO         1079    i.__0printf$3       mc_w.l(printf3.o)
    0x00002130   0x00000028   Code   RO         1081    i.__0sprintf$3      mc_w.l(printf3.o)
    0x00002158   0x0000000e   Code   RO         1293    i.__scatterload_copy  mc_w.l(handlers.o)
    0x00002166   0x00000002   Code   RO         1294    i.__scatterload_null  mc_w.l(handlers.o)
    0x00002168   0x0000000e   Code   RO         1295    i.__scatterload_zeroinit  mc_w.l(handlers.o)
    0x00002176   0x00000002   PAD
    0x00002178   0x000001b8   Code   RO         1086    i._printf_core      mc_w.l(printf3.o)
    0x00002330   0x0000000a   Code   RO         1088    i._sputc            mc_w.l(printf3.o)
    0x0000233a   0x00000002   PAD
    0x0000233c   0x000000a8   Code   RO           35    i.castBallot        main.o
    0x000023e4   0x00000056   Code   RO          184    i.commandList       st7735.o
    0x0000243a   0x00000002   PAD
    0x0000243c   0x00000184   Code   RO          185    i.commonInit        st7735.o
    0x000025c0   0x0000002c   Code   RO          843    i.copyHardwareToSoftware  uart.o
    0x000025ec   0x0000002c   Code   RO          844    i.copySoftwareToHardware  uart.o
    0x00002618   0x00000010   Code   RO          845    i.fputc             uart.o
    0x00002628   0x0000005c   Code   RO          493    i.getServerPin      esp8266.o
    0x00002684   0x000000b4   Code   RO           36    i.isPinValid        main.o
    0x00002738   0x0000000e   Code   RO          494    i.lc                esp8266.o
    0x00002746   0x00000002   PAD
    0x00002748   0x00000328   Code   RO           37    i.main              main.o
    0x00002a70   0x00000012   Code   RO          189    i.pushColor         st7735.o
    0x00002a82   0x00000002   PAD
    0x00002a84   0x00000074   Code   RO          190    i.setAddrWindow     st7735.o
    0x00002af8   0x00000030   Code   RO          191    i.writecommand      st7735.o
    0x00002b28   0x00000020   Code   RO          192    i.writedata         st7735.o
    0x00002b48   0x000007e2   Data   RO          194    .constdata          st7735.o
    0x0000332a   0x00000002   PAD
    0x0000332c   0x00000020   Data   RO         1291    Region$$Table       anon$$obj.o


    Execution Region ER_RW (Base: 0x20000000, Size: 0x000002cc, Max: 0xffffffff, ABSOLUTE, COMPRESSED[0x000001bc])

    Base Addr    Size         Type   Attr      Idx    E Section Name        Object

    0x20000000   0x00000179   Data   RW           38    .data               main.o
    0x20000179   0x00000003   PAD
    0x2000017c   0x00000004   Data   RW           97    .data               timer2.o
    0x20000180   0x0000002c   Data   RW          195    .data               st7735.o
    0x200001ac   0x00000001   Data   RW          436    .data               switch.o
    0x200001ad   0x00000003   PAD
    0x200001b0   0x00000044   Data   RW          497    .data               esp8266.o
    0x200001f4   0x000000c1   Data   RW          693    .data               lcd.o
    0x200002b5   0x00000003   PAD
    0x200002b8   0x00000010   Data   RW          847    .data               uart.o
    0x200002c8   0x00000004   Data   RW         1265    .data               mc_w.l(stdout.o)


    Execution Region ER_ZI (Base: 0x200002cc, Size: 0x00001824, Max: 0xffffffff, ABSOLUTE)

    Base Addr    Size         Type   Attr      Idx    E Section Name        Object

    0x200002cc   0x00000c20   Zero   RW          495    .bss                esp8266.o
    0x20000eec   0x00000800   Zero   RW          846    .bss                uart.o
    0x200016ec   0x00000004   PAD
    0x200016f0   0x00000400   Zero   RW            1    STACK               startup.o


==============================================================================

Image component sizes


      Code (inc. data)   RO Data    RW Data    ZI Data      Debug   Object Name

       400         38          0          0          0       2256   adcswtrigger.o
      2344        716          0         68       3104      14593   esp8266.o
      2232        362          0        193          0       6819   lcd.o
      1156        214          0        377          0       5016   main.o
       124          6          0          0          0       4647   pll.o
      2248        194       2018         44          0      14946   st7735.o
       672        622          0          0       1024        932   startup.o
       288         20          0          1          0       2063   switch.o
        24          8          0          4          0        897   timer2.o
       796        132          0         16       2048       7355   uart.o

    ----------------------------------------------------------------------
     10296       2312       2052        712       6180      59524   Object Totals
         0          0         32          0          0          0   (incl. Generated)
        12          0          2          9          4          0   (incl. Padding)

    ----------------------------------------------------------------------

      Code (inc. data)   RO Data    RW Data    ZI Data      Debug   Library Member Name

        96          0          0          0          0          0   __dclz77c.o
         0          0          0          0          0          0   entry.o
         0          0          0          0          0          0   entry10a.o
         0          0          0          0          0          0   entry11a.o
         8          4          0          0          0          0   entry2.o
         4          0          0          0          0          0   entry5.o
         0          0          0          0          0          0   entry7b.o
         0          0          0          0          0          0   entry8b.o
         8          4          0          0          0          0   entry9a.o
        30          0          0          0          0          0   handlers.o
        36          8          0          0          0         68   init.o
       522         20          0          0          0        332   printf3.o
         0          0          0          4          0          0   stdout.o
        18          0          0          0          0         68   strcpy.o
        14          0          0          0          0         68   strlen.o
        44          0          0          0          0         80   uidiv.o

    ----------------------------------------------------------------------
       784         36          0          4          0        616   Library Totals
         4          0          0          0          0          0   (incl. Padding)

    ----------------------------------------------------------------------

      Code (inc. data)   RO Data    RW Data    ZI Data      Debug   Library Name

       780         36          0          4          0        616   mc_w.l

    ----------------------------------------------------------------------
       784         36          0          4          0        616   Library Totals

    ----------------------------------------------------------------------

==============================================================================


      Code (inc. data)   RO Data    RW Data    ZI Data      Debug   

     11080       2348       2052        716       6180      55824   Grand Totals
     11080       2348       2052        444       6180      55824   ELF Image Totals (compressed)
     11080       2348       2052        444          0          0   ROM Totals

==============================================================================

    Total RO  Size (Code + RO Data)                13132 (  12.82kB)
    Total RW  Size (RW Data + ZI Data)              6896 (   6.73kB)
    Total ROM Size (Code + RO Data + RW Data)      13576 (  13.26kB)

==============================================================================

